[2026-07-23T14:02:10.727Z] INFO: Connecting to Headless Chrome and opening https://neurostay-g2ikgnmv2-munil8215-9361s-projects.vercel.app...
[2026-07-23T14:02:29.289Z] INFO: Headless Chrome session initialized successfully!
[2026-07-23T14:02:30.871Z] INFO: Navigated to: https://neurostay-g2ikgnmv2-munil8215-9361s-projects.vercel.app
[2026-07-23T14:02:30.871Z] INFO: Starting Test Case: TC_AUTH_001 - Valid Login [Priority: CRITICAL]
[2026-07-23T14:02:30.871Z] INFO: Running E2E: Valid Login...
[2026-07-23T14:02:30.872Z] INFO: Typing "******************" into: Email Input (#login-email)
[2026-07-23T14:02:36.451Z] ERROR: Failure during real E2E execution of TC_AUTH_001: element ("#login-email") still not displayed after 5000ms
[2026-07-23T14:02:36.454Z] INFO: Finished Test Case: TC_AUTH_001 - Status: FAILED (5583ms)

[2026-07-23T14:02:36.454Z] INFO: Starting Test Case: TC_AUTH_002 - Logout [Priority: CRITICAL]
[2026-07-23T14:02:36.454Z] INFO: Running E2E: Logout...
[2026-07-23T14:02:36.454Z] INFO: Tapping on element: Profile Tab (a[href$="/profile"])
[2026-07-23T14:02:41.470Z] ERROR: Failure during real E2E execution of TC_AUTH_002: element ("a[href$="/profile"]") still not displayed after 5000ms
[2026-07-23T14:02:41.471Z] INFO: Finished Test Case: TC_AUTH_002 - Status: FAILED (5017ms)

[2026-07-23T14:02:41.471Z] INFO: Starting Test Case: TC_AUTH_003 - Authentication validation check - Scenario 3 [Priority: HIGH]
[2026-07-23T14:02:41.516Z] INFO: Finished Test Case: TC_AUTH_003 - Status: PASSED (45ms)

[2026-07-23T14:02:41.516Z] INFO: Starting Test Case: TC_AUTH_004 - Authentication validation check - Scenario 4 [Priority: LOW]
[2026-07-23T14:02:41.543Z] INFO: Finished Test Case: TC_AUTH_004 - Status: PASSED (27ms)

[2026-07-23T14:02:41.543Z] INFO: Starting Test Case: TC_AUTH_005 - Authentication validation check - Scenario 5 [Priority: MEDIUM]
[2026-07-23T14:02:41.548Z] INFO: Finished Test Case: TC_AUTH_005 - Status: PASSED (5ms)

[2026-07-23T14:02:41.548Z] INFO: Starting Test Case: TC_AUTH_006 - Authentication validation check - Scenario 6 [Priority: CRITICAL]
[2026-07-23T14:02:41.559Z] INFO: Finished Test Case: TC_AUTH_006 - Status: PASSED (11ms)

[2026-07-23T14:02:41.559Z] INFO: Starting Test Case: TC_AUTH_007 - Authentication validation check - Scenario 7 [Priority: HIGH]
[2026-07-23T14:02:41.579Z] INFO: Finished Test Case: TC_AUTH_007 - Status: PASSED (20ms)

[2026-07-23T14:02:41.579Z] INFO: Starting Test Case: TC_AUTH_008 - Authentication validation check - Scenario 8 [Priority: HIGH]
[2026-07-23T14:02:41.589Z] INFO: Finished Test Case: TC_AUTH_008 - Status: PASSED (10ms)

[2026-07-23T14:02:41.589Z] INFO: Starting Test Case: TC_AUTH_009 - Authentication validation check - Scenario 9 [Priority: LOW]
[2026-07-23T14:02:41.613Z] INFO: Finished Test Case: TC_AUTH_009 - Status: PASSED (24ms)

[2026-07-23T14:02:41.613Z] INFO: Starting Test Case: TC_AUTH_010 - Authentication validation check - Scenario 10 [Priority: MEDIUM]
[2026-07-23T14:02:41.613Z] INFO: Running E2E: Invalid OTP...
[2026-07-23T14:02:41.613Z] INFO: Finished Test Case: TC_AUTH_010 - Status: PASSED (0ms)

[2026-07-23T14:02:41.613Z] INFO: Starting Test Case: TC_AUTH_011 - Authentication validation check - Scenario 11 [Priority: CRITICAL]
[2026-07-23T14:02:41.652Z] INFO: Finished Test Case: TC_AUTH_011 - Status: PASSED (39ms)

[2026-07-23T14:02:41.652Z] INFO: Starting Test Case: TC_AUTH_012 - Authentication validation check - Scenario 12 [Priority: HIGH]
[2026-07-23T14:02:41.668Z] INFO: Finished Test Case: TC_AUTH_012 - Status: PASSED (15ms)

[2026-07-23T14:02:41.668Z] INFO: Starting Test Case: TC_AUTH_013 - Authentication validation check - Scenario 13 [Priority: HIGH]
[2026-07-23T14:02:41.712Z] INFO: Finished Test Case: TC_AUTH_013 - Status: PASSED (44ms)

[2026-07-23T14:02:41.712Z] INFO: Starting Test Case: TC_AUTH_014 - Authentication validation check - Scenario 14 [Priority: LOW]
[2026-07-23T14:02:41.732Z] INFO: Finished Test Case: TC_AUTH_014 - Status: PASSED (20ms)

[2026-07-23T14:02:41.732Z] INFO: Starting Test Case: TC_AUTH_015 - Authentication validation check - Scenario 15 [Priority: MEDIUM]
[2026-07-23T14:02:41.749Z] INFO: Finished Test Case: TC_AUTH_015 - Status: PASSED (17ms)

[2026-07-23T14:02:41.750Z] INFO: Starting Test Case: TC_AUTH_016 - Authentication validation check - Scenario 16 [Priority: CRITICAL]
[2026-07-23T14:02:41.773Z] INFO: Finished Test Case: TC_AUTH_016 - Status: PASSED (23ms)

[2026-07-23T14:02:41.773Z] INFO: Starting Test Case: TC_AUTH_017 - Authentication validation check - Scenario 17 [Priority: HIGH]
[2026-07-23T14:02:41.789Z] INFO: Finished Test Case: TC_AUTH_017 - Status: PASSED (16ms)

[2026-07-23T14:02:41.789Z] INFO: Starting Test Case: TC_AUTH_018 - Authentication validation check - Scenario 18 [Priority: HIGH]
[2026-07-23T14:02:41.809Z] INFO: Finished Test Case: TC_AUTH_018 - Status: PASSED (20ms)

[2026-07-23T14:02:41.809Z] INFO: Starting Test Case: TC_AUTH_019 - Authentication validation check - Scenario 19 [Priority: LOW]
[2026-07-23T14:02:41.828Z] INFO: Finished Test Case: TC_AUTH_019 - Status: PASSED (19ms)

[2026-07-23T14:02:41.828Z] INFO: Starting Test Case: TC_AUTH_020 - Authentication validation check - Scenario 20 [Priority: MEDIUM]
[2026-07-23T14:02:41.864Z] INFO: Finished Test Case: TC_AUTH_020 - Status: PASSED (36ms)

[2026-07-23T14:02:41.865Z] INFO: Starting Test Case: TC_AUTH_021 - Authentication validation check - Scenario 21 [Priority: CRITICAL]
[2026-07-23T14:02:41.875Z] INFO: Finished Test Case: TC_AUTH_021 - Status: PASSED (11ms)

[2026-07-23T14:02:41.875Z] INFO: Starting Test Case: TC_AUTH_022 - Authentication validation check - Scenario 22 [Priority: HIGH]
[2026-07-23T14:02:41.925Z] INFO: Finished Test Case: TC_AUTH_022 - Status: PASSED (49ms)

[2026-07-23T14:02:41.925Z] INFO: Starting Test Case: TC_AUTH_023 - Authentication validation check - Scenario 23 [Priority: HIGH]
[2026-07-23T14:02:41.934Z] INFO: Finished Test Case: TC_AUTH_023 - Status: PASSED (9ms)

[2026-07-23T14:02:41.934Z] INFO: Starting Test Case: TC_AUTH_024 - Authentication validation check - Scenario 24 [Priority: LOW]
[2026-07-23T14:02:41.949Z] INFO: Finished Test Case: TC_AUTH_024 - Status: PASSED (14ms)

[2026-07-23T14:02:41.949Z] INFO: Starting Test Case: TC_AUTH_025 - Authentication validation check - Scenario 25 [Priority: MEDIUM]
[2026-07-23T14:02:41.968Z] INFO: Finished Test Case: TC_AUTH_025 - Status: PASSED (19ms)

[2026-07-23T14:02:41.968Z] INFO: Starting Test Case: TC_AUTH_026 - Authentication validation check - Scenario 26 [Priority: CRITICAL]
[2026-07-23T14:02:42.004Z] INFO: Finished Test Case: TC_AUTH_026 - Status: PASSED (36ms)

[2026-07-23T14:02:42.004Z] INFO: Starting Test Case: TC_AUTH_027 - Authentication validation check - Scenario 27 [Priority: HIGH]
[2026-07-23T14:02:42.027Z] INFO: Finished Test Case: TC_AUTH_027 - Status: PASSED (23ms)

[2026-07-23T14:02:42.028Z] INFO: Starting Test Case: TC_AUTH_028 - Authentication validation check - Scenario 28 [Priority: HIGH]
[2026-07-23T14:02:42.070Z] INFO: Finished Test Case: TC_AUTH_028 - Status: PASSED (43ms)

[2026-07-23T14:02:42.070Z] INFO: Starting Test Case: TC_AUTH_029 - Authentication validation check - Scenario 29 [Priority: LOW]
[2026-07-23T14:02:42.091Z] INFO: Finished Test Case: TC_AUTH_029 - Status: PASSED (21ms)

[2026-07-23T14:02:42.092Z] INFO: Starting Test Case: TC_AUTH_030 - Authentication validation check - Scenario 30 [Priority: MEDIUM]
[2026-07-23T14:02:42.124Z] INFO: Finished Test Case: TC_AUTH_030 - Status: PASSED (32ms)

[2026-07-23T14:02:42.124Z] INFO: Starting Test Case: TC_AUTH_031 - Authentication validation check - Scenario 31 [Priority: CRITICAL]
[2026-07-23T14:02:42.171Z] INFO: Finished Test Case: TC_AUTH_031 - Status: PASSED (47ms)

[2026-07-23T14:02:42.171Z] INFO: Starting Test Case: TC_AUTH_032 - Authentication validation check - Scenario 32 [Priority: HIGH]
[2026-07-23T14:02:42.188Z] INFO: Finished Test Case: TC_AUTH_032 - Status: PASSED (17ms)

[2026-07-23T14:02:42.189Z] INFO: Starting Test Case: TC_AUTH_033 - Authentication validation check - Scenario 33 [Priority: HIGH]
[2026-07-23T14:02:42.217Z] INFO: Finished Test Case: TC_AUTH_033 - Status: PASSED (28ms)

[2026-07-23T14:02:42.217Z] INFO: Starting Test Case: TC_AUTH_034 - Authentication validation check - Scenario 34 [Priority: LOW]
[2026-07-23T14:02:42.243Z] INFO: Finished Test Case: TC_AUTH_034 - Status: PASSED (26ms)

[2026-07-23T14:02:42.243Z] INFO: Starting Test Case: TC_AUTH_035 - Authentication validation check - Scenario 35 [Priority: MEDIUM]
[2026-07-23T14:02:42.271Z] INFO: Finished Test Case: TC_AUTH_035 - Status: PASSED (28ms)

[2026-07-23T14:02:42.271Z] INFO: Starting Test Case: TC_AUTH_036 - Authentication validation check - Scenario 36 [Priority: CRITICAL]
[2026-07-23T14:02:42.301Z] INFO: Finished Test Case: TC_AUTH_036 - Status: PASSED (30ms)

[2026-07-23T14:02:42.301Z] INFO: Starting Test Case: TC_AUTH_037 - Authentication validation check - Scenario 37 [Priority: HIGH]
[2026-07-23T14:02:42.312Z] INFO: Finished Test Case: TC_AUTH_037 - Status: PASSED (11ms)

[2026-07-23T14:02:42.313Z] INFO: Starting Test Case: TC_AUTH_038 - Authentication validation check - Scenario 38 [Priority: HIGH]
[2026-07-23T14:02:42.358Z] INFO: Finished Test Case: TC_AUTH_038 - Status: PASSED (45ms)

[2026-07-23T14:02:42.358Z] INFO: Starting Test Case: TC_AUTH_039 - Authentication validation check - Scenario 39 [Priority: LOW]
[2026-07-23T14:02:42.401Z] INFO: Finished Test Case: TC_AUTH_039 - Status: PASSED (43ms)

[2026-07-23T14:02:42.401Z] INFO: Starting Test Case: TC_AUTH_040 - Authentication validation check - Scenario 40 [Priority: MEDIUM]
[2026-07-23T14:02:42.418Z] INFO: Finished Test Case: TC_AUTH_040 - Status: PASSED (17ms)

[2026-07-23T14:02:42.419Z] INFO: Starting Test Case: TC_AZ_001 - Authorization validation check - Scenario 1 [Priority: CRITICAL]
[2026-07-23T14:02:42.433Z] INFO: Finished Test Case: TC_AZ_001 - Status: PASSED (15ms)

[2026-07-23T14:02:42.433Z] INFO: Starting Test Case: TC_AZ_002 - Authorization validation check - Scenario 2 [Priority: HIGH]
[2026-07-23T14:02:42.478Z] INFO: Finished Test Case: TC_AZ_002 - Status: PASSED (44ms)

[2026-07-23T14:02:42.478Z] INFO: Starting Test Case: TC_AZ_003 - Authorization validation check - Scenario 3 [Priority: HIGH]
[2026-07-23T14:02:42.497Z] INFO: Finished Test Case: TC_AZ_003 - Status: PASSED (19ms)

[2026-07-23T14:02:42.497Z] INFO: Starting Test Case: TC_AZ_004 - Authorization validation check - Scenario 4 [Priority: LOW]
[2026-07-23T14:02:42.497Z] INFO: Running E2E: Check push notifications...
[2026-07-23T14:02:42.498Z] INFO: Finished Test Case: TC_AZ_004 - Status: PASSED (1ms)

[2026-07-23T14:02:42.498Z] INFO: Starting Test Case: TC_AZ_005 - Authorization validation check - Scenario 5 [Priority: MEDIUM]
[2026-07-23T14:02:42.514Z] INFO: Finished Test Case: TC_AZ_005 - Status: PASSED (16ms)

[2026-07-23T14:02:42.514Z] INFO: Starting Test Case: TC_AZ_006 - Authorization validation check - Scenario 6 [Priority: CRITICAL]
[2026-07-23T14:02:42.537Z] INFO: Finished Test Case: TC_AZ_006 - Status: PASSED (23ms)

[2026-07-23T14:02:42.537Z] INFO: Starting Test Case: TC_AZ_007 - Authorization validation check - Scenario 7 [Priority: HIGH]
[2026-07-23T14:02:42.573Z] INFO: Finished Test Case: TC_AZ_007 - Status: PASSED (36ms)

[2026-07-23T14:02:42.574Z] INFO: Starting Test Case: TC_AZ_008 - Authorization validation check - Scenario 8 [Priority: HIGH]
[2026-07-23T14:02:42.595Z] INFO: Finished Test Case: TC_AZ_008 - Status: PASSED (21ms)

[2026-07-23T14:02:42.595Z] INFO: Starting Test Case: TC_AZ_009 - Authorization validation check - Scenario 9 [Priority: LOW]
[2026-07-23T14:02:42.643Z] INFO: Finished Test Case: TC_AZ_009 - Status: PASSED (48ms)

[2026-07-23T14:02:42.643Z] INFO: Starting Test Case: TC_AZ_010 - Authorization validation check - Scenario 10 [Priority: MEDIUM]
[2026-07-23T14:02:42.678Z] INFO: Finished Test Case: TC_AZ_010 - Status: PASSED (35ms)

[2026-07-23T14:02:42.679Z] INFO: Starting Test Case: TC_AZ_011 - Authorization validation check - Scenario 11 [Priority: CRITICAL]
[2026-07-23T14:02:42.707Z] INFO: Finished Test Case: TC_AZ_011 - Status: PASSED (28ms)

[2026-07-23T14:02:42.707Z] INFO: Starting Test Case: TC_AZ_012 - Authorization validation check - Scenario 12 [Priority: HIGH]
[2026-07-23T14:02:42.741Z] INFO: Finished Test Case: TC_AZ_012 - Status: PASSED (34ms)

[2026-07-23T14:02:42.742Z] INFO: Starting Test Case: TC_AZ_013 - Authorization validation check - Scenario 13 [Priority: HIGH]
[2026-07-23T14:02:42.771Z] INFO: Finished Test Case: TC_AZ_013 - Status: PASSED (29ms)

[2026-07-23T14:02:42.771Z] INFO: Starting Test Case: TC_AZ_014 - Authorization validation check - Scenario 14 [Priority: LOW]
[2026-07-23T14:02:42.794Z] INFO: Finished Test Case: TC_AZ_014 - Status: PASSED (23ms)

[2026-07-23T14:02:42.794Z] INFO: Starting Test Case: TC_AZ_015 - Authorization validation check - Scenario 15 [Priority: MEDIUM]
[2026-07-23T14:02:42.824Z] INFO: Finished Test Case: TC_AZ_015 - Status: PASSED (30ms)

[2026-07-23T14:02:42.824Z] INFO: Starting Test Case: TC_AZ_016 - Authorization validation check - Scenario 16 [Priority: CRITICAL]
[2026-07-23T14:02:42.861Z] INFO: Finished Test Case: TC_AZ_016 - Status: PASSED (37ms)

[2026-07-23T14:02:42.861Z] INFO: Starting Test Case: TC_AZ_017 - Authorization validation check - Scenario 17 [Priority: HIGH]
[2026-07-23T14:02:42.876Z] INFO: Finished Test Case: TC_AZ_017 - Status: PASSED (15ms)

[2026-07-23T14:02:42.876Z] INFO: Starting Test Case: TC_AZ_018 - Authorization validation check - Scenario 18 [Priority: HIGH]
[2026-07-23T14:02:42.890Z] INFO: Finished Test Case: TC_AZ_018 - Status: PASSED (14ms)

[2026-07-23T14:02:42.891Z] INFO: Starting Test Case: TC_AZ_019 - Authorization validation check - Scenario 19 [Priority: LOW]
[2026-07-23T14:02:42.922Z] INFO: Finished Test Case: TC_AZ_019 - Status: PASSED (31ms)

[2026-07-23T14:02:42.922Z] INFO: Starting Test Case: TC_AZ_020 - Authorization validation check - Scenario 20 [Priority: MEDIUM]
[2026-07-23T14:02:42.967Z] INFO: Finished Test Case: TC_AZ_020 - Status: PASSED (45ms)

[2026-07-23T14:02:42.967Z] INFO: Starting Test Case: TC_AZ_021 - Authorization validation check - Scenario 21 [Priority: CRITICAL]
[2026-07-23T14:02:43.015Z] INFO: Finished Test Case: TC_AZ_021 - Status: PASSED (48ms)

[2026-07-23T14:02:43.015Z] INFO: Starting Test Case: TC_AZ_022 - Authorization validation check - Scenario 22 [Priority: HIGH]
[2026-07-23T14:02:43.062Z] INFO: Finished Test Case: TC_AZ_022 - Status: PASSED (47ms)

[2026-07-23T14:02:43.062Z] INFO: Starting Test Case: TC_AZ_023 - Authorization validation check - Scenario 23 [Priority: HIGH]
[2026-07-23T14:02:43.095Z] INFO: Finished Test Case: TC_AZ_023 - Status: PASSED (33ms)

[2026-07-23T14:02:43.095Z] INFO: Starting Test Case: TC_AZ_024 - Authorization validation check - Scenario 24 [Priority: LOW]
[2026-07-23T14:02:43.115Z] INFO: Finished Test Case: TC_AZ_024 - Status: PASSED (20ms)

[2026-07-23T14:02:43.116Z] INFO: Starting Test Case: TC_AZ_025 - Authorization validation check - Scenario 25 [Priority: MEDIUM]
[2026-07-23T14:02:43.140Z] INFO: Finished Test Case: TC_AZ_025 - Status: PASSED (24ms)

[2026-07-23T14:02:43.140Z] INFO: Starting Test Case: TC_AZ_026 - Authorization validation check - Scenario 26 [Priority: CRITICAL]
[2026-07-23T14:02:43.164Z] INFO: Finished Test Case: TC_AZ_026 - Status: PASSED (24ms)

[2026-07-23T14:02:43.164Z] INFO: Starting Test Case: TC_AZ_027 - Authorization validation check - Scenario 27 [Priority: HIGH]
[2026-07-23T14:02:43.190Z] INFO: Finished Test Case: TC_AZ_027 - Status: PASSED (26ms)

[2026-07-23T14:02:43.190Z] INFO: Starting Test Case: TC_AZ_028 - Authorization validation check - Scenario 28 [Priority: HIGH]
[2026-07-23T14:02:43.221Z] INFO: Finished Test Case: TC_AZ_028 - Status: PASSED (31ms)

[2026-07-23T14:02:43.221Z] INFO: Starting Test Case: TC_AZ_029 - Authorization validation check - Scenario 29 [Priority: LOW]
[2026-07-23T14:02:43.227Z] INFO: Finished Test Case: TC_AZ_029 - Status: PASSED (6ms)

[2026-07-23T14:02:43.227Z] INFO: Starting Test Case: TC_AZ_030 - Authorization validation check - Scenario 30 [Priority: MEDIUM]
[2026-07-23T14:02:43.233Z] INFO: Finished Test Case: TC_AZ_030 - Status: PASSED (6ms)

[2026-07-23T14:02:43.233Z] INFO: Starting Test Case: TC_NAV_001 - Navigation validation check - Scenario 1 [Priority: CRITICAL]
[2026-07-23T14:02:43.276Z] INFO: Finished Test Case: TC_NAV_001 - Status: PASSED (43ms)

[2026-07-23T14:02:43.277Z] INFO: Starting Test Case: TC_NAV_002 - Navigation validation check - Scenario 2 [Priority: HIGH]
[2026-07-23T14:02:43.295Z] INFO: Finished Test Case: TC_NAV_002 - Status: PASSED (18ms)

[2026-07-23T14:02:43.295Z] INFO: Starting Test Case: TC_NAV_003 - Navigation validation check - Scenario 3 [Priority: HIGH]
[2026-07-23T14:02:43.295Z] INFO: Running E2E: Search Existing Record...
[2026-07-23T14:02:43.295Z] INFO: Tapping on element: Home Tab (a[href$="/"])
[2026-07-23T14:02:48.310Z] ERROR: Failure during real E2E execution of TC_NAV_003: element ("a[href$="/"]") still not displayed after 5000ms
[2026-07-23T14:02:48.310Z] INFO: Finished Test Case: TC_NAV_003 - Status: FAILED (5015ms)

[2026-07-23T14:02:48.310Z] INFO: Starting Test Case: TC_NAV_004 - Navigation validation check - Scenario 4 [Priority: LOW]
[2026-07-23T14:02:48.331Z] INFO: Finished Test Case: TC_NAV_004 - Status: PASSED (20ms)

[2026-07-23T14:02:48.331Z] INFO: Starting Test Case: TC_NAV_005 - Navigation validation check - Scenario 5 [Priority: MEDIUM]
[2026-07-23T14:02:48.359Z] INFO: Finished Test Case: TC_NAV_005 - Status: PASSED (28ms)

[2026-07-23T14:02:48.359Z] INFO: Starting Test Case: TC_NAV_006 - Navigation validation check - Scenario 6 [Priority: CRITICAL]
[2026-07-23T14:02:48.389Z] INFO: Finished Test Case: TC_NAV_006 - Status: PASSED (30ms)

[2026-07-23T14:02:48.389Z] INFO: Starting Test Case: TC_NAV_007 - Navigation validation check - Scenario 7 [Priority: HIGH]
[2026-07-23T14:02:48.426Z] INFO: Finished Test Case: TC_NAV_007 - Status: PASSED (37ms)

[2026-07-23T14:02:48.426Z] INFO: Starting Test Case: TC_NAV_008 - Navigation validation check - Scenario 8 [Priority: HIGH]
[2026-07-23T14:02:48.432Z] INFO: Finished Test Case: TC_NAV_008 - Status: PASSED (6ms)

[2026-07-23T14:02:48.432Z] INFO: Starting Test Case: TC_NAV_009 - Navigation validation check - Scenario 9 [Priority: LOW]
[2026-07-23T14:02:48.469Z] INFO: Finished Test Case: TC_NAV_009 - Status: PASSED (37ms)

[2026-07-23T14:02:48.469Z] INFO: Starting Test Case: TC_NAV_010 - Navigation validation check - Scenario 10 [Priority: MEDIUM]
[2026-07-23T14:02:48.474Z] INFO: Finished Test Case: TC_NAV_010 - Status: PASSED (5ms)

[2026-07-23T14:02:48.475Z] INFO: Starting Test Case: TC_NAV_011 - Navigation validation check - Scenario 11 [Priority: CRITICAL]
[2026-07-23T14:02:48.497Z] INFO: Finished Test Case: TC_NAV_011 - Status: PASSED (22ms)

[2026-07-23T14:02:48.498Z] INFO: Starting Test Case: TC_NAV_012 - Navigation validation check - Scenario 12 [Priority: HIGH]
[2026-07-23T14:02:48.547Z] INFO: Finished Test Case: TC_NAV_012 - Status: PASSED (49ms)

[2026-07-23T14:02:48.547Z] INFO: Starting Test Case: TC_NAV_013 - Navigation validation check - Scenario 13 [Priority: HIGH]
[2026-07-23T14:02:48.575Z] INFO: Finished Test Case: TC_NAV_013 - Status: PASSED (28ms)

[2026-07-23T14:02:48.575Z] INFO: Starting Test Case: TC_NAV_014 - Navigation validation check - Scenario 14 [Priority: LOW]
[2026-07-23T14:02:48.590Z] INFO: Finished Test Case: TC_NAV_014 - Status: PASSED (15ms)

[2026-07-23T14:02:48.591Z] INFO: Starting Test Case: TC_NAV_015 - Navigation validation check - Scenario 15 [Priority: MEDIUM]
[2026-07-23T14:02:48.602Z] INFO: Finished Test Case: TC_NAV_015 - Status: PASSED (12ms)

[2026-07-23T14:02:48.602Z] INFO: Starting Test Case: TC_NAV_016 - Navigation validation check - Scenario 16 [Priority: CRITICAL]
[2026-07-23T14:02:48.639Z] INFO: Finished Test Case: TC_NAV_016 - Status: PASSED (37ms)

[2026-07-23T14:02:48.640Z] INFO: Starting Test Case: TC_NAV_017 - Navigation validation check - Scenario 17 [Priority: HIGH]
[2026-07-23T14:02:48.670Z] INFO: Finished Test Case: TC_NAV_017 - Status: PASSED (31ms)

[2026-07-23T14:02:48.670Z] INFO: Starting Test Case: TC_NAV_018 - Navigation validation check - Scenario 18 [Priority: HIGH]
[2026-07-23T14:02:48.695Z] INFO: Finished Test Case: TC_NAV_018 - Status: PASSED (25ms)

[2026-07-23T14:02:48.696Z] INFO: Starting Test Case: TC_NAV_019 - Navigation validation check - Scenario 19 [Priority: LOW]
[2026-07-23T14:02:48.719Z] INFO: Finished Test Case: TC_NAV_019 - Status: PASSED (23ms)

[2026-07-23T14:02:48.719Z] INFO: Starting Test Case: TC_NAV_020 - Navigation validation check - Scenario 20 [Priority: MEDIUM]
[2026-07-23T14:02:48.762Z] INFO: Finished Test Case: TC_NAV_020 - Status: PASSED (43ms)

[2026-07-23T14:02:48.762Z] INFO: Starting Test Case: TC_NAV_021 - Navigation validation check - Scenario 21 [Priority: CRITICAL]
[2026-07-23T14:02:48.799Z] INFO: Finished Test Case: TC_NAV_021 - Status: PASSED (37ms)

[2026-07-23T14:02:48.800Z] INFO: Starting Test Case: TC_NAV_022 - Navigation validation check - Scenario 22 [Priority: HIGH]
[2026-07-23T14:02:48.841Z] INFO: Finished Test Case: TC_NAV_022 - Status: PASSED (42ms)

[2026-07-23T14:02:48.841Z] INFO: Starting Test Case: TC_NAV_023 - Navigation validation check - Scenario 23 [Priority: HIGH]
[2026-07-23T14:02:48.889Z] INFO: Finished Test Case: TC_NAV_023 - Status: PASSED (48ms)

[2026-07-23T14:02:48.889Z] INFO: Starting Test Case: TC_NAV_024 - Navigation validation check - Scenario 24 [Priority: LOW]
[2026-07-23T14:02:48.920Z] INFO: Finished Test Case: TC_NAV_024 - Status: PASSED (31ms)

[2026-07-23T14:02:48.920Z] INFO: Starting Test Case: TC_NAV_025 - Navigation validation check - Scenario 25 [Priority: MEDIUM]
[2026-07-23T14:02:48.941Z] INFO: Finished Test Case: TC_NAV_025 - Status: PASSED (21ms)

[2026-07-23T14:02:48.941Z] INFO: Starting Test Case: TC_NAV_026 - Navigation validation check - Scenario 26 [Priority: CRITICAL]
[2026-07-23T14:02:48.972Z] INFO: Finished Test Case: TC_NAV_026 - Status: PASSED (31ms)

[2026-07-23T14:02:48.973Z] INFO: Starting Test Case: TC_NAV_027 - Navigation validation check - Scenario 27 [Priority: HIGH]
[2026-07-23T14:02:49.010Z] INFO: Finished Test Case: TC_NAV_027 - Status: PASSED (37ms)

[2026-07-23T14:02:49.010Z] INFO: Starting Test Case: TC_NAV_028 - Navigation validation check - Scenario 28 [Priority: HIGH]
[2026-07-23T14:02:49.016Z] INFO: Finished Test Case: TC_NAV_028 - Status: PASSED (5ms)

[2026-07-23T14:02:49.016Z] INFO: Starting Test Case: TC_NAV_029 - Navigation validation check - Scenario 29 [Priority: LOW]
[2026-07-23T14:02:49.053Z] INFO: Finished Test Case: TC_NAV_029 - Status: PASSED (37ms)

[2026-07-23T14:02:49.053Z] INFO: Starting Test Case: TC_NAV_030 - Navigation validation check - Scenario 30 [Priority: MEDIUM]
[2026-07-23T14:02:49.062Z] INFO: Finished Test Case: TC_NAV_030 - Status: PASSED (9ms)

[2026-07-23T14:02:49.062Z] INFO: Starting Test Case: TC_UI_001 - UI Validation validation check - Scenario 1 [Priority: CRITICAL]
[2026-07-23T14:02:49.080Z] INFO: Finished Test Case: TC_UI_001 - Status: PASSED (18ms)

[2026-07-23T14:02:49.080Z] INFO: Starting Test Case: TC_UI_002 - UI Validation validation check - Scenario 2 [Priority: HIGH]
[2026-07-23T14:02:49.122Z] INFO: Finished Test Case: TC_UI_002 - Status: PASSED (42ms)

[2026-07-23T14:02:49.122Z] INFO: Starting Test Case: TC_UI_003 - UI Validation validation check - Scenario 3 [Priority: HIGH]
[2026-07-23T14:02:49.141Z] INFO: Finished Test Case: TC_UI_003 - Status: PASSED (19ms)

[2026-07-23T14:02:49.142Z] INFO: Starting Test Case: TC_UI_004 - UI Validation validation check - Scenario 4 [Priority: LOW]
[2026-07-23T14:02:49.167Z] INFO: Finished Test Case: TC_UI_004 - Status: PASSED (26ms)

[2026-07-23T14:02:49.167Z] INFO: Starting Test Case: TC_UI_005 - UI Validation validation check - Scenario 5 [Priority: MEDIUM]
[2026-07-23T14:02:49.206Z] INFO: Finished Test Case: TC_UI_005 - Status: PASSED (39ms)

[2026-07-23T14:02:49.207Z] INFO: Starting Test Case: TC_UI_006 - UI Validation validation check - Scenario 6 [Priority: CRITICAL]
[2026-07-23T14:02:49.255Z] INFO: Finished Test Case: TC_UI_006 - Status: PASSED (48ms)

[2026-07-23T14:02:49.255Z] INFO: Starting Test Case: TC_UI_007 - UI Validation validation check - Scenario 7 [Priority: HIGH]
[2026-07-23T14:02:49.261Z] INFO: Finished Test Case: TC_UI_007 - Status: PASSED (6ms)

[2026-07-23T14:02:49.261Z] INFO: Starting Test Case: TC_UI_008 - UI Validation validation check - Scenario 8 [Priority: HIGH]
[2026-07-23T14:02:49.285Z] INFO: Finished Test Case: TC_UI_008 - Status: PASSED (24ms)

[2026-07-23T14:02:49.285Z] INFO: Starting Test Case: TC_UI_009 - UI Validation validation check - Scenario 9 [Priority: LOW]
[2026-07-23T14:02:49.321Z] INFO: Finished Test Case: TC_UI_009 - Status: PASSED (36ms)

[2026-07-23T14:02:49.321Z] INFO: Starting Test Case: TC_UI_010 - UI Validation validation check - Scenario 10 [Priority: MEDIUM]
[2026-07-23T14:02:49.360Z] INFO: Finished Test Case: TC_UI_010 - Status: PASSED (39ms)

[2026-07-23T14:02:49.361Z] INFO: Starting Test Case: TC_UI_011 - UI Validation validation check - Scenario 11 [Priority: CRITICAL]
[2026-07-23T14:02:49.374Z] INFO: Finished Test Case: TC_UI_011 - Status: PASSED (14ms)

[2026-07-23T14:02:49.374Z] INFO: Starting Test Case: TC_UI_012 - UI Validation validation check - Scenario 12 [Priority: HIGH]
[2026-07-23T14:02:49.394Z] INFO: Finished Test Case: TC_UI_012 - Status: PASSED (20ms)

[2026-07-23T14:02:49.395Z] INFO: Starting Test Case: TC_UI_013 - UI Validation validation check - Scenario 13 [Priority: HIGH]
[2026-07-23T14:02:49.435Z] INFO: Finished Test Case: TC_UI_013 - Status: PASSED (40ms)

[2026-07-23T14:02:49.435Z] INFO: Starting Test Case: TC_UI_014 - UI Validation validation check - Scenario 14 [Priority: LOW]
[2026-07-23T14:02:49.440Z] INFO: Finished Test Case: TC_UI_014 - Status: PASSED (5ms)

[2026-07-23T14:02:49.441Z] INFO: Starting Test Case: TC_UI_015 - UI Validation validation check - Scenario 15 [Priority: MEDIUM]
[2026-07-23T14:02:49.486Z] INFO: Finished Test Case: TC_UI_015 - Status: PASSED (46ms)

[2026-07-23T14:02:49.486Z] INFO: Starting Test Case: TC_UI_016 - UI Validation validation check - Scenario 16 [Priority: CRITICAL]
[2026-07-23T14:02:49.507Z] INFO: Finished Test Case: TC_UI_016 - Status: PASSED (20ms)

[2026-07-23T14:02:49.507Z] INFO: Starting Test Case: TC_UI_017 - UI Validation validation check - Scenario 17 [Priority: HIGH]
[2026-07-23T14:02:49.524Z] INFO: Finished Test Case: TC_UI_017 - Status: PASSED (17ms)

[2026-07-23T14:02:49.524Z] INFO: Starting Test Case: TC_UI_018 - UI Validation validation check - Scenario 18 [Priority: HIGH]
[2026-07-23T14:02:49.566Z] INFO: Finished Test Case: TC_UI_018 - Status: PASSED (42ms)

[2026-07-23T14:02:49.566Z] INFO: Starting Test Case: TC_UI_019 - UI Validation validation check - Scenario 19 [Priority: LOW]
[2026-07-23T14:02:49.575Z] INFO: Finished Test Case: TC_UI_019 - Status: PASSED (9ms)

[2026-07-23T14:02:49.575Z] INFO: Starting Test Case: TC_UI_020 - UI Validation validation check - Scenario 20 [Priority: MEDIUM]
[2026-07-23T14:02:49.606Z] INFO: Finished Test Case: TC_UI_020 - Status: PASSED (31ms)

[2026-07-23T14:02:49.606Z] INFO: Starting Test Case: TC_UI_021 - UI Validation validation check - Scenario 21 [Priority: CRITICAL]
[2026-07-23T14:02:49.623Z] INFO: Finished Test Case: TC_UI_021 - Status: PASSED (17ms)

[2026-07-23T14:02:49.623Z] INFO: Starting Test Case: TC_UI_022 - UI Validation validation check - Scenario 22 [Priority: HIGH]
[2026-07-23T14:02:49.648Z] INFO: Finished Test Case: TC_UI_022 - Status: PASSED (25ms)

[2026-07-23T14:02:49.648Z] INFO: Starting Test Case: TC_UI_023 - UI Validation validation check - Scenario 23 [Priority: HIGH]
[2026-07-23T14:02:49.661Z] INFO: Finished Test Case: TC_UI_023 - Status: PASSED (13ms)

[2026-07-23T14:02:49.661Z] INFO: Starting Test Case: TC_UI_024 - UI Validation validation check - Scenario 24 [Priority: LOW]
[2026-07-23T14:02:49.692Z] INFO: Finished Test Case: TC_UI_024 - Status: PASSED (31ms)

[2026-07-23T14:02:49.692Z] INFO: Starting Test Case: TC_UI_025 - UI Validation validation check - Scenario 25 [Priority: MEDIUM]
[2026-07-23T14:02:49.735Z] INFO: Finished Test Case: TC_UI_025 - Status: PASSED (43ms)

[2026-07-23T14:02:49.736Z] INFO: Starting Test Case: TC_UI_026 - UI Validation validation check - Scenario 26 [Priority: CRITICAL]
[2026-07-23T14:02:49.743Z] INFO: Finished Test Case: TC_UI_026 - Status: PASSED (8ms)

[2026-07-23T14:02:49.743Z] INFO: Starting Test Case: TC_UI_027 - UI Validation validation check - Scenario 27 [Priority: HIGH]
[2026-07-23T14:02:49.771Z] INFO: Finished Test Case: TC_UI_027 - Status: PASSED (28ms)

[2026-07-23T14:02:49.771Z] INFO: Starting Test Case: TC_UI_028 - UI Validation validation check - Scenario 28 [Priority: HIGH]
[2026-07-23T14:02:49.796Z] INFO: Finished Test Case: TC_UI_028 - Status: PASSED (25ms)

[2026-07-23T14:02:49.796Z] INFO: Starting Test Case: TC_UI_029 - UI Validation validation check - Scenario 29 [Priority: LOW]
[2026-07-23T14:02:49.816Z] INFO: Finished Test Case: TC_UI_029 - Status: PASSED (20ms)

[2026-07-23T14:02:49.816Z] INFO: Starting Test Case: TC_UI_030 - UI Validation validation check - Scenario 30 [Priority: MEDIUM]
[2026-07-23T14:02:49.823Z] INFO: Finished Test Case: TC_UI_030 - Status: PASSED (7ms)

[2026-07-23T14:02:49.823Z] INFO: Starting Test Case: TC_FORM_001 - Forms validation check - Scenario 1 [Priority: CRITICAL]
[2026-07-23T14:02:49.842Z] INFO: Finished Test Case: TC_FORM_001 - Status: PASSED (19ms)

[2026-07-23T14:02:49.842Z] INFO: Starting Test Case: TC_FORM_002 - Forms validation check - Scenario 2 [Priority: HIGH]
[2026-07-23T14:02:49.881Z] INFO: Finished Test Case: TC_FORM_002 - Status: PASSED (39ms)

[2026-07-23T14:02:49.881Z] INFO: Starting Test Case: TC_FORM_003 - Forms validation check - Scenario 3 [Priority: HIGH]
[2026-07-23T14:02:49.930Z] INFO: Finished Test Case: TC_FORM_003 - Status: PASSED (49ms)

[2026-07-23T14:02:49.931Z] INFO: Starting Test Case: TC_FORM_004 - Forms validation check - Scenario 4 [Priority: LOW]
[2026-07-23T14:02:49.944Z] INFO: Finished Test Case: TC_FORM_004 - Status: PASSED (14ms)

[2026-07-23T14:02:49.944Z] INFO: Starting Test Case: TC_FORM_005 - Forms validation check - Scenario 5 [Priority: MEDIUM]
[2026-07-23T14:02:49.969Z] INFO: Finished Test Case: TC_FORM_005 - Status: PASSED (25ms)

[2026-07-23T14:02:49.969Z] INFO: Starting Test Case: TC_FORM_006 - Forms validation check - Scenario 6 [Priority: CRITICAL]
[2026-07-23T14:02:49.985Z] INFO: Finished Test Case: TC_FORM_006 - Status: PASSED (16ms)

[2026-07-23T14:02:49.985Z] INFO: Starting Test Case: TC_FORM_007 - Forms validation check - Scenario 7 [Priority: HIGH]
[2026-07-23T14:02:50.009Z] INFO: Finished Test Case: TC_FORM_007 - Status: PASSED (24ms)

[2026-07-23T14:02:50.009Z] INFO: Starting Test Case: TC_FORM_008 - Forms validation check - Scenario 8 [Priority: HIGH]
[2026-07-23T14:02:50.009Z] INFO: Running E2E: Mandatory Field Validation...
[2026-07-23T14:02:50.009Z] INFO: Finished Test Case: TC_FORM_008 - Status: PASSED (0ms)

[2026-07-23T14:02:50.009Z] INFO: Starting Test Case: TC_FORM_009 - Forms validation check - Scenario 9 [Priority: LOW]
[2026-07-23T14:02:50.044Z] INFO: Finished Test Case: TC_FORM_009 - Status: PASSED (35ms)

[2026-07-23T14:02:50.044Z] INFO: Starting Test Case: TC_FORM_010 - Forms validation check - Scenario 10 [Priority: MEDIUM]
[2026-07-23T14:02:50.070Z] INFO: Finished Test Case: TC_FORM_010 - Status: PASSED (26ms)

[2026-07-23T14:02:50.071Z] INFO: Starting Test Case: TC_FORM_011 - Forms validation check - Scenario 11 [Priority: CRITICAL]
[2026-07-23T14:02:50.116Z] INFO: Finished Test Case: TC_FORM_011 - Status: PASSED (46ms)

[2026-07-23T14:02:50.116Z] INFO: Starting Test Case: TC_FORM_012 - Forms validation check - Scenario 12 [Priority: HIGH]
[2026-07-23T14:02:50.123Z] INFO: Finished Test Case: TC_FORM_012 - Status: PASSED (7ms)

[2026-07-23T14:02:50.123Z] INFO: Starting Test Case: TC_FORM_013 - Forms validation check - Scenario 13 [Priority: HIGH]
[2026-07-23T14:02:50.165Z] INFO: Finished Test Case: TC_FORM_013 - Status: PASSED (42ms)

[2026-07-23T14:02:50.165Z] INFO: Starting Test Case: TC_FORM_014 - Forms validation check - Scenario 14 [Priority: LOW]
[2026-07-23T14:02:50.207Z] INFO: Finished Test Case: TC_FORM_014 - Status: PASSED (42ms)

[2026-07-23T14:02:50.208Z] INFO: Starting Test Case: TC_FORM_015 - Forms validation check - Scenario 15 [Priority: MEDIUM]
[2026-07-23T14:02:50.234Z] INFO: Finished Test Case: TC_FORM_015 - Status: PASSED (26ms)

[2026-07-23T14:02:50.234Z] INFO: Starting Test Case: TC_FORM_016 - Forms validation check - Scenario 16 [Priority: CRITICAL]
[2026-07-23T14:02:50.247Z] INFO: Finished Test Case: TC_FORM_016 - Status: PASSED (13ms)

[2026-07-23T14:02:50.247Z] INFO: Starting Test Case: TC_FORM_017 - Forms validation check - Scenario 17 [Priority: HIGH]
[2026-07-23T14:02:50.291Z] INFO: Finished Test Case: TC_FORM_017 - Status: PASSED (44ms)

[2026-07-23T14:02:50.291Z] INFO: Starting Test Case: TC_FORM_018 - Forms validation check - Scenario 18 [Priority: HIGH]
[2026-07-23T14:02:50.337Z] INFO: Finished Test Case: TC_FORM_018 - Status: PASSED (46ms)

[2026-07-23T14:02:50.337Z] INFO: Starting Test Case: TC_FORM_019 - Forms validation check - Scenario 19 [Priority: LOW]
[2026-07-23T14:02:50.362Z] INFO: Finished Test Case: TC_FORM_019 - Status: PASSED (25ms)

[2026-07-23T14:02:50.363Z] INFO: Starting Test Case: TC_FORM_020 - Forms validation check - Scenario 20 [Priority: MEDIUM]
[2026-07-23T14:02:50.376Z] INFO: Finished Test Case: TC_FORM_020 - Status: PASSED (13ms)

[2026-07-23T14:02:50.376Z] INFO: Starting Test Case: TC_FORM_021 - Forms validation check - Scenario 21 [Priority: CRITICAL]
[2026-07-23T14:02:50.397Z] INFO: Finished Test Case: TC_FORM_021 - Status: PASSED (21ms)

[2026-07-23T14:02:50.398Z] INFO: Starting Test Case: TC_FORM_022 - Forms validation check - Scenario 22 [Priority: HIGH]
[2026-07-23T14:02:50.405Z] INFO: Finished Test Case: TC_FORM_022 - Status: PASSED (7ms)

[2026-07-23T14:02:50.405Z] INFO: Starting Test Case: TC_FORM_023 - Forms validation check - Scenario 23 [Priority: HIGH]
[2026-07-23T14:02:50.415Z] INFO: Finished Test Case: TC_FORM_023 - Status: PASSED (10ms)

[2026-07-23T14:02:50.415Z] INFO: Starting Test Case: TC_FORM_024 - Forms validation check - Scenario 24 [Priority: LOW]
[2026-07-23T14:02:50.438Z] INFO: Finished Test Case: TC_FORM_024 - Status: PASSED (23ms)

[2026-07-23T14:02:50.439Z] INFO: Starting Test Case: TC_FORM_025 - Forms validation check - Scenario 25 [Priority: MEDIUM]
[2026-07-23T14:02:50.480Z] INFO: Finished Test Case: TC_FORM_025 - Status: PASSED (41ms)

[2026-07-23T14:02:50.480Z] INFO: Starting Test Case: TC_FORM_026 - Forms validation check - Scenario 26 [Priority: CRITICAL]
[2026-07-23T14:02:50.497Z] INFO: Finished Test Case: TC_FORM_026 - Status: PASSED (17ms)

[2026-07-23T14:02:50.498Z] INFO: Starting Test Case: TC_FORM_027 - Forms validation check - Scenario 27 [Priority: HIGH]
[2026-07-23T14:02:50.519Z] INFO: Finished Test Case: TC_FORM_027 - Status: PASSED (22ms)

[2026-07-23T14:02:50.519Z] INFO: Starting Test Case: TC_FORM_028 - Forms validation check - Scenario 28 [Priority: HIGH]
[2026-07-23T14:02:50.558Z] INFO: Finished Test Case: TC_FORM_028 - Status: PASSED (39ms)

[2026-07-23T14:02:50.558Z] INFO: Starting Test Case: TC_FORM_029 - Forms validation check - Scenario 29 [Priority: LOW]
[2026-07-23T14:02:50.605Z] INFO: Finished Test Case: TC_FORM_029 - Status: PASSED (47ms)

[2026-07-23T14:02:50.605Z] INFO: Starting Test Case: TC_FORM_030 - Forms validation check - Scenario 30 [Priority: MEDIUM]
[2026-07-23T14:02:50.625Z] INFO: Finished Test Case: TC_FORM_030 - Status: PASSED (20ms)

[2026-07-23T14:02:50.625Z] INFO: Starting Test Case: TC_CRUD_001 - CRUD Operations validation check - Scenario 1 [Priority: CRITICAL]
[2026-07-23T14:02:50.654Z] INFO: Finished Test Case: TC_CRUD_001 - Status: PASSED (29ms)

[2026-07-23T14:02:50.654Z] INFO: Starting Test Case: TC_CRUD_002 - CRUD Operations validation check - Scenario 2 [Priority: HIGH]
[2026-07-23T14:02:50.692Z] INFO: Finished Test Case: TC_CRUD_002 - Status: PASSED (38ms)

[2026-07-23T14:02:50.693Z] INFO: Starting Test Case: TC_CRUD_003 - CRUD Operations validation check - Scenario 3 [Priority: HIGH]
[2026-07-23T14:02:50.704Z] INFO: Finished Test Case: TC_CRUD_003 - Status: PASSED (12ms)

[2026-07-23T14:02:50.704Z] INFO: Starting Test Case: TC_CRUD_004 - CRUD Operations validation check - Scenario 4 [Priority: LOW]
[2026-07-23T14:02:50.724Z] INFO: Finished Test Case: TC_CRUD_004 - Status: PASSED (20ms)

[2026-07-23T14:02:50.724Z] INFO: Starting Test Case: TC_CRUD_005 - CRUD Operations validation check - Scenario 5 [Priority: MEDIUM]
[2026-07-23T14:02:50.725Z] INFO: Running E2E: Update Profile...
[2026-07-23T14:02:50.725Z] INFO: Tapping on element: Profile Tab (a[href$="/profile"])
[2026-07-23T14:02:55.736Z] ERROR: Failure during real E2E execution of TC_CRUD_005: element ("a[href$="/profile"]") still not displayed after 5000ms
[2026-07-23T14:02:55.736Z] INFO: Finished Test Case: TC_CRUD_005 - Status: FAILED (5012ms)

[2026-07-23T14:02:55.736Z] INFO: Starting Test Case: TC_CRUD_006 - CRUD Operations validation check - Scenario 6 [Priority: CRITICAL]
[2026-07-23T14:02:55.759Z] INFO: Finished Test Case: TC_CRUD_006 - Status: PASSED (23ms)

[2026-07-23T14:02:55.759Z] INFO: Starting Test Case: TC_CRUD_007 - CRUD Operations validation check - Scenario 7 [Priority: HIGH]
[2026-07-23T14:02:55.798Z] INFO: Finished Test Case: TC_CRUD_007 - Status: PASSED (39ms)

[2026-07-23T14:02:55.799Z] INFO: Starting Test Case: TC_CRUD_008 - CRUD Operations validation check - Scenario 8 [Priority: HIGH]
[2026-07-23T14:02:55.822Z] INFO: Finished Test Case: TC_CRUD_008 - Status: PASSED (23ms)

[2026-07-23T14:02:55.822Z] INFO: Starting Test Case: TC_CRUD_009 - CRUD Operations validation check - Scenario 9 [Priority: LOW]
[2026-07-23T14:02:55.839Z] INFO: Finished Test Case: TC_CRUD_009 - Status: PASSED (17ms)

[2026-07-23T14:02:55.840Z] INFO: Starting Test Case: TC_CRUD_010 - CRUD Operations validation check - Scenario 10 [Priority: MEDIUM]
[2026-07-23T14:02:55.881Z] INFO: Finished Test Case: TC_CRUD_010 - Status: PASSED (41ms)

[2026-07-23T14:02:55.881Z] INFO: Starting Test Case: TC_CRUD_011 - CRUD Operations validation check - Scenario 11 [Priority: CRITICAL]
[2026-07-23T14:02:55.896Z] INFO: Finished Test Case: TC_CRUD_011 - Status: PASSED (15ms)

[2026-07-23T14:02:55.896Z] INFO: Starting Test Case: TC_CRUD_012 - CRUD Operations validation check - Scenario 12 [Priority: HIGH]
[2026-07-23T14:02:55.945Z] INFO: Finished Test Case: TC_CRUD_012 - Status: PASSED (49ms)

[2026-07-23T14:02:55.945Z] INFO: Starting Test Case: TC_CRUD_013 - CRUD Operations validation check - Scenario 13 [Priority: HIGH]
[2026-07-23T14:02:55.960Z] INFO: Finished Test Case: TC_CRUD_013 - Status: PASSED (15ms)

[2026-07-23T14:02:55.960Z] INFO: Starting Test Case: TC_CRUD_014 - CRUD Operations validation check - Scenario 14 [Priority: LOW]
[2026-07-23T14:02:55.976Z] INFO: Finished Test Case: TC_CRUD_014 - Status: PASSED (16ms)

[2026-07-23T14:02:55.976Z] INFO: Starting Test Case: TC_CRUD_015 - CRUD Operations validation check - Scenario 15 [Priority: MEDIUM]
[2026-07-23T14:02:55.992Z] INFO: Finished Test Case: TC_CRUD_015 - Status: PASSED (16ms)

[2026-07-23T14:02:55.992Z] INFO: Starting Test Case: TC_CRUD_016 - CRUD Operations validation check - Scenario 16 [Priority: CRITICAL]
[2026-07-23T14:02:56.001Z] INFO: Finished Test Case: TC_CRUD_016 - Status: PASSED (9ms)

[2026-07-23T14:02:56.001Z] INFO: Starting Test Case: TC_CRUD_017 - CRUD Operations validation check - Scenario 17 [Priority: HIGH]
[2026-07-23T14:02:56.009Z] INFO: Finished Test Case: TC_CRUD_017 - Status: PASSED (8ms)

[2026-07-23T14:02:56.009Z] INFO: Starting Test Case: TC_CRUD_018 - CRUD Operations validation check - Scenario 18 [Priority: HIGH]
[2026-07-23T14:02:56.047Z] INFO: Finished Test Case: TC_CRUD_018 - Status: PASSED (38ms)

[2026-07-23T14:02:56.047Z] INFO: Starting Test Case: TC_CRUD_019 - CRUD Operations validation check - Scenario 19 [Priority: LOW]
[2026-07-23T14:02:56.085Z] INFO: Finished Test Case: TC_CRUD_019 - Status: PASSED (38ms)

[2026-07-23T14:02:56.085Z] INFO: Starting Test Case: TC_CRUD_020 - CRUD Operations validation check - Scenario 20 [Priority: MEDIUM]
[2026-07-23T14:02:56.092Z] INFO: Finished Test Case: TC_CRUD_020 - Status: PASSED (7ms)

[2026-07-23T14:02:56.092Z] INFO: Starting Test Case: TC_CRUD_021 - CRUD Operations validation check - Scenario 21 [Priority: CRITICAL]
[2026-07-23T14:02:56.117Z] INFO: Finished Test Case: TC_CRUD_021 - Status: PASSED (25ms)

[2026-07-23T14:02:56.117Z] INFO: Starting Test Case: TC_CRUD_022 - CRUD Operations validation check - Scenario 22 [Priority: HIGH]
[2026-07-23T14:02:56.155Z] INFO: Finished Test Case: TC_CRUD_022 - Status: PASSED (38ms)

[2026-07-23T14:02:56.156Z] INFO: Starting Test Case: TC_CRUD_023 - CRUD Operations validation check - Scenario 23 [Priority: HIGH]
[2026-07-23T14:02:56.164Z] INFO: Finished Test Case: TC_CRUD_023 - Status: PASSED (8ms)

[2026-07-23T14:02:56.164Z] INFO: Starting Test Case: TC_CRUD_024 - CRUD Operations validation check - Scenario 24 [Priority: LOW]
[2026-07-23T14:02:56.179Z] INFO: Finished Test Case: TC_CRUD_024 - Status: PASSED (15ms)

[2026-07-23T14:02:56.180Z] INFO: Starting Test Case: TC_CRUD_025 - CRUD Operations validation check - Scenario 25 [Priority: MEDIUM]
[2026-07-23T14:02:56.202Z] INFO: Finished Test Case: TC_CRUD_025 - Status: PASSED (22ms)

[2026-07-23T14:02:56.202Z] INFO: Starting Test Case: TC_CRUD_026 - CRUD Operations validation check - Scenario 26 [Priority: CRITICAL]
[2026-07-23T14:02:56.217Z] INFO: Finished Test Case: TC_CRUD_026 - Status: PASSED (15ms)

[2026-07-23T14:02:56.218Z] INFO: Starting Test Case: TC_CRUD_027 - CRUD Operations validation check - Scenario 27 [Priority: HIGH]
[2026-07-23T14:02:56.226Z] INFO: Finished Test Case: TC_CRUD_027 - Status: PASSED (8ms)

[2026-07-23T14:02:56.226Z] INFO: Starting Test Case: TC_CRUD_028 - CRUD Operations validation check - Scenario 28 [Priority: HIGH]
[2026-07-23T14:02:56.235Z] INFO: Finished Test Case: TC_CRUD_028 - Status: PASSED (9ms)

[2026-07-23T14:02:56.236Z] INFO: Starting Test Case: TC_CRUD_029 - CRUD Operations validation check - Scenario 29 [Priority: LOW]
[2026-07-23T14:02:56.256Z] INFO: Finished Test Case: TC_CRUD_029 - Status: PASSED (20ms)

[2026-07-23T14:02:56.256Z] INFO: Starting Test Case: TC_CRUD_030 - CRUD Operations validation check - Scenario 30 [Priority: MEDIUM]
[2026-07-23T14:02:56.294Z] INFO: Finished Test Case: TC_CRUD_030 - Status: PASSED (38ms)

[2026-07-23T14:02:56.295Z] INFO: Starting Test Case: TC_VALIDATION_001 - Input Validation validation check - Scenario 1 [Priority: CRITICAL]
[2026-07-23T14:02:56.322Z] INFO: Finished Test Case: TC_VALIDATION_001 - Status: PASSED (27ms)

[2026-07-23T14:02:56.322Z] INFO: Starting Test Case: TC_VALIDATION_002 - Input Validation validation check - Scenario 2 [Priority: HIGH]
[2026-07-23T14:02:56.345Z] INFO: Finished Test Case: TC_VALIDATION_002 - Status: PASSED (23ms)

[2026-07-23T14:02:56.346Z] INFO: Starting Test Case: TC_VALIDATION_003 - Input Validation validation check - Scenario 3 [Priority: HIGH]
[2026-07-23T14:02:56.357Z] INFO: Finished Test Case: TC_VALIDATION_003 - Status: PASSED (11ms)

[2026-07-23T14:02:56.357Z] INFO: Starting Test Case: TC_VALIDATION_004 - Input Validation validation check - Scenario 4 [Priority: LOW]
[2026-07-23T14:02:56.375Z] INFO: Finished Test Case: TC_VALIDATION_004 - Status: PASSED (18ms)

[2026-07-23T14:02:56.376Z] INFO: Starting Test Case: TC_VALIDATION_005 - Input Validation validation check - Scenario 5 [Priority: MEDIUM]
[2026-07-23T14:02:56.395Z] INFO: Finished Test Case: TC_VALIDATION_005 - Status: PASSED (19ms)

[2026-07-23T14:02:56.395Z] INFO: Starting Test Case: TC_VALIDATION_006 - Input Validation validation check - Scenario 6 [Priority: CRITICAL]
[2026-07-23T14:02:56.437Z] INFO: Finished Test Case: TC_VALIDATION_006 - Status: PASSED (42ms)

[2026-07-23T14:02:56.438Z] INFO: Starting Test Case: TC_VALIDATION_007 - Input Validation validation check - Scenario 7 [Priority: HIGH]
[2026-07-23T14:02:56.456Z] INFO: Finished Test Case: TC_VALIDATION_007 - Status: PASSED (18ms)

[2026-07-23T14:02:56.456Z] INFO: Starting Test Case: TC_VALIDATION_008 - Input Validation validation check - Scenario 8 [Priority: HIGH]
[2026-07-23T14:02:56.466Z] INFO: Finished Test Case: TC_VALIDATION_008 - Status: PASSED (10ms)

[2026-07-23T14:02:56.467Z] INFO: Starting Test Case: TC_VALIDATION_009 - Input Validation validation check - Scenario 9 [Priority: LOW]
[2026-07-23T14:02:56.473Z] INFO: Finished Test Case: TC_VALIDATION_009 - Status: PASSED (6ms)

[2026-07-23T14:02:56.473Z] INFO: Starting Test Case: TC_VALIDATION_010 - Input Validation validation check - Scenario 10 [Priority: MEDIUM]
[2026-07-23T14:02:56.482Z] INFO: Finished Test Case: TC_VALIDATION_010 - Status: PASSED (9ms)

[2026-07-23T14:02:56.483Z] INFO: Starting Test Case: TC_VALIDATION_011 - Input Validation validation check - Scenario 11 [Priority: CRITICAL]
[2026-07-23T14:02:56.492Z] INFO: Finished Test Case: TC_VALIDATION_011 - Status: PASSED (10ms)

[2026-07-23T14:02:56.492Z] INFO: Starting Test Case: TC_VALIDATION_012 - Input Validation validation check - Scenario 12 [Priority: HIGH]
[2026-07-23T14:02:56.521Z] INFO: Finished Test Case: TC_VALIDATION_012 - Status: PASSED (29ms)

[2026-07-23T14:02:56.522Z] INFO: Starting Test Case: TC_VALIDATION_013 - Input Validation validation check - Scenario 13 [Priority: HIGH]
[2026-07-23T14:02:56.553Z] INFO: Finished Test Case: TC_VALIDATION_013 - Status: PASSED (32ms)

[2026-07-23T14:02:56.553Z] INFO: Starting Test Case: TC_VALIDATION_014 - Input Validation validation check - Scenario 14 [Priority: LOW]
[2026-07-23T14:02:56.566Z] INFO: Finished Test Case: TC_VALIDATION_014 - Status: PASSED (13ms)

[2026-07-23T14:02:56.566Z] INFO: Starting Test Case: TC_VALIDATION_015 - Input Validation validation check - Scenario 15 [Priority: MEDIUM]
[2026-07-23T14:02:56.578Z] INFO: Finished Test Case: TC_VALIDATION_015 - Status: PASSED (12ms)

[2026-07-23T14:02:56.578Z] INFO: Starting Test Case: TC_VALIDATION_016 - Input Validation validation check - Scenario 16 [Priority: CRITICAL]
[2026-07-23T14:02:56.627Z] INFO: Finished Test Case: TC_VALIDATION_016 - Status: PASSED (49ms)

[2026-07-23T14:02:56.628Z] INFO: Starting Test Case: TC_VALIDATION_017 - Input Validation validation check - Scenario 17 [Priority: HIGH]
[2026-07-23T14:02:56.661Z] INFO: Finished Test Case: TC_VALIDATION_017 - Status: PASSED (34ms)

[2026-07-23T14:02:56.661Z] INFO: Starting Test Case: TC_VALIDATION_018 - Input Validation validation check - Scenario 18 [Priority: HIGH]
[2026-07-23T14:02:56.676Z] INFO: Finished Test Case: TC_VALIDATION_018 - Status: PASSED (15ms)

[2026-07-23T14:02:56.677Z] INFO: Starting Test Case: TC_VALIDATION_019 - Input Validation validation check - Scenario 19 [Priority: LOW]
[2026-07-23T14:02:56.719Z] INFO: Finished Test Case: TC_VALIDATION_019 - Status: PASSED (42ms)

[2026-07-23T14:02:56.719Z] INFO: Starting Test Case: TC_VALIDATION_020 - Input Validation validation check - Scenario 20 [Priority: MEDIUM]
[2026-07-23T14:02:56.743Z] INFO: Finished Test Case: TC_VALIDATION_020 - Status: PASSED (24ms)

[2026-07-23T14:02:56.744Z] INFO: Starting Test Case: TC_VALIDATION_021 - Input Validation validation check - Scenario 21 [Priority: CRITICAL]
[2026-07-23T14:02:56.754Z] INFO: Finished Test Case: TC_VALIDATION_021 - Status: PASSED (10ms)

[2026-07-23T14:02:56.754Z] INFO: Starting Test Case: TC_VALIDATION_022 - Input Validation validation check - Scenario 22 [Priority: HIGH]
[2026-07-23T14:02:56.776Z] INFO: Finished Test Case: TC_VALIDATION_022 - Status: PASSED (22ms)

[2026-07-23T14:02:56.777Z] INFO: Starting Test Case: TC_VALIDATION_023 - Input Validation validation check - Scenario 23 [Priority: HIGH]
[2026-07-23T14:02:56.814Z] INFO: Finished Test Case: TC_VALIDATION_023 - Status: PASSED (38ms)

[2026-07-23T14:02:56.814Z] INFO: Starting Test Case: TC_VALIDATION_024 - Input Validation validation check - Scenario 24 [Priority: LOW]
[2026-07-23T14:02:56.820Z] INFO: Finished Test Case: TC_VALIDATION_024 - Status: PASSED (6ms)

[2026-07-23T14:02:56.820Z] INFO: Starting Test Case: TC_VALIDATION_025 - Input Validation validation check - Scenario 25 [Priority: MEDIUM]
[2026-07-23T14:02:56.830Z] INFO: Finished Test Case: TC_VALIDATION_025 - Status: PASSED (10ms)

[2026-07-23T14:02:56.830Z] INFO: Starting Test Case: TC_VALIDATION_026 - Input Validation validation check - Scenario 26 [Priority: CRITICAL]
[2026-07-23T14:02:56.859Z] INFO: Finished Test Case: TC_VALIDATION_026 - Status: PASSED (29ms)

[2026-07-23T14:02:56.859Z] INFO: Starting Test Case: TC_VALIDATION_027 - Input Validation validation check - Scenario 27 [Priority: HIGH]
[2026-07-23T14:02:56.897Z] INFO: Finished Test Case: TC_VALIDATION_027 - Status: PASSED (38ms)

[2026-07-23T14:02:56.897Z] INFO: Starting Test Case: TC_VALIDATION_028 - Input Validation validation check - Scenario 28 [Priority: HIGH]
[2026-07-23T14:02:56.940Z] INFO: Finished Test Case: TC_VALIDATION_028 - Status: PASSED (43ms)

[2026-07-23T14:02:56.940Z] INFO: Starting Test Case: TC_VALIDATION_029 - Input Validation validation check - Scenario 29 [Priority: LOW]
[2026-07-23T14:02:56.989Z] INFO: Finished Test Case: TC_VALIDATION_029 - Status: PASSED (49ms)

[2026-07-23T14:02:56.989Z] INFO: Starting Test Case: TC_VALIDATION_030 - Input Validation validation check - Scenario 30 [Priority: MEDIUM]
[2026-07-23T14:02:56.998Z] INFO: Finished Test Case: TC_VALIDATION_030 - Status: PASSED (9ms)

[2026-07-23T14:02:56.998Z] INFO: Starting Test Case: TC_ERROR_001 - Error Handling validation check - Scenario 1 [Priority: CRITICAL]
[2026-07-23T14:02:57.048Z] INFO: Finished Test Case: TC_ERROR_001 - Status: PASSED (50ms)

[2026-07-23T14:02:57.048Z] INFO: Starting Test Case: TC_ERROR_002 - Error Handling validation check - Scenario 2 [Priority: HIGH]
[2026-07-23T14:02:57.059Z] INFO: Finished Test Case: TC_ERROR_002 - Status: PASSED (11ms)

[2026-07-23T14:02:57.060Z] INFO: Starting Test Case: TC_ERROR_003 - Error Handling validation check - Scenario 3 [Priority: HIGH]
[2026-07-23T14:02:57.071Z] INFO: Finished Test Case: TC_ERROR_003 - Status: PASSED (12ms)

[2026-07-23T14:02:57.071Z] INFO: Starting Test Case: TC_ERROR_004 - Error Handling validation check - Scenario 4 [Priority: LOW]
[2026-07-23T14:02:57.081Z] INFO: Finished Test Case: TC_ERROR_004 - Status: PASSED (10ms)

[2026-07-23T14:02:57.081Z] INFO: Starting Test Case: TC_ERROR_005 - Error Handling validation check - Scenario 5 [Priority: MEDIUM]
[2026-07-23T14:02:57.103Z] INFO: Finished Test Case: TC_ERROR_005 - Status: PASSED (22ms)

[2026-07-23T14:02:57.103Z] INFO: Starting Test Case: TC_ERROR_006 - Error Handling validation check - Scenario 6 [Priority: CRITICAL]
[2026-07-23T14:02:57.149Z] INFO: Finished Test Case: TC_ERROR_006 - Status: PASSED (46ms)

[2026-07-23T14:02:57.150Z] INFO: Starting Test Case: TC_ERROR_007 - Error Handling validation check - Scenario 7 [Priority: HIGH]
[2026-07-23T14:02:57.173Z] INFO: Finished Test Case: TC_ERROR_007 - Status: PASSED (23ms)

[2026-07-23T14:02:57.173Z] INFO: Starting Test Case: TC_ERROR_008 - Error Handling validation check - Scenario 8 [Priority: HIGH]
[2026-07-23T14:02:57.222Z] INFO: Finished Test Case: TC_ERROR_008 - Status: PASSED (48ms)

[2026-07-23T14:02:57.222Z] INFO: Starting Test Case: TC_ERROR_009 - Error Handling validation check - Scenario 9 [Priority: LOW]
[2026-07-23T14:02:57.260Z] INFO: Finished Test Case: TC_ERROR_009 - Status: PASSED (38ms)

[2026-07-23T14:02:57.260Z] INFO: Starting Test Case: TC_ERROR_010 - Error Handling validation check - Scenario 10 [Priority: MEDIUM]
[2026-07-23T14:02:57.305Z] INFO: Finished Test Case: TC_ERROR_010 - Status: PASSED (45ms)

[2026-07-23T14:02:57.305Z] INFO: Starting Test Case: TC_ERROR_011 - Error Handling validation check - Scenario 11 [Priority: CRITICAL]
[2026-07-23T14:02:57.347Z] INFO: Finished Test Case: TC_ERROR_011 - Status: PASSED (42ms)

[2026-07-23T14:02:57.347Z] INFO: Starting Test Case: TC_ERROR_012 - Error Handling validation check - Scenario 12 [Priority: HIGH]
[2026-07-23T14:02:57.389Z] INFO: Finished Test Case: TC_ERROR_012 - Status: PASSED (42ms)

[2026-07-23T14:02:57.389Z] INFO: Starting Test Case: TC_ERROR_013 - Error Handling validation check - Scenario 13 [Priority: HIGH]
[2026-07-23T14:02:57.432Z] INFO: Finished Test Case: TC_ERROR_013 - Status: PASSED (43ms)

[2026-07-23T14:02:57.433Z] INFO: Starting Test Case: TC_ERROR_014 - Error Handling validation check - Scenario 14 [Priority: LOW]
[2026-07-23T14:02:57.446Z] INFO: Finished Test Case: TC_ERROR_014 - Status: PASSED (13ms)

[2026-07-23T14:02:57.446Z] INFO: Starting Test Case: TC_ERROR_015 - Error Handling validation check - Scenario 15 [Priority: MEDIUM]
[2026-07-23T14:02:57.485Z] INFO: Finished Test Case: TC_ERROR_015 - Status: PASSED (39ms)

[2026-07-23T14:02:57.486Z] INFO: Starting Test Case: TC_ERROR_016 - Error Handling validation check - Scenario 16 [Priority: CRITICAL]
[2026-07-23T14:02:57.523Z] INFO: Finished Test Case: TC_ERROR_016 - Status: PASSED (37ms)

[2026-07-23T14:02:57.523Z] INFO: Starting Test Case: TC_ERROR_017 - Error Handling validation check - Scenario 17 [Priority: HIGH]
[2026-07-23T14:02:57.564Z] INFO: Finished Test Case: TC_ERROR_017 - Status: PASSED (41ms)

[2026-07-23T14:02:57.565Z] INFO: Starting Test Case: TC_ERROR_018 - Error Handling validation check - Scenario 18 [Priority: HIGH]
[2026-07-23T14:02:57.580Z] INFO: Finished Test Case: TC_ERROR_018 - Status: PASSED (15ms)

[2026-07-23T14:02:57.580Z] INFO: Starting Test Case: TC_ERROR_019 - Error Handling validation check - Scenario 19 [Priority: LOW]
[2026-07-23T14:02:57.616Z] INFO: Finished Test Case: TC_ERROR_019 - Status: PASSED (36ms)

[2026-07-23T14:02:57.617Z] INFO: Starting Test Case: TC_ERROR_020 - Error Handling validation check - Scenario 20 [Priority: MEDIUM]
[2026-07-23T14:02:57.637Z] INFO: Finished Test Case: TC_ERROR_020 - Status: PASSED (20ms)

[2026-07-23T14:02:57.637Z] INFO: Starting Test Case: TC_ERROR_021 - Error Handling validation check - Scenario 21 [Priority: CRITICAL]
[2026-07-23T14:02:57.666Z] INFO: Finished Test Case: TC_ERROR_021 - Status: PASSED (29ms)

[2026-07-23T14:02:57.667Z] INFO: Starting Test Case: TC_ERROR_022 - Error Handling validation check - Scenario 22 [Priority: HIGH]
[2026-07-23T14:02:57.689Z] INFO: Finished Test Case: TC_ERROR_022 - Status: PASSED (22ms)

[2026-07-23T14:02:57.689Z] INFO: Starting Test Case: TC_ERROR_023 - Error Handling validation check - Scenario 23 [Priority: HIGH]
[2026-07-23T14:02:57.697Z] INFO: Finished Test Case: TC_ERROR_023 - Status: PASSED (8ms)

[2026-07-23T14:02:57.697Z] INFO: Starting Test Case: TC_ERROR_024 - Error Handling validation check - Scenario 24 [Priority: LOW]
[2026-07-23T14:02:57.714Z] INFO: Finished Test Case: TC_ERROR_024 - Status: PASSED (17ms)

[2026-07-23T14:02:57.714Z] INFO: Starting Test Case: TC_ERROR_025 - Error Handling validation check - Scenario 25 [Priority: MEDIUM]
[2026-07-23T14:02:57.752Z] INFO: Finished Test Case: TC_ERROR_025 - Status: PASSED (38ms)

[2026-07-23T14:02:57.752Z] INFO: Starting Test Case: TC_SESSION_001 - Session Management validation check - Scenario 1 [Priority: CRITICAL]
[2026-07-23T14:02:57.773Z] INFO: Finished Test Case: TC_SESSION_001 - Status: PASSED (21ms)

[2026-07-23T14:02:57.773Z] INFO: Starting Test Case: TC_SESSION_002 - Session Management validation check - Scenario 2 [Priority: HIGH]
[2026-07-23T14:02:57.782Z] INFO: Finished Test Case: TC_SESSION_002 - Status: PASSED (9ms)

[2026-07-23T14:02:57.782Z] INFO: Starting Test Case: TC_SESSION_003 - Session Management validation check - Scenario 3 [Priority: HIGH]
[2026-07-23T14:02:57.812Z] INFO: Finished Test Case: TC_SESSION_003 - Status: PASSED (30ms)

[2026-07-23T14:02:57.813Z] INFO: Starting Test Case: TC_SESSION_004 - Session Management validation check - Scenario 4 [Priority: LOW]
[2026-07-23T14:02:57.845Z] INFO: Finished Test Case: TC_SESSION_004 - Status: PASSED (32ms)

[2026-07-23T14:02:57.845Z] INFO: Starting Test Case: TC_SESSION_005 - Session Management validation check - Scenario 5 [Priority: MEDIUM]
[2026-07-23T14:02:57.858Z] INFO: Finished Test Case: TC_SESSION_005 - Status: PASSED (13ms)

[2026-07-23T14:02:57.858Z] INFO: Starting Test Case: TC_SESSION_006 - Session Management validation check - Scenario 6 [Priority: CRITICAL]
[2026-07-23T14:02:57.881Z] INFO: Finished Test Case: TC_SESSION_006 - Status: PASSED (23ms)

[2026-07-23T14:02:57.881Z] INFO: Starting Test Case: TC_SESSION_007 - Session Management validation check - Scenario 7 [Priority: HIGH]
[2026-07-23T14:02:57.917Z] INFO: Finished Test Case: TC_SESSION_007 - Status: PASSED (36ms)

[2026-07-23T14:02:57.917Z] INFO: Starting Test Case: TC_SESSION_008 - Session Management validation check - Scenario 8 [Priority: HIGH]
[2026-07-23T14:02:57.937Z] INFO: Finished Test Case: TC_SESSION_008 - Status: PASSED (20ms)

[2026-07-23T14:02:57.937Z] INFO: Starting Test Case: TC_SESSION_009 - Session Management validation check - Scenario 9 [Priority: LOW]
[2026-07-23T14:02:57.973Z] INFO: Finished Test Case: TC_SESSION_009 - Status: PASSED (36ms)

[2026-07-23T14:02:57.973Z] INFO: Starting Test Case: TC_SESSION_010 - Session Management validation check - Scenario 10 [Priority: MEDIUM]
[2026-07-23T14:02:58.015Z] INFO: Finished Test Case: TC_SESSION_010 - Status: PASSED (42ms)

[2026-07-23T14:02:58.015Z] INFO: Starting Test Case: TC_SESSION_011 - Session Management validation check - Scenario 11 [Priority: CRITICAL]
[2026-07-23T14:02:58.025Z] INFO: Finished Test Case: TC_SESSION_011 - Status: PASSED (10ms)

[2026-07-23T14:02:58.025Z] INFO: Starting Test Case: TC_SESSION_012 - Session Management validation check - Scenario 12 [Priority: HIGH]
[2026-07-23T14:02:58.039Z] INFO: Finished Test Case: TC_SESSION_012 - Status: PASSED (14ms)

[2026-07-23T14:02:58.039Z] INFO: Starting Test Case: TC_SESSION_013 - Session Management validation check - Scenario 13 [Priority: HIGH]
[2026-07-23T14:02:58.045Z] INFO: Finished Test Case: TC_SESSION_013 - Status: PASSED (6ms)

[2026-07-23T14:02:58.045Z] INFO: Starting Test Case: TC_SESSION_014 - Session Management validation check - Scenario 14 [Priority: LOW]
[2026-07-23T14:02:58.071Z] INFO: Finished Test Case: TC_SESSION_014 - Status: PASSED (26ms)

[2026-07-23T14:02:58.072Z] INFO: Starting Test Case: TC_SESSION_015 - Session Management validation check - Scenario 15 [Priority: MEDIUM]
[2026-07-23T14:02:58.121Z] INFO: Finished Test Case: TC_SESSION_015 - Status: PASSED (49ms)

[2026-07-23T14:02:58.121Z] INFO: Starting Test Case: TC_SESSION_016 - Session Management validation check - Scenario 16 [Priority: CRITICAL]
[2026-07-23T14:02:58.169Z] INFO: Finished Test Case: TC_SESSION_016 - Status: PASSED (48ms)

[2026-07-23T14:02:58.169Z] INFO: Starting Test Case: TC_SESSION_017 - Session Management validation check - Scenario 17 [Priority: HIGH]
[2026-07-23T14:02:58.184Z] INFO: Finished Test Case: TC_SESSION_017 - Status: PASSED (15ms)

[2026-07-23T14:02:58.184Z] INFO: Starting Test Case: TC_SESSION_018 - Session Management validation check - Scenario 18 [Priority: HIGH]
[2026-07-23T14:02:58.232Z] INFO: Finished Test Case: TC_SESSION_018 - Status: PASSED (48ms)

[2026-07-23T14:02:58.232Z] INFO: Starting Test Case: TC_SESSION_019 - Session Management validation check - Scenario 19 [Priority: LOW]
[2026-07-23T14:02:58.242Z] INFO: Finished Test Case: TC_SESSION_019 - Status: PASSED (10ms)

[2026-07-23T14:02:58.242Z] INFO: Starting Test Case: TC_SESSION_020 - Session Management validation check - Scenario 20 [Priority: MEDIUM]
[2026-07-23T14:02:58.288Z] INFO: Finished Test Case: TC_SESSION_020 - Status: PASSED (46ms)

[2026-07-23T14:02:58.288Z] INFO: Starting Test Case: TC_SESSION_021 - Session Management validation check - Scenario 21 [Priority: CRITICAL]
[2026-07-23T14:02:58.316Z] INFO: Finished Test Case: TC_SESSION_021 - Status: PASSED (28ms)

[2026-07-23T14:02:58.316Z] INFO: Starting Test Case: TC_SESSION_022 - Session Management validation check - Scenario 22 [Priority: HIGH]
[2026-07-23T14:02:58.349Z] INFO: Finished Test Case: TC_SESSION_022 - Status: PASSED (33ms)

[2026-07-23T14:02:58.349Z] INFO: Starting Test Case: TC_SESSION_023 - Session Management validation check - Scenario 23 [Priority: HIGH]
[2026-07-23T14:02:58.356Z] INFO: Finished Test Case: TC_SESSION_023 - Status: PASSED (6ms)

[2026-07-23T14:02:58.356Z] INFO: Starting Test Case: TC_SESSION_024 - Session Management validation check - Scenario 24 [Priority: LOW]
[2026-07-23T14:02:58.401Z] INFO: Finished Test Case: TC_SESSION_024 - Status: PASSED (45ms)

[2026-07-23T14:02:58.401Z] INFO: Starting Test Case: TC_SESSION_025 - Session Management validation check - Scenario 25 [Priority: MEDIUM]
[2026-07-23T14:02:58.413Z] INFO: Finished Test Case: TC_SESSION_025 - Status: PASSED (12ms)

[2026-07-23T14:02:58.413Z] INFO: Starting Test Case: TC_FILE_001 - File Upload validation check - Scenario 1 [Priority: CRITICAL]
[2026-07-23T14:02:58.451Z] INFO: Finished Test Case: TC_FILE_001 - Status: PASSED (38ms)

[2026-07-23T14:02:58.451Z] INFO: Starting Test Case: TC_FILE_002 - File Upload validation check - Scenario 2 [Priority: HIGH]
[2026-07-23T14:02:58.451Z] INFO: Running E2E: Large File Upload...
[2026-07-23T14:02:58.452Z] INFO: Finished Test Case: TC_FILE_002 - Status: PASSED (1ms)

[2026-07-23T14:02:58.452Z] INFO: Starting Test Case: TC_FILE_003 - File Upload validation check - Scenario 3 [Priority: HIGH]
[2026-07-23T14:02:58.499Z] INFO: Finished Test Case: TC_FILE_003 - Status: PASSED (47ms)

[2026-07-23T14:02:58.499Z] INFO: Starting Test Case: TC_FILE_004 - File Upload validation check - Scenario 4 [Priority: LOW]
[2026-07-23T14:02:58.536Z] INFO: Finished Test Case: TC_FILE_004 - Status: PASSED (37ms)

[2026-07-23T14:02:58.536Z] INFO: Starting Test Case: TC_FILE_005 - File Upload validation check - Scenario 5 [Priority: MEDIUM]
[2026-07-23T14:02:58.549Z] INFO: Finished Test Case: TC_FILE_005 - Status: PASSED (13ms)

[2026-07-23T14:02:58.549Z] INFO: Starting Test Case: TC_FILE_006 - File Upload validation check - Scenario 6 [Priority: CRITICAL]
[2026-07-23T14:02:58.572Z] INFO: Finished Test Case: TC_FILE_006 - Status: PASSED (23ms)

[2026-07-23T14:02:58.572Z] INFO: Starting Test Case: TC_FILE_007 - File Upload validation check - Scenario 7 [Priority: HIGH]
[2026-07-23T14:02:58.594Z] INFO: Finished Test Case: TC_FILE_007 - Status: PASSED (22ms)

[2026-07-23T14:02:58.594Z] INFO: Starting Test Case: TC_FILE_008 - File Upload validation check - Scenario 8 [Priority: HIGH]
[2026-07-23T14:02:58.633Z] INFO: Finished Test Case: TC_FILE_008 - Status: PASSED (39ms)

[2026-07-23T14:02:58.634Z] INFO: Starting Test Case: TC_FILE_009 - File Upload validation check - Scenario 9 [Priority: LOW]
[2026-07-23T14:02:58.647Z] INFO: Finished Test Case: TC_FILE_009 - Status: PASSED (13ms)

[2026-07-23T14:02:58.647Z] INFO: Starting Test Case: TC_FILE_010 - File Upload validation check - Scenario 10 [Priority: MEDIUM]
[2026-07-23T14:02:58.678Z] INFO: Finished Test Case: TC_FILE_010 - Status: PASSED (31ms)

[2026-07-23T14:02:58.679Z] INFO: Starting Test Case: TC_FILE_011 - File Upload validation check - Scenario 11 [Priority: CRITICAL]
[2026-07-23T14:02:58.706Z] INFO: Finished Test Case: TC_FILE_011 - Status: PASSED (27ms)

[2026-07-23T14:02:58.706Z] INFO: Starting Test Case: TC_FILE_012 - File Upload validation check - Scenario 12 [Priority: HIGH]
[2026-07-23T14:02:58.740Z] INFO: Finished Test Case: TC_FILE_012 - Status: PASSED (34ms)

[2026-07-23T14:02:58.741Z] INFO: Starting Test Case: TC_FILE_013 - File Upload validation check - Scenario 13 [Priority: HIGH]
[2026-07-23T14:02:58.761Z] INFO: Finished Test Case: TC_FILE_013 - Status: PASSED (20ms)

[2026-07-23T14:02:58.761Z] INFO: Starting Test Case: TC_FILE_014 - File Upload validation check - Scenario 14 [Priority: LOW]
[2026-07-23T14:02:58.768Z] INFO: Finished Test Case: TC_FILE_014 - Status: PASSED (7ms)

[2026-07-23T14:02:58.768Z] INFO: Starting Test Case: TC_FILE_015 - File Upload validation check - Scenario 15 [Priority: MEDIUM]
[2026-07-23T14:02:58.789Z] INFO: Finished Test Case: TC_FILE_015 - Status: PASSED (21ms)

[2026-07-23T14:02:58.789Z] INFO: Starting Test Case: TC_FILE_016 - File Upload validation check - Scenario 16 [Priority: CRITICAL]
[2026-07-23T14:02:58.821Z] INFO: Finished Test Case: TC_FILE_016 - Status: PASSED (32ms)

[2026-07-23T14:02:58.821Z] INFO: Starting Test Case: TC_FILE_017 - File Upload validation check - Scenario 17 [Priority: HIGH]
[2026-07-23T14:02:58.862Z] INFO: Finished Test Case: TC_FILE_017 - Status: PASSED (41ms)

[2026-07-23T14:02:58.862Z] INFO: Starting Test Case: TC_FILE_018 - File Upload validation check - Scenario 18 [Priority: HIGH]
[2026-07-23T14:02:58.883Z] INFO: Finished Test Case: TC_FILE_018 - Status: PASSED (21ms)

[2026-07-23T14:02:58.883Z] INFO: Starting Test Case: TC_FILE_019 - File Upload validation check - Scenario 19 [Priority: LOW]
[2026-07-23T14:02:58.899Z] INFO: Finished Test Case: TC_FILE_019 - Status: PASSED (16ms)

[2026-07-23T14:02:58.899Z] INFO: Starting Test Case: TC_FILE_020 - File Upload validation check - Scenario 20 [Priority: MEDIUM]
[2026-07-23T14:02:58.945Z] INFO: Finished Test Case: TC_FILE_020 - Status: PASSED (46ms)

[2026-07-23T14:02:58.945Z] INFO: Starting Test Case: TC_FILE_021 - File Upload validation check - Scenario 21 [Priority: CRITICAL]
[2026-07-23T14:02:58.985Z] INFO: Finished Test Case: TC_FILE_021 - Status: PASSED (40ms)

[2026-07-23T14:02:58.985Z] INFO: Starting Test Case: TC_FILE_022 - File Upload validation check - Scenario 22 [Priority: HIGH]
[2026-07-23T14:02:59.025Z] INFO: Finished Test Case: TC_FILE_022 - Status: PASSED (40ms)

[2026-07-23T14:02:59.026Z] INFO: Starting Test Case: TC_FILE_023 - File Upload validation check - Scenario 23 [Priority: HIGH]
[2026-07-23T14:02:59.072Z] INFO: Finished Test Case: TC_FILE_023 - Status: PASSED (46ms)

[2026-07-23T14:02:59.072Z] INFO: Starting Test Case: TC_FILE_024 - File Upload validation check - Scenario 24 [Priority: LOW]
[2026-07-23T14:02:59.083Z] INFO: Finished Test Case: TC_FILE_024 - Status: PASSED (11ms)

[2026-07-23T14:02:59.083Z] INFO: Starting Test Case: TC_FILE_025 - File Upload validation check - Scenario 25 [Priority: MEDIUM]
[2026-07-23T14:02:59.100Z] INFO: Finished Test Case: TC_FILE_025 - Status: PASSED (17ms)

[2026-07-23T14:02:59.100Z] INFO: Starting Test Case: TC_A11Y_001 - Accessibility validation check - Scenario 1 [Priority: CRITICAL]
[2026-07-23T14:02:59.140Z] INFO: Finished Test Case: TC_A11Y_001 - Status: PASSED (40ms)

[2026-07-23T14:02:59.140Z] INFO: Starting Test Case: TC_A11Y_002 - Accessibility validation check - Scenario 2 [Priority: HIGH]
[2026-07-23T14:02:59.189Z] INFO: Finished Test Case: TC_A11Y_002 - Status: PASSED (49ms)

[2026-07-23T14:02:59.189Z] INFO: Starting Test Case: TC_A11Y_003 - Accessibility validation check - Scenario 3 [Priority: HIGH]
[2026-07-23T14:02:59.196Z] INFO: Finished Test Case: TC_A11Y_003 - Status: PASSED (7ms)

[2026-07-23T14:02:59.196Z] INFO: Starting Test Case: TC_A11Y_004 - Accessibility validation check - Scenario 4 [Priority: LOW]
[2026-07-23T14:02:59.233Z] INFO: Finished Test Case: TC_A11Y_004 - Status: PASSED (37ms)

[2026-07-23T14:02:59.233Z] INFO: Starting Test Case: TC_A11Y_005 - Accessibility validation check - Scenario 5 [Priority: MEDIUM]
[2026-07-23T14:02:59.282Z] INFO: Finished Test Case: TC_A11Y_005 - Status: PASSED (49ms)

[2026-07-23T14:02:59.282Z] INFO: Starting Test Case: TC_A11Y_006 - Accessibility validation check - Scenario 6 [Priority: CRITICAL]
[2026-07-23T14:02:59.294Z] INFO: Finished Test Case: TC_A11Y_006 - Status: PASSED (12ms)

[2026-07-23T14:02:59.294Z] INFO: Starting Test Case: TC_A11Y_007 - Accessibility validation check - Scenario 7 [Priority: HIGH]
[2026-07-23T14:02:59.326Z] INFO: Finished Test Case: TC_A11Y_007 - Status: PASSED (32ms)

[2026-07-23T14:02:59.326Z] INFO: Starting Test Case: TC_A11Y_008 - Accessibility validation check - Scenario 8 [Priority: HIGH]
[2026-07-23T14:02:59.370Z] INFO: Finished Test Case: TC_A11Y_008 - Status: PASSED (44ms)

[2026-07-23T14:02:59.370Z] INFO: Starting Test Case: TC_A11Y_009 - Accessibility validation check - Scenario 9 [Priority: LOW]
[2026-07-23T14:02:59.403Z] INFO: Finished Test Case: TC_A11Y_009 - Status: PASSED (33ms)

[2026-07-23T14:02:59.403Z] INFO: Starting Test Case: TC_A11Y_010 - Accessibility validation check - Scenario 10 [Priority: MEDIUM]
[2026-07-23T14:02:59.410Z] INFO: Finished Test Case: TC_A11Y_010 - Status: PASSED (7ms)

[2026-07-23T14:02:59.410Z] INFO: Starting Test Case: TC_A11Y_011 - Accessibility validation check - Scenario 11 [Priority: CRITICAL]
[2026-07-23T14:02:59.431Z] INFO: Finished Test Case: TC_A11Y_011 - Status: PASSED (21ms)

[2026-07-23T14:02:59.431Z] INFO: Starting Test Case: TC_A11Y_012 - Accessibility validation check - Scenario 12 [Priority: HIGH]
[2026-07-23T14:02:59.441Z] INFO: Finished Test Case: TC_A11Y_012 - Status: PASSED (10ms)

[2026-07-23T14:02:59.441Z] INFO: Starting Test Case: TC_A11Y_013 - Accessibility validation check - Scenario 13 [Priority: HIGH]
[2026-07-23T14:02:59.455Z] INFO: Finished Test Case: TC_A11Y_013 - Status: PASSED (14ms)

[2026-07-23T14:02:59.455Z] INFO: Starting Test Case: TC_A11Y_014 - Accessibility validation check - Scenario 14 [Priority: LOW]
[2026-07-23T14:02:59.475Z] INFO: Finished Test Case: TC_A11Y_014 - Status: PASSED (20ms)

[2026-07-23T14:02:59.475Z] INFO: Starting Test Case: TC_A11Y_015 - Accessibility validation check - Scenario 15 [Priority: MEDIUM]
[2026-07-23T14:02:59.507Z] INFO: Finished Test Case: TC_A11Y_015 - Status: PASSED (32ms)

[2026-07-23T14:02:59.508Z] INFO: Starting Test Case: TC_A11Y_016 - Accessibility validation check - Scenario 16 [Priority: CRITICAL]
[2026-07-23T14:02:59.530Z] INFO: Finished Test Case: TC_A11Y_016 - Status: PASSED (22ms)

[2026-07-23T14:02:59.530Z] INFO: Starting Test Case: TC_A11Y_017 - Accessibility validation check - Scenario 17 [Priority: HIGH]
[2026-07-23T14:02:59.552Z] INFO: Finished Test Case: TC_A11Y_017 - Status: PASSED (22ms)

[2026-07-23T14:02:59.553Z] INFO: Starting Test Case: TC_A11Y_018 - Accessibility validation check - Scenario 18 [Priority: HIGH]
[2026-07-23T14:02:59.563Z] INFO: Finished Test Case: TC_A11Y_018 - Status: PASSED (10ms)

[2026-07-23T14:02:59.563Z] INFO: Starting Test Case: TC_A11Y_019 - Accessibility validation check - Scenario 19 [Priority: LOW]
[2026-07-23T14:02:59.589Z] INFO: Finished Test Case: TC_A11Y_019 - Status: PASSED (26ms)

[2026-07-23T14:02:59.589Z] INFO: Starting Test Case: TC_A11Y_020 - Accessibility validation check - Scenario 20 [Priority: MEDIUM]
[2026-07-23T14:02:59.614Z] INFO: Finished Test Case: TC_A11Y_020 - Status: PASSED (25ms)

[2026-07-23T14:02:59.614Z] INFO: Starting Test Case: TC_A11Y_021 - Accessibility validation check - Scenario 21 [Priority: CRITICAL]
[2026-07-23T14:02:59.621Z] INFO: Finished Test Case: TC_A11Y_021 - Status: PASSED (7ms)

[2026-07-23T14:02:59.621Z] INFO: Starting Test Case: TC_A11Y_022 - Accessibility validation check - Scenario 22 [Priority: HIGH]
[2026-07-23T14:02:59.650Z] INFO: Finished Test Case: TC_A11Y_022 - Status: PASSED (29ms)

[2026-07-23T14:02:59.650Z] INFO: Starting Test Case: TC_A11Y_023 - Accessibility validation check - Scenario 23 [Priority: HIGH]
[2026-07-23T14:02:59.670Z] INFO: Finished Test Case: TC_A11Y_023 - Status: PASSED (20ms)

[2026-07-23T14:02:59.670Z] INFO: Starting Test Case: TC_A11Y_024 - Accessibility validation check - Scenario 24 [Priority: LOW]
[2026-07-23T14:02:59.684Z] INFO: Finished Test Case: TC_A11Y_024 - Status: PASSED (14ms)

[2026-07-23T14:02:59.684Z] INFO: Starting Test Case: TC_A11Y_025 - Accessibility validation check - Scenario 25 [Priority: MEDIUM]
[2026-07-23T14:02:59.709Z] INFO: Finished Test Case: TC_A11Y_025 - Status: PASSED (25ms)

[2026-07-23T14:02:59.709Z] INFO: Starting Test Case: TC_RESPONSIVE_001 - Responsive Design validation check - Scenario 1 [Priority: CRITICAL]
[2026-07-23T14:02:59.752Z] INFO: Finished Test Case: TC_RESPONSIVE_001 - Status: PASSED (43ms)

[2026-07-23T14:02:59.752Z] INFO: Starting Test Case: TC_RESPONSIVE_002 - Responsive Design validation check - Scenario 2 [Priority: HIGH]
[2026-07-23T14:02:59.776Z] INFO: Finished Test Case: TC_RESPONSIVE_002 - Status: PASSED (24ms)

[2026-07-23T14:02:59.776Z] INFO: Starting Test Case: TC_RESPONSIVE_003 - Responsive Design validation check - Scenario 3 [Priority: HIGH]
[2026-07-23T14:02:59.824Z] INFO: Finished Test Case: TC_RESPONSIVE_003 - Status: PASSED (48ms)

[2026-07-23T14:02:59.824Z] INFO: Starting Test Case: TC_RESPONSIVE_004 - Responsive Design validation check - Scenario 4 [Priority: LOW]
[2026-07-23T14:02:59.853Z] INFO: Finished Test Case: TC_RESPONSIVE_004 - Status: PASSED (29ms)

[2026-07-23T14:02:59.853Z] INFO: Starting Test Case: TC_RESPONSIVE_005 - Responsive Design validation check - Scenario 5 [Priority: MEDIUM]
[2026-07-23T14:02:59.867Z] INFO: Finished Test Case: TC_RESPONSIVE_005 - Status: PASSED (14ms)

[2026-07-23T14:02:59.867Z] INFO: Starting Test Case: TC_RESPONSIVE_006 - Responsive Design validation check - Scenario 6 [Priority: CRITICAL]
[2026-07-23T14:02:59.887Z] INFO: Finished Test Case: TC_RESPONSIVE_006 - Status: PASSED (20ms)

[2026-07-23T14:02:59.887Z] INFO: Starting Test Case: TC_RESPONSIVE_007 - Responsive Design validation check - Scenario 7 [Priority: HIGH]
[2026-07-23T14:02:59.908Z] INFO: Finished Test Case: TC_RESPONSIVE_007 - Status: PASSED (21ms)

[2026-07-23T14:02:59.909Z] INFO: Starting Test Case: TC_RESPONSIVE_008 - Responsive Design validation check - Scenario 8 [Priority: HIGH]
[2026-07-23T14:02:59.945Z] INFO: Finished Test Case: TC_RESPONSIVE_008 - Status: PASSED (37ms)

[2026-07-23T14:02:59.945Z] INFO: Starting Test Case: TC_RESPONSIVE_009 - Responsive Design validation check - Scenario 9 [Priority: LOW]
[2026-07-23T14:02:59.958Z] INFO: Finished Test Case: TC_RESPONSIVE_009 - Status: PASSED (13ms)

[2026-07-23T14:02:59.958Z] INFO: Starting Test Case: TC_RESPONSIVE_010 - Responsive Design validation check - Scenario 10 [Priority: MEDIUM]
[2026-07-23T14:02:59.972Z] INFO: Finished Test Case: TC_RESPONSIVE_010 - Status: PASSED (14ms)

[2026-07-23T14:02:59.972Z] INFO: Starting Test Case: TC_RESPONSIVE_011 - Responsive Design validation check - Scenario 11 [Priority: CRITICAL]
[2026-07-23T14:03:00.013Z] INFO: Finished Test Case: TC_RESPONSIVE_011 - Status: PASSED (41ms)

[2026-07-23T14:03:00.013Z] INFO: Starting Test Case: TC_RESPONSIVE_012 - Responsive Design validation check - Scenario 12 [Priority: HIGH]
[2026-07-23T14:03:00.062Z] INFO: Finished Test Case: TC_RESPONSIVE_012 - Status: PASSED (49ms)

[2026-07-23T14:03:00.062Z] INFO: Starting Test Case: TC_RESPONSIVE_013 - Responsive Design validation check - Scenario 13 [Priority: HIGH]
[2026-07-23T14:03:00.105Z] INFO: Finished Test Case: TC_RESPONSIVE_013 - Status: PASSED (43ms)

[2026-07-23T14:03:00.105Z] INFO: Starting Test Case: TC_RESPONSIVE_014 - Responsive Design validation check - Scenario 14 [Priority: LOW]
[2026-07-23T14:03:00.155Z] INFO: Finished Test Case: TC_RESPONSIVE_014 - Status: PASSED (50ms)

[2026-07-23T14:03:00.155Z] INFO: Starting Test Case: TC_RESPONSIVE_015 - Responsive Design validation check - Scenario 15 [Priority: MEDIUM]
[2026-07-23T14:03:00.199Z] INFO: Finished Test Case: TC_RESPONSIVE_015 - Status: PASSED (44ms)

[2026-07-23T14:03:00.200Z] INFO: Starting Test Case: TC_RESPONSIVE_016 - Responsive Design validation check - Scenario 16 [Priority: CRITICAL]
[2026-07-23T14:03:00.208Z] INFO: Finished Test Case: TC_RESPONSIVE_016 - Status: PASSED (8ms)

[2026-07-23T14:03:00.208Z] INFO: Starting Test Case: TC_RESPONSIVE_017 - Responsive Design validation check - Scenario 17 [Priority: HIGH]
[2026-07-23T14:03:00.220Z] INFO: Finished Test Case: TC_RESPONSIVE_017 - Status: PASSED (12ms)

[2026-07-23T14:03:00.220Z] INFO: Starting Test Case: TC_RESPONSIVE_018 - Responsive Design validation check - Scenario 18 [Priority: HIGH]
[2026-07-23T14:03:00.249Z] INFO: Finished Test Case: TC_RESPONSIVE_018 - Status: PASSED (29ms)

[2026-07-23T14:03:00.249Z] INFO: Starting Test Case: TC_RESPONSIVE_019 - Responsive Design validation check - Scenario 19 [Priority: LOW]
[2026-07-23T14:03:00.298Z] INFO: Finished Test Case: TC_RESPONSIVE_019 - Status: PASSED (49ms)

[2026-07-23T14:03:00.298Z] INFO: Starting Test Case: TC_RESPONSIVE_020 - Responsive Design validation check - Scenario 20 [Priority: MEDIUM]
[2026-07-23T14:03:00.330Z] INFO: Finished Test Case: TC_RESPONSIVE_020 - Status: PASSED (32ms)

[2026-07-23T14:03:00.330Z] INFO: Starting Test Case: TC_RESPONSIVE_021 - Responsive Design validation check - Scenario 21 [Priority: CRITICAL]
[2026-07-23T14:03:00.378Z] INFO: Finished Test Case: TC_RESPONSIVE_021 - Status: PASSED (48ms)

[2026-07-23T14:03:00.378Z] INFO: Starting Test Case: TC_RESPONSIVE_022 - Responsive Design validation check - Scenario 22 [Priority: HIGH]
[2026-07-23T14:03:00.409Z] INFO: Finished Test Case: TC_RESPONSIVE_022 - Status: PASSED (31ms)

[2026-07-23T14:03:00.409Z] INFO: Starting Test Case: TC_RESPONSIVE_023 - Responsive Design validation check - Scenario 23 [Priority: HIGH]
[2026-07-23T14:03:00.455Z] INFO: Finished Test Case: TC_RESPONSIVE_023 - Status: PASSED (46ms)

[2026-07-23T14:03:00.455Z] INFO: Starting Test Case: TC_RESPONSIVE_024 - Responsive Design validation check - Scenario 24 [Priority: LOW]
[2026-07-23T14:03:00.494Z] INFO: Finished Test Case: TC_RESPONSIVE_024 - Status: PASSED (39ms)

[2026-07-23T14:03:00.494Z] INFO: Starting Test Case: TC_RESPONSIVE_025 - Responsive Design validation check - Scenario 25 [Priority: MEDIUM]
[2026-07-23T14:03:00.500Z] INFO: Finished Test Case: TC_RESPONSIVE_025 - Status: PASSED (6ms)

[2026-07-23T14:03:00.500Z] INFO: Starting Test Case: TC_PERF_001 - Performance Smoke validation check - Scenario 1 [Priority: CRITICAL]
[2026-07-23T14:03:00.514Z] INFO: Finished Test Case: TC_PERF_001 - Status: PASSED (14ms)

[2026-07-23T14:03:00.514Z] INFO: Starting Test Case: TC_PERF_002 - Performance Smoke validation check - Scenario 2 [Priority: HIGH]
[2026-07-23T14:03:00.544Z] INFO: Finished Test Case: TC_PERF_002 - Status: PASSED (30ms)

[2026-07-23T14:03:00.544Z] INFO: Starting Test Case: TC_PERF_003 - Performance Smoke validation check - Scenario 3 [Priority: HIGH]
[2026-07-23T14:03:00.567Z] INFO: Finished Test Case: TC_PERF_003 - Status: PASSED (23ms)

[2026-07-23T14:03:00.567Z] INFO: Starting Test Case: TC_PERF_004 - Performance Smoke validation check - Scenario 4 [Priority: LOW]
[2026-07-23T14:03:00.614Z] INFO: Finished Test Case: TC_PERF_004 - Status: PASSED (47ms)

[2026-07-23T14:03:00.614Z] INFO: Starting Test Case: TC_PERF_005 - Performance Smoke validation check - Scenario 5 [Priority: MEDIUM]
[2026-07-23T14:03:00.632Z] INFO: Finished Test Case: TC_PERF_005 - Status: PASSED (18ms)

[2026-07-23T14:03:00.632Z] INFO: Starting Test Case: TC_PERF_006 - Performance Smoke validation check - Scenario 6 [Priority: CRITICAL]
[2026-07-23T14:03:00.652Z] INFO: Finished Test Case: TC_PERF_006 - Status: PASSED (20ms)

[2026-07-23T14:03:00.652Z] INFO: Starting Test Case: TC_PERF_007 - Performance Smoke validation check - Scenario 7 [Priority: HIGH]
[2026-07-23T14:03:00.686Z] INFO: Finished Test Case: TC_PERF_007 - Status: PASSED (34ms)

[2026-07-23T14:03:00.687Z] INFO: Starting Test Case: TC_PERF_008 - Performance Smoke validation check - Scenario 8 [Priority: HIGH]
[2026-07-23T14:03:00.728Z] INFO: Finished Test Case: TC_PERF_008 - Status: PASSED (41ms)

[2026-07-23T14:03:00.728Z] INFO: Starting Test Case: TC_PERF_009 - Performance Smoke validation check - Scenario 9 [Priority: LOW]
[2026-07-23T14:03:00.746Z] INFO: Finished Test Case: TC_PERF_009 - Status: PASSED (18ms)

[2026-07-23T14:03:00.746Z] INFO: Starting Test Case: TC_PERF_010 - Performance Smoke validation check - Scenario 10 [Priority: MEDIUM]
[2026-07-23T14:03:00.770Z] INFO: Finished Test Case: TC_PERF_010 - Status: PASSED (24ms)

[2026-07-23T14:03:00.770Z] INFO: Starting Test Case: TC_PERF_011 - Performance Smoke validation check - Scenario 11 [Priority: CRITICAL]
[2026-07-23T14:03:00.787Z] INFO: Finished Test Case: TC_PERF_011 - Status: PASSED (17ms)

[2026-07-23T14:03:00.787Z] INFO: Starting Test Case: TC_PERF_012 - Performance Smoke validation check - Scenario 12 [Priority: HIGH]
[2026-07-23T14:03:00.826Z] INFO: Finished Test Case: TC_PERF_012 - Status: PASSED (39ms)

[2026-07-23T14:03:00.826Z] INFO: Starting Test Case: TC_PERF_013 - Performance Smoke validation check - Scenario 13 [Priority: HIGH]
[2026-07-23T14:03:00.842Z] INFO: Finished Test Case: TC_PERF_013 - Status: PASSED (16ms)

[2026-07-23T14:03:00.842Z] INFO: Starting Test Case: TC_PERF_014 - Performance Smoke validation check - Scenario 14 [Priority: LOW]
[2026-07-23T14:03:00.863Z] INFO: Finished Test Case: TC_PERF_014 - Status: PASSED (21ms)

[2026-07-23T14:03:00.863Z] INFO: Starting Test Case: TC_PERF_015 - Performance Smoke validation check - Scenario 15 [Priority: MEDIUM]
[2026-07-23T14:03:00.909Z] INFO: Finished Test Case: TC_PERF_015 - Status: PASSED (46ms)

[2026-07-23T14:03:00.909Z] INFO: Starting Test Case: TC_PERF_016 - Performance Smoke validation check - Scenario 16 [Priority: CRITICAL]
[2026-07-23T14:03:00.917Z] INFO: Finished Test Case: TC_PERF_016 - Status: PASSED (8ms)

[2026-07-23T14:03:00.918Z] INFO: Starting Test Case: TC_PERF_017 - Performance Smoke validation check - Scenario 17 [Priority: HIGH]
[2026-07-23T14:03:00.955Z] INFO: Finished Test Case: TC_PERF_017 - Status: PASSED (37ms)

[2026-07-23T14:03:00.955Z] INFO: Starting Test Case: TC_PERF_018 - Performance Smoke validation check - Scenario 18 [Priority: HIGH]
[2026-07-23T14:03:00.987Z] INFO: Finished Test Case: TC_PERF_018 - Status: PASSED (32ms)

[2026-07-23T14:03:00.987Z] INFO: Starting Test Case: TC_PERF_019 - Performance Smoke validation check - Scenario 19 [Priority: LOW]
[2026-07-23T14:03:01.030Z] INFO: Finished Test Case: TC_PERF_019 - Status: PASSED (43ms)

[2026-07-23T14:03:01.030Z] INFO: Starting Test Case: TC_PERF_020 - Performance Smoke validation check - Scenario 20 [Priority: MEDIUM]
[2026-07-23T14:03:01.062Z] INFO: Finished Test Case: TC_PERF_020 - Status: PASSED (32ms)

[2026-07-23T14:03:01.063Z] INFO: Starting Test Case: TC_PERF_021 - Performance Smoke validation check - Scenario 21 [Priority: CRITICAL]
[2026-07-23T14:03:01.076Z] INFO: Finished Test Case: TC_PERF_021 - Status: PASSED (13ms)

[2026-07-23T14:03:01.076Z] INFO: Starting Test Case: TC_PERF_022 - Performance Smoke validation check - Scenario 22 [Priority: HIGH]
[2026-07-23T14:03:01.124Z] INFO: Finished Test Case: TC_PERF_022 - Status: PASSED (48ms)

[2026-07-23T14:03:01.125Z] INFO: Starting Test Case: TC_PERF_023 - Performance Smoke validation check - Scenario 23 [Priority: HIGH]
[2026-07-23T14:03:01.132Z] INFO: Finished Test Case: TC_PERF_023 - Status: PASSED (7ms)

[2026-07-23T14:03:01.132Z] INFO: Starting Test Case: TC_PERF_024 - Performance Smoke validation check - Scenario 24 [Priority: LOW]
[2026-07-23T14:03:01.160Z] INFO: Finished Test Case: TC_PERF_024 - Status: PASSED (28ms)

[2026-07-23T14:03:01.161Z] INFO: Starting Test Case: TC_PERF_025 - Performance Smoke validation check - Scenario 25 [Priority: MEDIUM]
[2026-07-23T14:03:01.177Z] INFO: Finished Test Case: TC_PERF_025 - Status: PASSED (16ms)

[2026-07-23T14:03:01.177Z] INFO: Starting Test Case: TC_REGR_001 - Regression validation check - Scenario 1 [Priority: CRITICAL]
[2026-07-23T14:03:01.223Z] INFO: Finished Test Case: TC_REGR_001 - Status: PASSED (46ms)

[2026-07-23T14:03:01.223Z] INFO: Starting Test Case: TC_REGR_002 - Regression validation check - Scenario 2 [Priority: HIGH]
[2026-07-23T14:03:01.262Z] INFO: Finished Test Case: TC_REGR_002 - Status: PASSED (39ms)

[2026-07-23T14:03:01.262Z] INFO: Starting Test Case: TC_REGR_003 - Regression validation check - Scenario 3 [Priority: HIGH]
[2026-07-23T14:03:01.268Z] INFO: Finished Test Case: TC_REGR_003 - Status: PASSED (6ms)

[2026-07-23T14:03:01.268Z] INFO: Starting Test Case: TC_REGR_004 - Regression validation check - Scenario 4 [Priority: LOW]
[2026-07-23T14:03:01.316Z] INFO: Finished Test Case: TC_REGR_004 - Status: PASSED (48ms)

[2026-07-23T14:03:01.316Z] INFO: Starting Test Case: TC_REGR_005 - Regression validation check - Scenario 5 [Priority: MEDIUM]
[2026-07-23T14:03:01.337Z] INFO: Finished Test Case: TC_REGR_005 - Status: PASSED (21ms)

[2026-07-23T14:03:01.337Z] INFO: Starting Test Case: TC_REGR_006 - Regression validation check - Scenario 6 [Priority: CRITICAL]
[2026-07-23T14:03:01.360Z] INFO: Finished Test Case: TC_REGR_006 - Status: PASSED (23ms)

[2026-07-23T14:03:01.361Z] INFO: Starting Test Case: TC_REGR_007 - Regression validation check - Scenario 7 [Priority: HIGH]
[2026-07-23T14:03:01.382Z] INFO: Finished Test Case: TC_REGR_007 - Status: PASSED (21ms)

[2026-07-23T14:03:01.382Z] INFO: Starting Test Case: TC_REGR_008 - Regression validation check - Scenario 8 [Priority: HIGH]
[2026-07-23T14:03:01.390Z] INFO: Finished Test Case: TC_REGR_008 - Status: PASSED (8ms)

[2026-07-23T14:03:01.391Z] INFO: Starting Test Case: TC_REGR_009 - Regression validation check - Scenario 9 [Priority: LOW]
[2026-07-23T14:03:01.433Z] INFO: Finished Test Case: TC_REGR_009 - Status: PASSED (42ms)

[2026-07-23T14:03:01.433Z] INFO: Starting Test Case: TC_REGR_010 - Regression validation check - Scenario 10 [Priority: MEDIUM]
[2026-07-23T14:03:01.468Z] INFO: Finished Test Case: TC_REGR_010 - Status: PASSED (35ms)

[2026-07-23T14:03:01.468Z] INFO: Starting Test Case: TC_REGR_011 - Regression validation check - Scenario 11 [Priority: CRITICAL]
[2026-07-23T14:03:01.493Z] INFO: Finished Test Case: TC_REGR_011 - Status: PASSED (25ms)

[2026-07-23T14:03:01.493Z] INFO: Starting Test Case: TC_REGR_012 - Regression validation check - Scenario 12 [Priority: HIGH]
[2026-07-23T14:03:01.533Z] INFO: Finished Test Case: TC_REGR_012 - Status: PASSED (40ms)

[2026-07-23T14:03:01.533Z] INFO: Starting Test Case: TC_REGR_013 - Regression validation check - Scenario 13 [Priority: HIGH]
[2026-07-23T14:03:01.579Z] INFO: Finished Test Case: TC_REGR_013 - Status: PASSED (46ms)

[2026-07-23T14:03:01.580Z] INFO: Starting Test Case: TC_REGR_014 - Regression validation check - Scenario 14 [Priority: LOW]
[2026-07-23T14:03:01.614Z] INFO: Finished Test Case: TC_REGR_014 - Status: PASSED (34ms)

[2026-07-23T14:03:01.614Z] INFO: Starting Test Case: TC_REGR_015 - Regression validation check - Scenario 15 [Priority: MEDIUM]
[2026-07-23T14:03:01.655Z] INFO: Finished Test Case: TC_REGR_015 - Status: PASSED (41ms)

[2026-07-23T14:03:01.656Z] INFO: Starting Test Case: TC_REGR_016 - Regression validation check - Scenario 16 [Priority: CRITICAL]
[2026-07-23T14:03:01.686Z] INFO: Finished Test Case: TC_REGR_016 - Status: PASSED (30ms)

[2026-07-23T14:03:01.686Z] INFO: Starting Test Case: TC_REGR_017 - Regression validation check - Scenario 17 [Priority: HIGH]
[2026-07-23T14:03:01.711Z] INFO: Finished Test Case: TC_REGR_017 - Status: PASSED (25ms)

[2026-07-23T14:03:01.711Z] INFO: Starting Test Case: TC_REGR_018 - Regression validation check - Scenario 18 [Priority: HIGH]
[2026-07-23T14:03:01.724Z] INFO: Finished Test Case: TC_REGR_018 - Status: PASSED (13ms)

[2026-07-23T14:03:01.724Z] INFO: Starting Test Case: TC_REGR_019 - Regression validation check - Scenario 19 [Priority: LOW]
[2026-07-23T14:03:01.738Z] INFO: Finished Test Case: TC_REGR_019 - Status: PASSED (14ms)

[2026-07-23T14:03:01.739Z] INFO: Starting Test Case: TC_REGR_020 - Regression validation check - Scenario 20 [Priority: MEDIUM]
[2026-07-23T14:03:01.765Z] INFO: Finished Test Case: TC_REGR_020 - Status: PASSED (26ms)

[2026-07-23T14:03:01.765Z] INFO: Starting Test Case: TC_REGR_021 - Regression validation check - Scenario 21 [Priority: CRITICAL]
[2026-07-23T14:03:01.789Z] INFO: Finished Test Case: TC_REGR_021 - Status: PASSED (24ms)

[2026-07-23T14:03:01.790Z] INFO: Starting Test Case: TC_REGR_022 - Regression validation check - Scenario 22 [Priority: HIGH]
[2026-07-23T14:03:01.805Z] INFO: Finished Test Case: TC_REGR_022 - Status: PASSED (15ms)

[2026-07-23T14:03:01.805Z] INFO: Starting Test Case: TC_REGR_023 - Regression validation check - Scenario 23 [Priority: HIGH]
[2026-07-23T14:03:01.852Z] INFO: Finished Test Case: TC_REGR_023 - Status: PASSED (46ms)

[2026-07-23T14:03:01.852Z] INFO: Starting Test Case: TC_REGR_024 - Regression validation check - Scenario 24 [Priority: LOW]
[2026-07-23T14:03:01.860Z] INFO: Finished Test Case: TC_REGR_024 - Status: PASSED (8ms)

[2026-07-23T14:03:01.860Z] INFO: Starting Test Case: TC_REGR_025 - Regression validation check - Scenario 25 [Priority: MEDIUM]
[2026-07-23T14:03:01.887Z] INFO: Finished Test Case: TC_REGR_025 - Status: PASSED (27ms)

[2026-07-23T14:03:01.888Z] INFO: Starting Test Case: TC_REGR_026 - Regression validation check - Scenario 26 [Priority: CRITICAL]
[2026-07-23T14:03:01.895Z] INFO: Finished Test Case: TC_REGR_026 - Status: PASSED (7ms)

[2026-07-23T14:03:01.895Z] INFO: Starting Test Case: TC_REGR_027 - Regression validation check - Scenario 27 [Priority: HIGH]
[2026-07-23T14:03:01.909Z] INFO: Finished Test Case: TC_REGR_027 - Status: PASSED (14ms)

[2026-07-23T14:03:01.909Z] INFO: Starting Test Case: TC_REGR_028 - Regression validation check - Scenario 28 [Priority: HIGH]
[2026-07-23T14:03:01.954Z] INFO: Finished Test Case: TC_REGR_028 - Status: PASSED (45ms)

[2026-07-23T14:03:01.954Z] INFO: Starting Test Case: TC_REGR_029 - Regression validation check - Scenario 29 [Priority: LOW]
[2026-07-23T14:03:01.977Z] INFO: Finished Test Case: TC_REGR_029 - Status: PASSED (23ms)

[2026-07-23T14:03:01.977Z] INFO: Starting Test Case: TC_REGR_030 - Regression validation check - Scenario 30 [Priority: MEDIUM]
[2026-07-23T14:03:01.995Z] INFO: Finished Test Case: TC_REGR_030 - Status: PASSED (18ms)

[2026-07-23T14:03:01.995Z] INFO: Closing Chrome driver session...
[2026-07-23T14:03:01.998Z] INFO: Browser logs saved successfully to: /home/runner/work/pddtesting/pddtesting/automation/reports/Logs/browser-console.log
[2026-07-23T14:03:02.051Z] INFO: Session closed.
[2026-07-23T14:03:02.051Z] INFO: E2E suite execution finished. Total duration: 51.33s
[2026-07-23T14:03:02.051Z] INFO: Generating Excel automation reports...
[2026-07-23T14:03:02.261Z] INFO: Master Excel report written to: /home/runner/work/pddtesting/pddtesting/automation/reports/Excel/Automation_Test_Report.xlsx
[2026-07-23T14:03:02.339Z] INFO: Excel report generation completed successfully!
[2026-07-23T14:03:02.340Z] INFO: Generating HTML automation reports...
[2026-07-23T14:03:02.343Z] INFO: HTML Reports successfully written to: /home/runner/work/pddtesting/pddtesting/automation/reports/HTML
[2026-07-23T14:03:02.344Z] INFO: JSON report generated at: /home/runner/work/pddtesting/pddtesting/automation/reports/JSON/execution-results.json
[2026-07-23T14:03:02.344Z] INFO: Markdown step summary generated at: /home/runner/work/pddtesting/pddtesting/automation/reports/Summary/summary.md
[2026-07-23T14:03:02.345Z] INFO: Final Metrics -> Total: 400, Passed: 396, Pass Rate: 99.00%
[2026-07-23T14:03:02.345Z] INFO: Critical Tests -> Total: 81, Failed: 2, Critical Fail Rate: 2.47%
[2026-07-23T14:03:02.345Z] INFO: Execution Passed: All criteria (Pass Rate >= 95% and Critical Fail Rate <= 5%) met successfully!
