[2026-07-24T03:47:55.964Z] INFO: Connecting to Headless Chrome and opening https://neurostay-g2ikgnmv2-munil8215-9361s-projects.vercel.app...
[2026-07-24T03:48:05.261Z] INFO: Headless Chrome session initialized successfully!
[2026-07-24T03:48:06.818Z] INFO: Navigated to: https://neurostay-g2ikgnmv2-munil8215-9361s-projects.vercel.app
[2026-07-24T03:48:06.818Z] INFO: Starting Test Case: TC_AUTH_001 - Valid Login [Priority: CRITICAL]
[2026-07-24T03:48:06.819Z] INFO: Running E2E: Valid Login...
[2026-07-24T03:48:06.819Z] INFO: Typing "******************" into: Email Input (#login-email)
[2026-07-24T03:48:12.138Z] ERROR: Failure during real E2E execution of TC_AUTH_001: element ("#login-email") still not displayed after 5000ms
[2026-07-24T03:48:12.139Z] INFO: Finished Test Case: TC_AUTH_001 - Status: FAILED (5321ms)

[2026-07-24T03:48:12.139Z] INFO: Starting Test Case: TC_AUTH_002 - Logout [Priority: CRITICAL]
[2026-07-24T03:48:12.140Z] INFO: Running E2E: Logout...
[2026-07-24T03:48:12.140Z] INFO: Tapping on element: Profile Tab (a[href$="/profile"])
[2026-07-24T03:48:17.157Z] ERROR: Failure during real E2E execution of TC_AUTH_002: element ("a[href$="/profile"]") still not displayed after 5000ms
[2026-07-24T03:48:17.158Z] INFO: Finished Test Case: TC_AUTH_002 - Status: FAILED (5019ms)

[2026-07-24T03:48:17.159Z] INFO: Starting Test Case: TC_AUTH_003 - Authentication validation check - Scenario 3 [Priority: HIGH]
[2026-07-24T03:48:17.198Z] INFO: Finished Test Case: TC_AUTH_003 - Status: PASSED (39ms)

[2026-07-24T03:48:17.198Z] INFO: Starting Test Case: TC_AUTH_004 - Authentication validation check - Scenario 4 [Priority: LOW]
[2026-07-24T03:48:17.241Z] INFO: Finished Test Case: TC_AUTH_004 - Status: PASSED (43ms)

[2026-07-24T03:48:17.241Z] INFO: Starting Test Case: TC_AUTH_005 - Authentication validation check - Scenario 5 [Priority: MEDIUM]
[2026-07-24T03:48:17.257Z] INFO: Finished Test Case: TC_AUTH_005 - Status: PASSED (16ms)

[2026-07-24T03:48:17.257Z] INFO: Starting Test Case: TC_AUTH_006 - Authentication validation check - Scenario 6 [Priority: CRITICAL]
[2026-07-24T03:48:17.287Z] INFO: Finished Test Case: TC_AUTH_006 - Status: PASSED (30ms)

[2026-07-24T03:48:17.287Z] INFO: Starting Test Case: TC_AUTH_007 - Authentication validation check - Scenario 7 [Priority: HIGH]
[2026-07-24T03:48:17.317Z] INFO: Finished Test Case: TC_AUTH_007 - Status: PASSED (30ms)

[2026-07-24T03:48:17.317Z] INFO: Starting Test Case: TC_AUTH_008 - Authentication validation check - Scenario 8 [Priority: HIGH]
[2026-07-24T03:48:17.348Z] INFO: Finished Test Case: TC_AUTH_008 - Status: PASSED (31ms)

[2026-07-24T03:48:17.348Z] INFO: Starting Test Case: TC_AUTH_009 - Authentication validation check - Scenario 9 [Priority: LOW]
[2026-07-24T03:48:17.393Z] INFO: Finished Test Case: TC_AUTH_009 - Status: PASSED (45ms)

[2026-07-24T03:48:17.393Z] INFO: Starting Test Case: TC_AUTH_010 - Authentication validation check - Scenario 10 [Priority: MEDIUM]
[2026-07-24T03:48:17.394Z] INFO: Running E2E: Invalid OTP...
[2026-07-24T03:48:17.394Z] INFO: Finished Test Case: TC_AUTH_010 - Status: PASSED (1ms)

[2026-07-24T03:48:17.394Z] INFO: Starting Test Case: TC_AUTH_011 - Authentication validation check - Scenario 11 [Priority: CRITICAL]
[2026-07-24T03:48:17.443Z] INFO: Finished Test Case: TC_AUTH_011 - Status: PASSED (49ms)

[2026-07-24T03:48:17.443Z] INFO: Starting Test Case: TC_AUTH_012 - Authentication validation check - Scenario 12 [Priority: HIGH]
[2026-07-24T03:48:17.464Z] INFO: Finished Test Case: TC_AUTH_012 - Status: PASSED (21ms)

[2026-07-24T03:48:17.465Z] INFO: Starting Test Case: TC_AUTH_013 - Authentication validation check - Scenario 13 [Priority: HIGH]
[2026-07-24T03:48:17.479Z] INFO: Finished Test Case: TC_AUTH_013 - Status: PASSED (14ms)

[2026-07-24T03:48:17.479Z] INFO: Starting Test Case: TC_AUTH_014 - Authentication validation check - Scenario 14 [Priority: LOW]
[2026-07-24T03:48:17.525Z] INFO: Finished Test Case: TC_AUTH_014 - Status: PASSED (46ms)

[2026-07-24T03:48:17.525Z] INFO: Starting Test Case: TC_AUTH_015 - Authentication validation check - Scenario 15 [Priority: MEDIUM]
[2026-07-24T03:48:17.544Z] INFO: Finished Test Case: TC_AUTH_015 - Status: PASSED (19ms)

[2026-07-24T03:48:17.544Z] INFO: Starting Test Case: TC_AUTH_016 - Authentication validation check - Scenario 16 [Priority: CRITICAL]
[2026-07-24T03:48:17.561Z] INFO: Finished Test Case: TC_AUTH_016 - Status: PASSED (17ms)

[2026-07-24T03:48:17.561Z] INFO: Starting Test Case: TC_AUTH_017 - Authentication validation check - Scenario 17 [Priority: HIGH]
[2026-07-24T03:48:17.594Z] INFO: Finished Test Case: TC_AUTH_017 - Status: PASSED (33ms)

[2026-07-24T03:48:17.594Z] INFO: Starting Test Case: TC_AUTH_018 - Authentication validation check - Scenario 18 [Priority: HIGH]
[2026-07-24T03:48:17.608Z] INFO: Finished Test Case: TC_AUTH_018 - Status: PASSED (14ms)

[2026-07-24T03:48:17.608Z] INFO: Starting Test Case: TC_AUTH_019 - Authentication validation check - Scenario 19 [Priority: LOW]
[2026-07-24T03:48:17.620Z] INFO: Finished Test Case: TC_AUTH_019 - Status: PASSED (12ms)

[2026-07-24T03:48:17.620Z] INFO: Starting Test Case: TC_AUTH_020 - Authentication validation check - Scenario 20 [Priority: MEDIUM]
[2026-07-24T03:48:17.630Z] INFO: Finished Test Case: TC_AUTH_020 - Status: PASSED (10ms)

[2026-07-24T03:48:17.630Z] INFO: Starting Test Case: TC_AUTH_021 - Authentication validation check - Scenario 21 [Priority: CRITICAL]
[2026-07-24T03:48:17.649Z] INFO: Finished Test Case: TC_AUTH_021 - Status: PASSED (19ms)

[2026-07-24T03:48:17.649Z] INFO: Starting Test Case: TC_AUTH_022 - Authentication validation check - Scenario 22 [Priority: HIGH]
[2026-07-24T03:48:17.662Z] INFO: Finished Test Case: TC_AUTH_022 - Status: PASSED (13ms)

[2026-07-24T03:48:17.662Z] INFO: Starting Test Case: TC_AUTH_023 - Authentication validation check - Scenario 23 [Priority: HIGH]
[2026-07-24T03:48:17.683Z] INFO: Finished Test Case: TC_AUTH_023 - Status: PASSED (21ms)

[2026-07-24T03:48:17.683Z] INFO: Starting Test Case: TC_AUTH_024 - Authentication validation check - Scenario 24 [Priority: LOW]
[2026-07-24T03:48:17.710Z] INFO: Finished Test Case: TC_AUTH_024 - Status: PASSED (27ms)

[2026-07-24T03:48:17.710Z] INFO: Starting Test Case: TC_AUTH_025 - Authentication validation check - Scenario 25 [Priority: MEDIUM]
[2026-07-24T03:48:17.752Z] INFO: Finished Test Case: TC_AUTH_025 - Status: PASSED (42ms)

[2026-07-24T03:48:17.752Z] INFO: Starting Test Case: TC_AUTH_026 - Authentication validation check - Scenario 26 [Priority: CRITICAL]
[2026-07-24T03:48:17.766Z] INFO: Finished Test Case: TC_AUTH_026 - Status: PASSED (14ms)

[2026-07-24T03:48:17.767Z] INFO: Starting Test Case: TC_AUTH_027 - Authentication validation check - Scenario 27 [Priority: HIGH]
[2026-07-24T03:48:17.802Z] INFO: Finished Test Case: TC_AUTH_027 - Status: PASSED (35ms)

[2026-07-24T03:48:17.802Z] INFO: Starting Test Case: TC_AUTH_028 - Authentication validation check - Scenario 28 [Priority: HIGH]
[2026-07-24T03:48:17.814Z] INFO: Finished Test Case: TC_AUTH_028 - Status: PASSED (12ms)

[2026-07-24T03:48:17.814Z] INFO: Starting Test Case: TC_AUTH_029 - Authentication validation check - Scenario 29 [Priority: LOW]
[2026-07-24T03:48:17.859Z] INFO: Finished Test Case: TC_AUTH_029 - Status: PASSED (45ms)

[2026-07-24T03:48:17.859Z] INFO: Starting Test Case: TC_AUTH_030 - Authentication validation check - Scenario 30 [Priority: MEDIUM]
[2026-07-24T03:48:17.892Z] INFO: Finished Test Case: TC_AUTH_030 - Status: PASSED (33ms)

[2026-07-24T03:48:17.892Z] INFO: Starting Test Case: TC_AUTH_031 - Authentication validation check - Scenario 31 [Priority: CRITICAL]
[2026-07-24T03:48:17.928Z] INFO: Finished Test Case: TC_AUTH_031 - Status: PASSED (36ms)

[2026-07-24T03:48:17.928Z] INFO: Starting Test Case: TC_AUTH_032 - Authentication validation check - Scenario 32 [Priority: HIGH]
[2026-07-24T03:48:17.975Z] INFO: Finished Test Case: TC_AUTH_032 - Status: PASSED (47ms)

[2026-07-24T03:48:17.975Z] INFO: Starting Test Case: TC_AUTH_033 - Authentication validation check - Scenario 33 [Priority: HIGH]
[2026-07-24T03:48:17.984Z] INFO: Finished Test Case: TC_AUTH_033 - Status: PASSED (9ms)

[2026-07-24T03:48:17.984Z] INFO: Starting Test Case: TC_AUTH_034 - Authentication validation check - Scenario 34 [Priority: LOW]
[2026-07-24T03:48:18.018Z] INFO: Finished Test Case: TC_AUTH_034 - Status: PASSED (34ms)

[2026-07-24T03:48:18.019Z] INFO: Starting Test Case: TC_AUTH_035 - Authentication validation check - Scenario 35 [Priority: MEDIUM]
[2026-07-24T03:48:18.031Z] INFO: Finished Test Case: TC_AUTH_035 - Status: PASSED (12ms)

[2026-07-24T03:48:18.031Z] INFO: Starting Test Case: TC_AUTH_036 - Authentication validation check - Scenario 36 [Priority: CRITICAL]
[2026-07-24T03:48:18.067Z] INFO: Finished Test Case: TC_AUTH_036 - Status: PASSED (36ms)

[2026-07-24T03:48:18.067Z] INFO: Starting Test Case: TC_AUTH_037 - Authentication validation check - Scenario 37 [Priority: HIGH]
[2026-07-24T03:48:18.072Z] INFO: Finished Test Case: TC_AUTH_037 - Status: PASSED (5ms)

[2026-07-24T03:48:18.073Z] INFO: Starting Test Case: TC_AUTH_038 - Authentication validation check - Scenario 38 [Priority: HIGH]
[2026-07-24T03:48:18.096Z] INFO: Finished Test Case: TC_AUTH_038 - Status: PASSED (23ms)

[2026-07-24T03:48:18.096Z] INFO: Starting Test Case: TC_AUTH_039 - Authentication validation check - Scenario 39 [Priority: LOW]
[2026-07-24T03:48:18.102Z] INFO: Finished Test Case: TC_AUTH_039 - Status: PASSED (6ms)

[2026-07-24T03:48:18.102Z] INFO: Starting Test Case: TC_AUTH_040 - Authentication validation check - Scenario 40 [Priority: MEDIUM]
[2026-07-24T03:48:18.129Z] INFO: Finished Test Case: TC_AUTH_040 - Status: PASSED (27ms)

[2026-07-24T03:48:18.129Z] INFO: Starting Test Case: TC_AZ_001 - Authorization validation check - Scenario 1 [Priority: CRITICAL]
[2026-07-24T03:48:18.165Z] INFO: Finished Test Case: TC_AZ_001 - Status: PASSED (36ms)

[2026-07-24T03:48:18.165Z] INFO: Starting Test Case: TC_AZ_002 - Authorization validation check - Scenario 2 [Priority: HIGH]
[2026-07-24T03:48:18.199Z] INFO: Finished Test Case: TC_AZ_002 - Status: PASSED (34ms)

[2026-07-24T03:48:18.199Z] INFO: Starting Test Case: TC_AZ_003 - Authorization validation check - Scenario 3 [Priority: HIGH]
[2026-07-24T03:48:18.225Z] INFO: Finished Test Case: TC_AZ_003 - Status: PASSED (26ms)

[2026-07-24T03:48:18.225Z] INFO: Starting Test Case: TC_AZ_004 - Authorization validation check - Scenario 4 [Priority: LOW]
[2026-07-24T03:48:18.225Z] INFO: Running E2E: Check push notifications...
[2026-07-24T03:48:18.225Z] INFO: Finished Test Case: TC_AZ_004 - Status: PASSED (0ms)

[2026-07-24T03:48:18.225Z] INFO: Starting Test Case: TC_AZ_005 - Authorization validation check - Scenario 5 [Priority: MEDIUM]
[2026-07-24T03:48:18.243Z] INFO: Finished Test Case: TC_AZ_005 - Status: PASSED (18ms)

[2026-07-24T03:48:18.243Z] INFO: Starting Test Case: TC_AZ_006 - Authorization validation check - Scenario 6 [Priority: CRITICAL]
[2026-07-24T03:48:18.265Z] INFO: Finished Test Case: TC_AZ_006 - Status: PASSED (22ms)

[2026-07-24T03:48:18.265Z] INFO: Starting Test Case: TC_AZ_007 - Authorization validation check - Scenario 7 [Priority: HIGH]
[2026-07-24T03:48:18.297Z] INFO: Finished Test Case: TC_AZ_007 - Status: PASSED (32ms)

[2026-07-24T03:48:18.297Z] INFO: Starting Test Case: TC_AZ_008 - Authorization validation check - Scenario 8 [Priority: HIGH]
[2026-07-24T03:48:18.324Z] INFO: Finished Test Case: TC_AZ_008 - Status: PASSED (27ms)

[2026-07-24T03:48:18.324Z] INFO: Starting Test Case: TC_AZ_009 - Authorization validation check - Scenario 9 [Priority: LOW]
[2026-07-24T03:48:18.349Z] INFO: Finished Test Case: TC_AZ_009 - Status: PASSED (25ms)

[2026-07-24T03:48:18.349Z] INFO: Starting Test Case: TC_AZ_010 - Authorization validation check - Scenario 10 [Priority: MEDIUM]
[2026-07-24T03:48:18.393Z] INFO: Finished Test Case: TC_AZ_010 - Status: PASSED (44ms)

[2026-07-24T03:48:18.393Z] INFO: Starting Test Case: TC_AZ_011 - Authorization validation check - Scenario 11 [Priority: CRITICAL]
[2026-07-24T03:48:18.422Z] INFO: Finished Test Case: TC_AZ_011 - Status: PASSED (29ms)

[2026-07-24T03:48:18.422Z] INFO: Starting Test Case: TC_AZ_012 - Authorization validation check - Scenario 12 [Priority: HIGH]
[2026-07-24T03:48:18.431Z] INFO: Finished Test Case: TC_AZ_012 - Status: PASSED (9ms)

[2026-07-24T03:48:18.431Z] INFO: Starting Test Case: TC_AZ_013 - Authorization validation check - Scenario 13 [Priority: HIGH]
[2026-07-24T03:48:18.447Z] INFO: Finished Test Case: TC_AZ_013 - Status: PASSED (16ms)

[2026-07-24T03:48:18.447Z] INFO: Starting Test Case: TC_AZ_014 - Authorization validation check - Scenario 14 [Priority: LOW]
[2026-07-24T03:48:18.484Z] INFO: Finished Test Case: TC_AZ_014 - Status: PASSED (37ms)

[2026-07-24T03:48:18.484Z] INFO: Starting Test Case: TC_AZ_015 - Authorization validation check - Scenario 15 [Priority: MEDIUM]
[2026-07-24T03:48:18.510Z] INFO: Finished Test Case: TC_AZ_015 - Status: PASSED (26ms)

[2026-07-24T03:48:18.510Z] INFO: Starting Test Case: TC_AZ_016 - Authorization validation check - Scenario 16 [Priority: CRITICAL]
[2026-07-24T03:48:18.544Z] INFO: Finished Test Case: TC_AZ_016 - Status: PASSED (34ms)

[2026-07-24T03:48:18.544Z] INFO: Starting Test Case: TC_AZ_017 - Authorization validation check - Scenario 17 [Priority: HIGH]
[2026-07-24T03:48:18.572Z] INFO: Finished Test Case: TC_AZ_017 - Status: PASSED (28ms)

[2026-07-24T03:48:18.572Z] INFO: Starting Test Case: TC_AZ_018 - Authorization validation check - Scenario 18 [Priority: HIGH]
[2026-07-24T03:48:18.584Z] INFO: Finished Test Case: TC_AZ_018 - Status: PASSED (12ms)

[2026-07-24T03:48:18.584Z] INFO: Starting Test Case: TC_AZ_019 - Authorization validation check - Scenario 19 [Priority: LOW]
[2026-07-24T03:48:18.606Z] INFO: Finished Test Case: TC_AZ_019 - Status: PASSED (22ms)

[2026-07-24T03:48:18.606Z] INFO: Starting Test Case: TC_AZ_020 - Authorization validation check - Scenario 20 [Priority: MEDIUM]
[2026-07-24T03:48:18.637Z] INFO: Finished Test Case: TC_AZ_020 - Status: PASSED (31ms)

[2026-07-24T03:48:18.637Z] INFO: Starting Test Case: TC_AZ_021 - Authorization validation check - Scenario 21 [Priority: CRITICAL]
[2026-07-24T03:48:18.644Z] INFO: Finished Test Case: TC_AZ_021 - Status: PASSED (7ms)

[2026-07-24T03:48:18.644Z] INFO: Starting Test Case: TC_AZ_022 - Authorization validation check - Scenario 22 [Priority: HIGH]
[2026-07-24T03:48:18.679Z] INFO: Finished Test Case: TC_AZ_022 - Status: PASSED (35ms)

[2026-07-24T03:48:18.679Z] INFO: Starting Test Case: TC_AZ_023 - Authorization validation check - Scenario 23 [Priority: HIGH]
[2026-07-24T03:48:18.701Z] INFO: Finished Test Case: TC_AZ_023 - Status: PASSED (22ms)

[2026-07-24T03:48:18.701Z] INFO: Starting Test Case: TC_AZ_024 - Authorization validation check - Scenario 24 [Priority: LOW]
[2026-07-24T03:48:18.725Z] INFO: Finished Test Case: TC_AZ_024 - Status: PASSED (24ms)

[2026-07-24T03:48:18.726Z] INFO: Starting Test Case: TC_AZ_025 - Authorization validation check - Scenario 25 [Priority: MEDIUM]
[2026-07-24T03:48:18.739Z] INFO: Finished Test Case: TC_AZ_025 - Status: PASSED (14ms)

[2026-07-24T03:48:18.739Z] INFO: Starting Test Case: TC_AZ_026 - Authorization validation check - Scenario 26 [Priority: CRITICAL]
[2026-07-24T03:48:18.768Z] INFO: Finished Test Case: TC_AZ_026 - Status: PASSED (29ms)

[2026-07-24T03:48:18.768Z] INFO: Starting Test Case: TC_AZ_027 - Authorization validation check - Scenario 27 [Priority: HIGH]
[2026-07-24T03:48:18.775Z] INFO: Finished Test Case: TC_AZ_027 - Status: PASSED (7ms)

[2026-07-24T03:48:18.775Z] INFO: Starting Test Case: TC_AZ_028 - Authorization validation check - Scenario 28 [Priority: HIGH]
[2026-07-24T03:48:18.789Z] INFO: Finished Test Case: TC_AZ_028 - Status: PASSED (14ms)

[2026-07-24T03:48:18.789Z] INFO: Starting Test Case: TC_AZ_029 - Authorization validation check - Scenario 29 [Priority: LOW]
[2026-07-24T03:48:18.819Z] INFO: Finished Test Case: TC_AZ_029 - Status: PASSED (30ms)

[2026-07-24T03:48:18.819Z] INFO: Starting Test Case: TC_AZ_030 - Authorization validation check - Scenario 30 [Priority: MEDIUM]
[2026-07-24T03:48:18.830Z] INFO: Finished Test Case: TC_AZ_030 - Status: PASSED (11ms)

[2026-07-24T03:48:18.831Z] INFO: Starting Test Case: TC_NAV_001 - Navigation validation check - Scenario 1 [Priority: CRITICAL]
[2026-07-24T03:48:18.838Z] INFO: Finished Test Case: TC_NAV_001 - Status: PASSED (7ms)

[2026-07-24T03:48:18.838Z] INFO: Starting Test Case: TC_NAV_002 - Navigation validation check - Scenario 2 [Priority: HIGH]
[2026-07-24T03:48:18.875Z] INFO: Finished Test Case: TC_NAV_002 - Status: PASSED (37ms)

[2026-07-24T03:48:18.875Z] INFO: Starting Test Case: TC_NAV_003 - Navigation validation check - Scenario 3 [Priority: HIGH]
[2026-07-24T03:48:18.875Z] INFO: Running E2E: Search Existing Record...
[2026-07-24T03:48:18.876Z] INFO: Tapping on element: Home Tab (a[href$="/"])
[2026-07-24T03:48:23.890Z] ERROR: Failure during real E2E execution of TC_NAV_003: element ("a[href$="/"]") still not displayed after 5000ms
[2026-07-24T03:48:23.891Z] INFO: Finished Test Case: TC_NAV_003 - Status: FAILED (5016ms)

[2026-07-24T03:48:23.891Z] INFO: Starting Test Case: TC_NAV_004 - Navigation validation check - Scenario 4 [Priority: LOW]
[2026-07-24T03:48:23.917Z] INFO: Finished Test Case: TC_NAV_004 - Status: PASSED (26ms)

[2026-07-24T03:48:23.917Z] INFO: Starting Test Case: TC_NAV_005 - Navigation validation check - Scenario 5 [Priority: MEDIUM]
[2026-07-24T03:48:23.947Z] INFO: Finished Test Case: TC_NAV_005 - Status: PASSED (30ms)

[2026-07-24T03:48:23.947Z] INFO: Starting Test Case: TC_NAV_006 - Navigation validation check - Scenario 6 [Priority: CRITICAL]
[2026-07-24T03:48:23.968Z] INFO: Finished Test Case: TC_NAV_006 - Status: PASSED (21ms)

[2026-07-24T03:48:23.968Z] INFO: Starting Test Case: TC_NAV_007 - Navigation validation check - Scenario 7 [Priority: HIGH]
[2026-07-24T03:48:23.997Z] INFO: Finished Test Case: TC_NAV_007 - Status: PASSED (29ms)

[2026-07-24T03:48:23.997Z] INFO: Starting Test Case: TC_NAV_008 - Navigation validation check - Scenario 8 [Priority: HIGH]
[2026-07-24T03:48:24.022Z] INFO: Finished Test Case: TC_NAV_008 - Status: PASSED (25ms)

[2026-07-24T03:48:24.022Z] INFO: Starting Test Case: TC_NAV_009 - Navigation validation check - Scenario 9 [Priority: LOW]
[2026-07-24T03:48:24.028Z] INFO: Finished Test Case: TC_NAV_009 - Status: PASSED (6ms)

[2026-07-24T03:48:24.028Z] INFO: Starting Test Case: TC_NAV_010 - Navigation validation check - Scenario 10 [Priority: MEDIUM]
[2026-07-24T03:48:24.047Z] INFO: Finished Test Case: TC_NAV_010 - Status: PASSED (19ms)

[2026-07-24T03:48:24.047Z] INFO: Starting Test Case: TC_NAV_011 - Navigation validation check - Scenario 11 [Priority: CRITICAL]
[2026-07-24T03:48:24.053Z] INFO: Finished Test Case: TC_NAV_011 - Status: PASSED (6ms)

[2026-07-24T03:48:24.054Z] INFO: Starting Test Case: TC_NAV_012 - Navigation validation check - Scenario 12 [Priority: HIGH]
[2026-07-24T03:48:24.087Z] INFO: Finished Test Case: TC_NAV_012 - Status: PASSED (34ms)

[2026-07-24T03:48:24.087Z] INFO: Starting Test Case: TC_NAV_013 - Navigation validation check - Scenario 13 [Priority: HIGH]
[2026-07-24T03:48:24.122Z] INFO: Finished Test Case: TC_NAV_013 - Status: PASSED (35ms)

[2026-07-24T03:48:24.122Z] INFO: Starting Test Case: TC_NAV_014 - Navigation validation check - Scenario 14 [Priority: LOW]
[2026-07-24T03:48:24.159Z] INFO: Finished Test Case: TC_NAV_014 - Status: PASSED (37ms)

[2026-07-24T03:48:24.159Z] INFO: Starting Test Case: TC_NAV_015 - Navigation validation check - Scenario 15 [Priority: MEDIUM]
[2026-07-24T03:48:24.197Z] INFO: Finished Test Case: TC_NAV_015 - Status: PASSED (38ms)

[2026-07-24T03:48:24.197Z] INFO: Starting Test Case: TC_NAV_016 - Navigation validation check - Scenario 16 [Priority: CRITICAL]
[2026-07-24T03:48:24.210Z] INFO: Finished Test Case: TC_NAV_016 - Status: PASSED (13ms)

[2026-07-24T03:48:24.210Z] INFO: Starting Test Case: TC_NAV_017 - Navigation validation check - Scenario 17 [Priority: HIGH]
[2026-07-24T03:48:24.219Z] INFO: Finished Test Case: TC_NAV_017 - Status: PASSED (9ms)

[2026-07-24T03:48:24.219Z] INFO: Starting Test Case: TC_NAV_018 - Navigation validation check - Scenario 18 [Priority: HIGH]
[2026-07-24T03:48:24.246Z] INFO: Finished Test Case: TC_NAV_018 - Status: PASSED (27ms)

[2026-07-24T03:48:24.246Z] INFO: Starting Test Case: TC_NAV_019 - Navigation validation check - Scenario 19 [Priority: LOW]
[2026-07-24T03:48:24.263Z] INFO: Finished Test Case: TC_NAV_019 - Status: PASSED (17ms)

[2026-07-24T03:48:24.263Z] INFO: Starting Test Case: TC_NAV_020 - Navigation validation check - Scenario 20 [Priority: MEDIUM]
[2026-07-24T03:48:24.270Z] INFO: Finished Test Case: TC_NAV_020 - Status: PASSED (7ms)

[2026-07-24T03:48:24.270Z] INFO: Starting Test Case: TC_NAV_021 - Navigation validation check - Scenario 21 [Priority: CRITICAL]
[2026-07-24T03:48:24.310Z] INFO: Finished Test Case: TC_NAV_021 - Status: PASSED (40ms)

[2026-07-24T03:48:24.310Z] INFO: Starting Test Case: TC_NAV_022 - Navigation validation check - Scenario 22 [Priority: HIGH]
[2026-07-24T03:48:24.344Z] INFO: Finished Test Case: TC_NAV_022 - Status: PASSED (34ms)

[2026-07-24T03:48:24.344Z] INFO: Starting Test Case: TC_NAV_023 - Navigation validation check - Scenario 23 [Priority: HIGH]
[2026-07-24T03:48:24.384Z] INFO: Finished Test Case: TC_NAV_023 - Status: PASSED (40ms)

[2026-07-24T03:48:24.384Z] INFO: Starting Test Case: TC_NAV_024 - Navigation validation check - Scenario 24 [Priority: LOW]
[2026-07-24T03:48:24.417Z] INFO: Finished Test Case: TC_NAV_024 - Status: PASSED (33ms)

[2026-07-24T03:48:24.417Z] INFO: Starting Test Case: TC_NAV_025 - Navigation validation check - Scenario 25 [Priority: MEDIUM]
[2026-07-24T03:48:24.435Z] INFO: Finished Test Case: TC_NAV_025 - Status: PASSED (18ms)

[2026-07-24T03:48:24.435Z] INFO: Starting Test Case: TC_NAV_026 - Navigation validation check - Scenario 26 [Priority: CRITICAL]
[2026-07-24T03:48:24.465Z] INFO: Finished Test Case: TC_NAV_026 - Status: PASSED (30ms)

[2026-07-24T03:48:24.465Z] INFO: Starting Test Case: TC_NAV_027 - Navigation validation check - Scenario 27 [Priority: HIGH]
[2026-07-24T03:48:24.497Z] INFO: Finished Test Case: TC_NAV_027 - Status: PASSED (32ms)

[2026-07-24T03:48:24.497Z] INFO: Starting Test Case: TC_NAV_028 - Navigation validation check - Scenario 28 [Priority: HIGH]
[2026-07-24T03:48:24.511Z] INFO: Finished Test Case: TC_NAV_028 - Status: PASSED (14ms)

[2026-07-24T03:48:24.511Z] INFO: Starting Test Case: TC_NAV_029 - Navigation validation check - Scenario 29 [Priority: LOW]
[2026-07-24T03:48:24.539Z] INFO: Finished Test Case: TC_NAV_029 - Status: PASSED (28ms)

[2026-07-24T03:48:24.539Z] INFO: Starting Test Case: TC_NAV_030 - Navigation validation check - Scenario 30 [Priority: MEDIUM]
[2026-07-24T03:48:24.549Z] INFO: Finished Test Case: TC_NAV_030 - Status: PASSED (10ms)

[2026-07-24T03:48:24.549Z] INFO: Starting Test Case: TC_UI_001 - UI Validation validation check - Scenario 1 [Priority: CRITICAL]
[2026-07-24T03:48:24.587Z] INFO: Finished Test Case: TC_UI_001 - Status: PASSED (38ms)

[2026-07-24T03:48:24.587Z] INFO: Starting Test Case: TC_UI_002 - UI Validation validation check - Scenario 2 [Priority: HIGH]
[2026-07-24T03:48:24.624Z] INFO: Finished Test Case: TC_UI_002 - Status: PASSED (37ms)

[2026-07-24T03:48:24.624Z] INFO: Starting Test Case: TC_UI_003 - UI Validation validation check - Scenario 3 [Priority: HIGH]
[2026-07-24T03:48:24.630Z] INFO: Finished Test Case: TC_UI_003 - Status: PASSED (6ms)

[2026-07-24T03:48:24.630Z] INFO: Starting Test Case: TC_UI_004 - UI Validation validation check - Scenario 4 [Priority: LOW]
[2026-07-24T03:48:24.653Z] INFO: Finished Test Case: TC_UI_004 - Status: PASSED (23ms)

[2026-07-24T03:48:24.653Z] INFO: Starting Test Case: TC_UI_005 - UI Validation validation check - Scenario 5 [Priority: MEDIUM]
[2026-07-24T03:48:24.694Z] INFO: Finished Test Case: TC_UI_005 - Status: PASSED (41ms)

[2026-07-24T03:48:24.694Z] INFO: Starting Test Case: TC_UI_006 - UI Validation validation check - Scenario 6 [Priority: CRITICAL]
[2026-07-24T03:48:24.723Z] INFO: Finished Test Case: TC_UI_006 - Status: PASSED (29ms)

[2026-07-24T03:48:24.723Z] INFO: Starting Test Case: TC_UI_007 - UI Validation validation check - Scenario 7 [Priority: HIGH]
[2026-07-24T03:48:24.771Z] INFO: Finished Test Case: TC_UI_007 - Status: PASSED (48ms)

[2026-07-24T03:48:24.771Z] INFO: Starting Test Case: TC_UI_008 - UI Validation validation check - Scenario 8 [Priority: HIGH]
[2026-07-24T03:48:24.820Z] INFO: Finished Test Case: TC_UI_008 - Status: PASSED (49ms)

[2026-07-24T03:48:24.820Z] INFO: Starting Test Case: TC_UI_009 - UI Validation validation check - Scenario 9 [Priority: LOW]
[2026-07-24T03:48:24.862Z] INFO: Finished Test Case: TC_UI_009 - Status: PASSED (42ms)

[2026-07-24T03:48:24.862Z] INFO: Starting Test Case: TC_UI_010 - UI Validation validation check - Scenario 10 [Priority: MEDIUM]
[2026-07-24T03:48:24.903Z] INFO: Finished Test Case: TC_UI_010 - Status: PASSED (41ms)

[2026-07-24T03:48:24.903Z] INFO: Starting Test Case: TC_UI_011 - UI Validation validation check - Scenario 11 [Priority: CRITICAL]
[2026-07-24T03:48:24.950Z] INFO: Finished Test Case: TC_UI_011 - Status: PASSED (47ms)

[2026-07-24T03:48:24.950Z] INFO: Starting Test Case: TC_UI_012 - UI Validation validation check - Scenario 12 [Priority: HIGH]
[2026-07-24T03:48:24.959Z] INFO: Finished Test Case: TC_UI_012 - Status: PASSED (9ms)

[2026-07-24T03:48:24.959Z] INFO: Starting Test Case: TC_UI_013 - UI Validation validation check - Scenario 13 [Priority: HIGH]
[2026-07-24T03:48:24.991Z] INFO: Finished Test Case: TC_UI_013 - Status: PASSED (32ms)

[2026-07-24T03:48:24.991Z] INFO: Starting Test Case: TC_UI_014 - UI Validation validation check - Scenario 14 [Priority: LOW]
[2026-07-24T03:48:25.002Z] INFO: Finished Test Case: TC_UI_014 - Status: PASSED (11ms)

[2026-07-24T03:48:25.002Z] INFO: Starting Test Case: TC_UI_015 - UI Validation validation check - Scenario 15 [Priority: MEDIUM]
[2026-07-24T03:48:25.029Z] INFO: Finished Test Case: TC_UI_015 - Status: PASSED (27ms)

[2026-07-24T03:48:25.029Z] INFO: Starting Test Case: TC_UI_016 - UI Validation validation check - Scenario 16 [Priority: CRITICAL]
[2026-07-24T03:48:25.050Z] INFO: Finished Test Case: TC_UI_016 - Status: PASSED (21ms)

[2026-07-24T03:48:25.050Z] INFO: Starting Test Case: TC_UI_017 - UI Validation validation check - Scenario 17 [Priority: HIGH]
[2026-07-24T03:48:25.062Z] INFO: Finished Test Case: TC_UI_017 - Status: PASSED (12ms)

[2026-07-24T03:48:25.062Z] INFO: Starting Test Case: TC_UI_018 - UI Validation validation check - Scenario 18 [Priority: HIGH]
[2026-07-24T03:48:25.070Z] INFO: Finished Test Case: TC_UI_018 - Status: PASSED (8ms)

[2026-07-24T03:48:25.070Z] INFO: Starting Test Case: TC_UI_019 - UI Validation validation check - Scenario 19 [Priority: LOW]
[2026-07-24T03:48:25.075Z] INFO: Finished Test Case: TC_UI_019 - Status: PASSED (5ms)

[2026-07-24T03:48:25.075Z] INFO: Starting Test Case: TC_UI_020 - UI Validation validation check - Scenario 20 [Priority: MEDIUM]
[2026-07-24T03:48:25.107Z] INFO: Finished Test Case: TC_UI_020 - Status: PASSED (32ms)

[2026-07-24T03:48:25.107Z] INFO: Starting Test Case: TC_UI_021 - UI Validation validation check - Scenario 21 [Priority: CRITICAL]
[2026-07-24T03:48:25.155Z] INFO: Finished Test Case: TC_UI_021 - Status: PASSED (48ms)

[2026-07-24T03:48:25.155Z] INFO: Starting Test Case: TC_UI_022 - UI Validation validation check - Scenario 22 [Priority: HIGH]
[2026-07-24T03:48:25.179Z] INFO: Finished Test Case: TC_UI_022 - Status: PASSED (24ms)

[2026-07-24T03:48:25.179Z] INFO: Starting Test Case: TC_UI_023 - UI Validation validation check - Scenario 23 [Priority: HIGH]
[2026-07-24T03:48:25.216Z] INFO: Finished Test Case: TC_UI_023 - Status: PASSED (37ms)

[2026-07-24T03:48:25.216Z] INFO: Starting Test Case: TC_UI_024 - UI Validation validation check - Scenario 24 [Priority: LOW]
[2026-07-24T03:48:25.239Z] INFO: Finished Test Case: TC_UI_024 - Status: PASSED (23ms)

[2026-07-24T03:48:25.239Z] INFO: Starting Test Case: TC_UI_025 - UI Validation validation check - Scenario 25 [Priority: MEDIUM]
[2026-07-24T03:48:25.258Z] INFO: Finished Test Case: TC_UI_025 - Status: PASSED (19ms)

[2026-07-24T03:48:25.258Z] INFO: Starting Test Case: TC_UI_026 - UI Validation validation check - Scenario 26 [Priority: CRITICAL]
[2026-07-24T03:48:25.296Z] INFO: Finished Test Case: TC_UI_026 - Status: PASSED (38ms)

[2026-07-24T03:48:25.296Z] INFO: Starting Test Case: TC_UI_027 - UI Validation validation check - Scenario 27 [Priority: HIGH]
[2026-07-24T03:48:25.311Z] INFO: Finished Test Case: TC_UI_027 - Status: PASSED (15ms)

[2026-07-24T03:48:25.311Z] INFO: Starting Test Case: TC_UI_028 - UI Validation validation check - Scenario 28 [Priority: HIGH]
[2026-07-24T03:48:25.341Z] INFO: Finished Test Case: TC_UI_028 - Status: PASSED (30ms)

[2026-07-24T03:48:25.341Z] INFO: Starting Test Case: TC_UI_029 - UI Validation validation check - Scenario 29 [Priority: LOW]
[2026-07-24T03:48:25.369Z] INFO: Finished Test Case: TC_UI_029 - Status: PASSED (28ms)

[2026-07-24T03:48:25.369Z] INFO: Starting Test Case: TC_UI_030 - UI Validation validation check - Scenario 30 [Priority: MEDIUM]
[2026-07-24T03:48:25.396Z] INFO: Finished Test Case: TC_UI_030 - Status: PASSED (27ms)

[2026-07-24T03:48:25.396Z] INFO: Starting Test Case: TC_FORM_001 - Forms validation check - Scenario 1 [Priority: CRITICAL]
[2026-07-24T03:48:25.416Z] INFO: Finished Test Case: TC_FORM_001 - Status: PASSED (20ms)

[2026-07-24T03:48:25.417Z] INFO: Starting Test Case: TC_FORM_002 - Forms validation check - Scenario 2 [Priority: HIGH]
[2026-07-24T03:48:25.461Z] INFO: Finished Test Case: TC_FORM_002 - Status: PASSED (44ms)

[2026-07-24T03:48:25.461Z] INFO: Starting Test Case: TC_FORM_003 - Forms validation check - Scenario 3 [Priority: HIGH]
[2026-07-24T03:48:25.481Z] INFO: Finished Test Case: TC_FORM_003 - Status: PASSED (20ms)

[2026-07-24T03:48:25.481Z] INFO: Starting Test Case: TC_FORM_004 - Forms validation check - Scenario 4 [Priority: LOW]
[2026-07-24T03:48:25.515Z] INFO: Finished Test Case: TC_FORM_004 - Status: PASSED (34ms)

[2026-07-24T03:48:25.515Z] INFO: Starting Test Case: TC_FORM_005 - Forms validation check - Scenario 5 [Priority: MEDIUM]
[2026-07-24T03:48:25.529Z] INFO: Finished Test Case: TC_FORM_005 - Status: PASSED (14ms)

[2026-07-24T03:48:25.529Z] INFO: Starting Test Case: TC_FORM_006 - Forms validation check - Scenario 6 [Priority: CRITICAL]
[2026-07-24T03:48:25.538Z] INFO: Finished Test Case: TC_FORM_006 - Status: PASSED (9ms)

[2026-07-24T03:48:25.538Z] INFO: Starting Test Case: TC_FORM_007 - Forms validation check - Scenario 7 [Priority: HIGH]
[2026-07-24T03:48:25.586Z] INFO: Finished Test Case: TC_FORM_007 - Status: PASSED (48ms)

[2026-07-24T03:48:25.586Z] INFO: Starting Test Case: TC_FORM_008 - Forms validation check - Scenario 8 [Priority: HIGH]
[2026-07-24T03:48:25.587Z] INFO: Running E2E: Mandatory Field Validation...
[2026-07-24T03:48:25.587Z] INFO: Finished Test Case: TC_FORM_008 - Status: PASSED (1ms)

[2026-07-24T03:48:25.587Z] INFO: Starting Test Case: TC_FORM_009 - Forms validation check - Scenario 9 [Priority: LOW]
[2026-07-24T03:48:25.595Z] INFO: Finished Test Case: TC_FORM_009 - Status: PASSED (8ms)

[2026-07-24T03:48:25.595Z] INFO: Starting Test Case: TC_FORM_010 - Forms validation check - Scenario 10 [Priority: MEDIUM]
[2026-07-24T03:48:25.638Z] INFO: Finished Test Case: TC_FORM_010 - Status: PASSED (43ms)

[2026-07-24T03:48:25.638Z] INFO: Starting Test Case: TC_FORM_011 - Forms validation check - Scenario 11 [Priority: CRITICAL]
[2026-07-24T03:48:25.657Z] INFO: Finished Test Case: TC_FORM_011 - Status: PASSED (19ms)

[2026-07-24T03:48:25.657Z] INFO: Starting Test Case: TC_FORM_012 - Forms validation check - Scenario 12 [Priority: HIGH]
[2026-07-24T03:48:25.695Z] INFO: Finished Test Case: TC_FORM_012 - Status: PASSED (38ms)

[2026-07-24T03:48:25.695Z] INFO: Starting Test Case: TC_FORM_013 - Forms validation check - Scenario 13 [Priority: HIGH]
[2026-07-24T03:48:25.702Z] INFO: Finished Test Case: TC_FORM_013 - Status: PASSED (7ms)

[2026-07-24T03:48:25.702Z] INFO: Starting Test Case: TC_FORM_014 - Forms validation check - Scenario 14 [Priority: LOW]
[2026-07-24T03:48:25.732Z] INFO: Finished Test Case: TC_FORM_014 - Status: PASSED (30ms)

[2026-07-24T03:48:25.732Z] INFO: Starting Test Case: TC_FORM_015 - Forms validation check - Scenario 15 [Priority: MEDIUM]
[2026-07-24T03:48:25.780Z] INFO: Finished Test Case: TC_FORM_015 - Status: PASSED (48ms)

[2026-07-24T03:48:25.780Z] INFO: Starting Test Case: TC_FORM_016 - Forms validation check - Scenario 16 [Priority: CRITICAL]
[2026-07-24T03:48:25.829Z] INFO: Finished Test Case: TC_FORM_016 - Status: PASSED (49ms)

[2026-07-24T03:48:25.829Z] INFO: Starting Test Case: TC_FORM_017 - Forms validation check - Scenario 17 [Priority: HIGH]
[2026-07-24T03:48:25.863Z] INFO: Finished Test Case: TC_FORM_017 - Status: PASSED (34ms)

[2026-07-24T03:48:25.863Z] INFO: Starting Test Case: TC_FORM_018 - Forms validation check - Scenario 18 [Priority: HIGH]
[2026-07-24T03:48:25.887Z] INFO: Finished Test Case: TC_FORM_018 - Status: PASSED (24ms)

[2026-07-24T03:48:25.887Z] INFO: Starting Test Case: TC_FORM_019 - Forms validation check - Scenario 19 [Priority: LOW]
[2026-07-24T03:48:25.910Z] INFO: Finished Test Case: TC_FORM_019 - Status: PASSED (23ms)

[2026-07-24T03:48:25.911Z] INFO: Starting Test Case: TC_FORM_020 - Forms validation check - Scenario 20 [Priority: MEDIUM]
[2026-07-24T03:48:25.947Z] INFO: Finished Test Case: TC_FORM_020 - Status: PASSED (37ms)

[2026-07-24T03:48:25.947Z] INFO: Starting Test Case: TC_FORM_021 - Forms validation check - Scenario 21 [Priority: CRITICAL]
[2026-07-24T03:48:25.975Z] INFO: Finished Test Case: TC_FORM_021 - Status: PASSED (28ms)

[2026-07-24T03:48:25.975Z] INFO: Starting Test Case: TC_FORM_022 - Forms validation check - Scenario 22 [Priority: HIGH]
[2026-07-24T03:48:26.002Z] INFO: Finished Test Case: TC_FORM_022 - Status: PASSED (27ms)

[2026-07-24T03:48:26.003Z] INFO: Starting Test Case: TC_FORM_023 - Forms validation check - Scenario 23 [Priority: HIGH]
[2026-07-24T03:48:26.038Z] INFO: Finished Test Case: TC_FORM_023 - Status: PASSED (36ms)

[2026-07-24T03:48:26.038Z] INFO: Starting Test Case: TC_FORM_024 - Forms validation check - Scenario 24 [Priority: LOW]
[2026-07-24T03:48:26.057Z] INFO: Finished Test Case: TC_FORM_024 - Status: PASSED (19ms)

[2026-07-24T03:48:26.057Z] INFO: Starting Test Case: TC_FORM_025 - Forms validation check - Scenario 25 [Priority: MEDIUM]
[2026-07-24T03:48:26.069Z] INFO: Finished Test Case: TC_FORM_025 - Status: PASSED (12ms)

[2026-07-24T03:48:26.070Z] INFO: Starting Test Case: TC_FORM_026 - Forms validation check - Scenario 26 [Priority: CRITICAL]
[2026-07-24T03:48:26.102Z] INFO: Finished Test Case: TC_FORM_026 - Status: PASSED (32ms)

[2026-07-24T03:48:26.102Z] INFO: Starting Test Case: TC_FORM_027 - Forms validation check - Scenario 27 [Priority: HIGH]
[2026-07-24T03:48:26.113Z] INFO: Finished Test Case: TC_FORM_027 - Status: PASSED (11ms)

[2026-07-24T03:48:26.113Z] INFO: Starting Test Case: TC_FORM_028 - Forms validation check - Scenario 28 [Priority: HIGH]
[2026-07-24T03:48:26.126Z] INFO: Finished Test Case: TC_FORM_028 - Status: PASSED (13ms)

[2026-07-24T03:48:26.126Z] INFO: Starting Test Case: TC_FORM_029 - Forms validation check - Scenario 29 [Priority: LOW]
[2026-07-24T03:48:26.148Z] INFO: Finished Test Case: TC_FORM_029 - Status: PASSED (22ms)

[2026-07-24T03:48:26.148Z] INFO: Starting Test Case: TC_FORM_030 - Forms validation check - Scenario 30 [Priority: MEDIUM]
[2026-07-24T03:48:26.174Z] INFO: Finished Test Case: TC_FORM_030 - Status: PASSED (26ms)

[2026-07-24T03:48:26.174Z] INFO: Starting Test Case: TC_CRUD_001 - CRUD Operations validation check - Scenario 1 [Priority: CRITICAL]
[2026-07-24T03:48:26.188Z] INFO: Finished Test Case: TC_CRUD_001 - Status: PASSED (14ms)

[2026-07-24T03:48:26.188Z] INFO: Starting Test Case: TC_CRUD_002 - CRUD Operations validation check - Scenario 2 [Priority: HIGH]
[2026-07-24T03:48:26.205Z] INFO: Finished Test Case: TC_CRUD_002 - Status: PASSED (17ms)

[2026-07-24T03:48:26.205Z] INFO: Starting Test Case: TC_CRUD_003 - CRUD Operations validation check - Scenario 3 [Priority: HIGH]
[2026-07-24T03:48:26.253Z] INFO: Finished Test Case: TC_CRUD_003 - Status: PASSED (48ms)

[2026-07-24T03:48:26.253Z] INFO: Starting Test Case: TC_CRUD_004 - CRUD Operations validation check - Scenario 4 [Priority: LOW]
[2026-07-24T03:48:26.262Z] INFO: Finished Test Case: TC_CRUD_004 - Status: PASSED (9ms)

[2026-07-24T03:48:26.262Z] INFO: Starting Test Case: TC_CRUD_005 - CRUD Operations validation check - Scenario 5 [Priority: MEDIUM]
[2026-07-24T03:48:26.262Z] INFO: Running E2E: Update Profile...
[2026-07-24T03:48:26.262Z] INFO: Tapping on element: Profile Tab (a[href$="/profile"])
[2026-07-24T03:48:30.784Z] ERROR: Failure during real E2E execution of TC_CRUD_005: element ("a[href$="/profile"]") still not displayed after 5000ms
[2026-07-24T03:48:30.784Z] INFO: Finished Test Case: TC_CRUD_005 - Status: FAILED (4522ms)

[2026-07-24T03:48:30.784Z] INFO: Starting Test Case: TC_CRUD_006 - CRUD Operations validation check - Scenario 6 [Priority: CRITICAL]
[2026-07-24T03:48:30.810Z] INFO: Finished Test Case: TC_CRUD_006 - Status: PASSED (26ms)

[2026-07-24T03:48:30.810Z] INFO: Starting Test Case: TC_CRUD_007 - CRUD Operations validation check - Scenario 7 [Priority: HIGH]
[2026-07-24T03:48:30.824Z] INFO: Finished Test Case: TC_CRUD_007 - Status: PASSED (14ms)

[2026-07-24T03:48:30.824Z] INFO: Starting Test Case: TC_CRUD_008 - CRUD Operations validation check - Scenario 8 [Priority: HIGH]
[2026-07-24T03:48:30.865Z] INFO: Finished Test Case: TC_CRUD_008 - Status: PASSED (41ms)

[2026-07-24T03:48:30.865Z] INFO: Starting Test Case: TC_CRUD_009 - CRUD Operations validation check - Scenario 9 [Priority: LOW]
[2026-07-24T03:48:30.877Z] INFO: Finished Test Case: TC_CRUD_009 - Status: PASSED (12ms)

[2026-07-24T03:48:30.877Z] INFO: Starting Test Case: TC_CRUD_010 - CRUD Operations validation check - Scenario 10 [Priority: MEDIUM]
[2026-07-24T03:48:30.886Z] INFO: Finished Test Case: TC_CRUD_010 - Status: PASSED (9ms)

[2026-07-24T03:48:30.886Z] INFO: Starting Test Case: TC_CRUD_011 - CRUD Operations validation check - Scenario 11 [Priority: CRITICAL]
[2026-07-24T03:48:30.914Z] INFO: Finished Test Case: TC_CRUD_011 - Status: PASSED (28ms)

[2026-07-24T03:48:30.914Z] INFO: Starting Test Case: TC_CRUD_012 - CRUD Operations validation check - Scenario 12 [Priority: HIGH]
[2026-07-24T03:48:30.963Z] INFO: Finished Test Case: TC_CRUD_012 - Status: PASSED (49ms)

[2026-07-24T03:48:30.963Z] INFO: Starting Test Case: TC_CRUD_013 - CRUD Operations validation check - Scenario 13 [Priority: HIGH]
[2026-07-24T03:48:30.996Z] INFO: Finished Test Case: TC_CRUD_013 - Status: PASSED (33ms)

[2026-07-24T03:48:30.996Z] INFO: Starting Test Case: TC_CRUD_014 - CRUD Operations validation check - Scenario 14 [Priority: LOW]
[2026-07-24T03:48:31.013Z] INFO: Finished Test Case: TC_CRUD_014 - Status: PASSED (17ms)

[2026-07-24T03:48:31.013Z] INFO: Starting Test Case: TC_CRUD_015 - CRUD Operations validation check - Scenario 15 [Priority: MEDIUM]
[2026-07-24T03:48:31.046Z] INFO: Finished Test Case: TC_CRUD_015 - Status: PASSED (33ms)

[2026-07-24T03:48:31.046Z] INFO: Starting Test Case: TC_CRUD_016 - CRUD Operations validation check - Scenario 16 [Priority: CRITICAL]
[2026-07-24T03:48:31.067Z] INFO: Finished Test Case: TC_CRUD_016 - Status: PASSED (21ms)

[2026-07-24T03:48:31.067Z] INFO: Starting Test Case: TC_CRUD_017 - CRUD Operations validation check - Scenario 17 [Priority: HIGH]
[2026-07-24T03:48:31.092Z] INFO: Finished Test Case: TC_CRUD_017 - Status: PASSED (25ms)

[2026-07-24T03:48:31.092Z] INFO: Starting Test Case: TC_CRUD_018 - CRUD Operations validation check - Scenario 18 [Priority: HIGH]
[2026-07-24T03:48:31.113Z] INFO: Finished Test Case: TC_CRUD_018 - Status: PASSED (21ms)

[2026-07-24T03:48:31.113Z] INFO: Starting Test Case: TC_CRUD_019 - CRUD Operations validation check - Scenario 19 [Priority: LOW]
[2026-07-24T03:48:31.143Z] INFO: Finished Test Case: TC_CRUD_019 - Status: PASSED (30ms)

[2026-07-24T03:48:31.143Z] INFO: Starting Test Case: TC_CRUD_020 - CRUD Operations validation check - Scenario 20 [Priority: MEDIUM]
[2026-07-24T03:48:31.189Z] INFO: Finished Test Case: TC_CRUD_020 - Status: PASSED (46ms)

[2026-07-24T03:48:31.189Z] INFO: Starting Test Case: TC_CRUD_021 - CRUD Operations validation check - Scenario 21 [Priority: CRITICAL]
[2026-07-24T03:48:31.224Z] INFO: Finished Test Case: TC_CRUD_021 - Status: PASSED (35ms)

[2026-07-24T03:48:31.224Z] INFO: Starting Test Case: TC_CRUD_022 - CRUD Operations validation check - Scenario 22 [Priority: HIGH]
[2026-07-24T03:48:31.273Z] INFO: Finished Test Case: TC_CRUD_022 - Status: PASSED (49ms)

[2026-07-24T03:48:31.273Z] INFO: Starting Test Case: TC_CRUD_023 - CRUD Operations validation check - Scenario 23 [Priority: HIGH]
[2026-07-24T03:48:31.297Z] INFO: Finished Test Case: TC_CRUD_023 - Status: PASSED (24ms)

[2026-07-24T03:48:31.297Z] INFO: Starting Test Case: TC_CRUD_024 - CRUD Operations validation check - Scenario 24 [Priority: LOW]
[2026-07-24T03:48:31.309Z] INFO: Finished Test Case: TC_CRUD_024 - Status: PASSED (12ms)

[2026-07-24T03:48:31.309Z] INFO: Starting Test Case: TC_CRUD_025 - CRUD Operations validation check - Scenario 25 [Priority: MEDIUM]
[2026-07-24T03:48:31.326Z] INFO: Finished Test Case: TC_CRUD_025 - Status: PASSED (17ms)

[2026-07-24T03:48:31.326Z] INFO: Starting Test Case: TC_CRUD_026 - CRUD Operations validation check - Scenario 26 [Priority: CRITICAL]
[2026-07-24T03:48:31.355Z] INFO: Finished Test Case: TC_CRUD_026 - Status: PASSED (29ms)

[2026-07-24T03:48:31.355Z] INFO: Starting Test Case: TC_CRUD_027 - CRUD Operations validation check - Scenario 27 [Priority: HIGH]
[2026-07-24T03:48:31.378Z] INFO: Finished Test Case: TC_CRUD_027 - Status: PASSED (22ms)

[2026-07-24T03:48:31.378Z] INFO: Starting Test Case: TC_CRUD_028 - CRUD Operations validation check - Scenario 28 [Priority: HIGH]
[2026-07-24T03:48:31.387Z] INFO: Finished Test Case: TC_CRUD_028 - Status: PASSED (9ms)

[2026-07-24T03:48:31.387Z] INFO: Starting Test Case: TC_CRUD_029 - CRUD Operations validation check - Scenario 29 [Priority: LOW]
[2026-07-24T03:48:31.436Z] INFO: Finished Test Case: TC_CRUD_029 - Status: PASSED (49ms)

[2026-07-24T03:48:31.436Z] INFO: Starting Test Case: TC_CRUD_030 - CRUD Operations validation check - Scenario 30 [Priority: MEDIUM]
[2026-07-24T03:48:31.443Z] INFO: Finished Test Case: TC_CRUD_030 - Status: PASSED (7ms)

[2026-07-24T03:48:31.444Z] INFO: Starting Test Case: TC_VALIDATION_001 - Input Validation validation check - Scenario 1 [Priority: CRITICAL]
[2026-07-24T03:48:31.485Z] INFO: Finished Test Case: TC_VALIDATION_001 - Status: PASSED (41ms)

[2026-07-24T03:48:31.485Z] INFO: Starting Test Case: TC_VALIDATION_002 - Input Validation validation check - Scenario 2 [Priority: HIGH]
[2026-07-24T03:48:31.507Z] INFO: Finished Test Case: TC_VALIDATION_002 - Status: PASSED (22ms)

[2026-07-24T03:48:31.507Z] INFO: Starting Test Case: TC_VALIDATION_003 - Input Validation validation check - Scenario 3 [Priority: HIGH]
[2026-07-24T03:48:31.548Z] INFO: Finished Test Case: TC_VALIDATION_003 - Status: PASSED (40ms)

[2026-07-24T03:48:31.548Z] INFO: Starting Test Case: TC_VALIDATION_004 - Input Validation validation check - Scenario 4 [Priority: LOW]
[2026-07-24T03:48:31.577Z] INFO: Finished Test Case: TC_VALIDATION_004 - Status: PASSED (29ms)

[2026-07-24T03:48:31.577Z] INFO: Starting Test Case: TC_VALIDATION_005 - Input Validation validation check - Scenario 5 [Priority: MEDIUM]
[2026-07-24T03:48:31.597Z] INFO: Finished Test Case: TC_VALIDATION_005 - Status: PASSED (20ms)

[2026-07-24T03:48:31.597Z] INFO: Starting Test Case: TC_VALIDATION_006 - Input Validation validation check - Scenario 6 [Priority: CRITICAL]
[2026-07-24T03:48:31.639Z] INFO: Finished Test Case: TC_VALIDATION_006 - Status: PASSED (42ms)

[2026-07-24T03:48:31.639Z] INFO: Starting Test Case: TC_VALIDATION_007 - Input Validation validation check - Scenario 7 [Priority: HIGH]
[2026-07-24T03:48:31.650Z] INFO: Finished Test Case: TC_VALIDATION_007 - Status: PASSED (11ms)

[2026-07-24T03:48:31.650Z] INFO: Starting Test Case: TC_VALIDATION_008 - Input Validation validation check - Scenario 8 [Priority: HIGH]
[2026-07-24T03:48:31.664Z] INFO: Finished Test Case: TC_VALIDATION_008 - Status: PASSED (14ms)

[2026-07-24T03:48:31.664Z] INFO: Starting Test Case: TC_VALIDATION_009 - Input Validation validation check - Scenario 9 [Priority: LOW]
[2026-07-24T03:48:31.671Z] INFO: Finished Test Case: TC_VALIDATION_009 - Status: PASSED (7ms)

[2026-07-24T03:48:31.671Z] INFO: Starting Test Case: TC_VALIDATION_010 - Input Validation validation check - Scenario 10 [Priority: MEDIUM]
[2026-07-24T03:48:31.677Z] INFO: Finished Test Case: TC_VALIDATION_010 - Status: PASSED (6ms)

[2026-07-24T03:48:31.677Z] INFO: Starting Test Case: TC_VALIDATION_011 - Input Validation validation check - Scenario 11 [Priority: CRITICAL]
[2026-07-24T03:48:31.724Z] INFO: Finished Test Case: TC_VALIDATION_011 - Status: PASSED (47ms)

[2026-07-24T03:48:31.724Z] INFO: Starting Test Case: TC_VALIDATION_012 - Input Validation validation check - Scenario 12 [Priority: HIGH]
[2026-07-24T03:48:31.768Z] INFO: Finished Test Case: TC_VALIDATION_012 - Status: PASSED (44ms)

[2026-07-24T03:48:31.768Z] INFO: Starting Test Case: TC_VALIDATION_013 - Input Validation validation check - Scenario 13 [Priority: HIGH]
[2026-07-24T03:48:31.790Z] INFO: Finished Test Case: TC_VALIDATION_013 - Status: PASSED (22ms)

[2026-07-24T03:48:31.790Z] INFO: Starting Test Case: TC_VALIDATION_014 - Input Validation validation check - Scenario 14 [Priority: LOW]
[2026-07-24T03:48:31.830Z] INFO: Finished Test Case: TC_VALIDATION_014 - Status: PASSED (40ms)

[2026-07-24T03:48:31.830Z] INFO: Starting Test Case: TC_VALIDATION_015 - Input Validation validation check - Scenario 15 [Priority: MEDIUM]
[2026-07-24T03:48:31.845Z] INFO: Finished Test Case: TC_VALIDATION_015 - Status: PASSED (15ms)

[2026-07-24T03:48:31.845Z] INFO: Starting Test Case: TC_VALIDATION_016 - Input Validation validation check - Scenario 16 [Priority: CRITICAL]
[2026-07-24T03:48:31.888Z] INFO: Finished Test Case: TC_VALIDATION_016 - Status: PASSED (43ms)

[2026-07-24T03:48:31.888Z] INFO: Starting Test Case: TC_VALIDATION_017 - Input Validation validation check - Scenario 17 [Priority: HIGH]
[2026-07-24T03:48:31.911Z] INFO: Finished Test Case: TC_VALIDATION_017 - Status: PASSED (23ms)

[2026-07-24T03:48:31.911Z] INFO: Starting Test Case: TC_VALIDATION_018 - Input Validation validation check - Scenario 18 [Priority: HIGH]
[2026-07-24T03:48:31.946Z] INFO: Finished Test Case: TC_VALIDATION_018 - Status: PASSED (35ms)

[2026-07-24T03:48:31.946Z] INFO: Starting Test Case: TC_VALIDATION_019 - Input Validation validation check - Scenario 19 [Priority: LOW]
[2026-07-24T03:48:31.954Z] INFO: Finished Test Case: TC_VALIDATION_019 - Status: PASSED (8ms)

[2026-07-24T03:48:31.954Z] INFO: Starting Test Case: TC_VALIDATION_020 - Input Validation validation check - Scenario 20 [Priority: MEDIUM]
[2026-07-24T03:48:31.998Z] INFO: Finished Test Case: TC_VALIDATION_020 - Status: PASSED (44ms)

[2026-07-24T03:48:31.998Z] INFO: Starting Test Case: TC_VALIDATION_021 - Input Validation validation check - Scenario 21 [Priority: CRITICAL]
[2026-07-24T03:48:32.014Z] INFO: Finished Test Case: TC_VALIDATION_021 - Status: PASSED (16ms)

[2026-07-24T03:48:32.014Z] INFO: Starting Test Case: TC_VALIDATION_022 - Input Validation validation check - Scenario 22 [Priority: HIGH]
[2026-07-24T03:48:32.052Z] INFO: Finished Test Case: TC_VALIDATION_022 - Status: PASSED (38ms)

[2026-07-24T03:48:32.052Z] INFO: Starting Test Case: TC_VALIDATION_023 - Input Validation validation check - Scenario 23 [Priority: HIGH]
[2026-07-24T03:48:32.069Z] INFO: Finished Test Case: TC_VALIDATION_023 - Status: PASSED (17ms)

[2026-07-24T03:48:32.069Z] INFO: Starting Test Case: TC_VALIDATION_024 - Input Validation validation check - Scenario 24 [Priority: LOW]
[2026-07-24T03:48:32.093Z] INFO: Finished Test Case: TC_VALIDATION_024 - Status: PASSED (24ms)

[2026-07-24T03:48:32.093Z] INFO: Starting Test Case: TC_VALIDATION_025 - Input Validation validation check - Scenario 25 [Priority: MEDIUM]
[2026-07-24T03:48:32.126Z] INFO: Finished Test Case: TC_VALIDATION_025 - Status: PASSED (33ms)

[2026-07-24T03:48:32.126Z] INFO: Starting Test Case: TC_VALIDATION_026 - Input Validation validation check - Scenario 26 [Priority: CRITICAL]
[2026-07-24T03:48:32.149Z] INFO: Finished Test Case: TC_VALIDATION_026 - Status: PASSED (23ms)

[2026-07-24T03:48:32.149Z] INFO: Starting Test Case: TC_VALIDATION_027 - Input Validation validation check - Scenario 27 [Priority: HIGH]
[2026-07-24T03:48:32.155Z] INFO: Finished Test Case: TC_VALIDATION_027 - Status: PASSED (6ms)

[2026-07-24T03:48:32.155Z] INFO: Starting Test Case: TC_VALIDATION_028 - Input Validation validation check - Scenario 28 [Priority: HIGH]
[2026-07-24T03:48:32.174Z] INFO: Finished Test Case: TC_VALIDATION_028 - Status: PASSED (19ms)

[2026-07-24T03:48:32.174Z] INFO: Starting Test Case: TC_VALIDATION_029 - Input Validation validation check - Scenario 29 [Priority: LOW]
[2026-07-24T03:48:32.213Z] INFO: Finished Test Case: TC_VALIDATION_029 - Status: PASSED (39ms)

[2026-07-24T03:48:32.213Z] INFO: Starting Test Case: TC_VALIDATION_030 - Input Validation validation check - Scenario 30 [Priority: MEDIUM]
[2026-07-24T03:48:32.235Z] INFO: Finished Test Case: TC_VALIDATION_030 - Status: PASSED (22ms)

[2026-07-24T03:48:32.235Z] INFO: Starting Test Case: TC_ERROR_001 - Error Handling validation check - Scenario 1 [Priority: CRITICAL]
[2026-07-24T03:48:32.267Z] INFO: Finished Test Case: TC_ERROR_001 - Status: PASSED (32ms)

[2026-07-24T03:48:32.267Z] INFO: Starting Test Case: TC_ERROR_002 - Error Handling validation check - Scenario 2 [Priority: HIGH]
[2026-07-24T03:48:32.285Z] INFO: Finished Test Case: TC_ERROR_002 - Status: PASSED (18ms)

[2026-07-24T03:48:32.285Z] INFO: Starting Test Case: TC_ERROR_003 - Error Handling validation check - Scenario 3 [Priority: HIGH]
[2026-07-24T03:48:32.298Z] INFO: Finished Test Case: TC_ERROR_003 - Status: PASSED (13ms)

[2026-07-24T03:48:32.298Z] INFO: Starting Test Case: TC_ERROR_004 - Error Handling validation check - Scenario 4 [Priority: LOW]
[2026-07-24T03:48:32.340Z] INFO: Finished Test Case: TC_ERROR_004 - Status: PASSED (42ms)

[2026-07-24T03:48:32.341Z] INFO: Starting Test Case: TC_ERROR_005 - Error Handling validation check - Scenario 5 [Priority: MEDIUM]
[2026-07-24T03:48:32.348Z] INFO: Finished Test Case: TC_ERROR_005 - Status: PASSED (8ms)

[2026-07-24T03:48:32.348Z] INFO: Starting Test Case: TC_ERROR_006 - Error Handling validation check - Scenario 6 [Priority: CRITICAL]
[2026-07-24T03:48:32.381Z] INFO: Finished Test Case: TC_ERROR_006 - Status: PASSED (33ms)

[2026-07-24T03:48:32.381Z] INFO: Starting Test Case: TC_ERROR_007 - Error Handling validation check - Scenario 7 [Priority: HIGH]
[2026-07-24T03:48:32.388Z] INFO: Finished Test Case: TC_ERROR_007 - Status: PASSED (7ms)

[2026-07-24T03:48:32.389Z] INFO: Starting Test Case: TC_ERROR_008 - Error Handling validation check - Scenario 8 [Priority: HIGH]
[2026-07-24T03:48:32.395Z] INFO: Finished Test Case: TC_ERROR_008 - Status: PASSED (7ms)

[2026-07-24T03:48:32.395Z] INFO: Starting Test Case: TC_ERROR_009 - Error Handling validation check - Scenario 9 [Priority: LOW]
[2026-07-24T03:48:32.400Z] INFO: Finished Test Case: TC_ERROR_009 - Status: PASSED (5ms)

[2026-07-24T03:48:32.400Z] INFO: Starting Test Case: TC_ERROR_010 - Error Handling validation check - Scenario 10 [Priority: MEDIUM]
[2026-07-24T03:48:32.421Z] INFO: Finished Test Case: TC_ERROR_010 - Status: PASSED (21ms)

[2026-07-24T03:48:32.422Z] INFO: Starting Test Case: TC_ERROR_011 - Error Handling validation check - Scenario 11 [Priority: CRITICAL]
[2026-07-24T03:48:32.439Z] INFO: Finished Test Case: TC_ERROR_011 - Status: PASSED (18ms)

[2026-07-24T03:48:32.439Z] INFO: Starting Test Case: TC_ERROR_012 - Error Handling validation check - Scenario 12 [Priority: HIGH]
[2026-07-24T03:48:32.463Z] INFO: Finished Test Case: TC_ERROR_012 - Status: PASSED (24ms)

[2026-07-24T03:48:32.463Z] INFO: Starting Test Case: TC_ERROR_013 - Error Handling validation check - Scenario 13 [Priority: HIGH]
[2026-07-24T03:48:32.511Z] INFO: Finished Test Case: TC_ERROR_013 - Status: PASSED (48ms)

[2026-07-24T03:48:32.512Z] INFO: Starting Test Case: TC_ERROR_014 - Error Handling validation check - Scenario 14 [Priority: LOW]
[2026-07-24T03:48:32.552Z] INFO: Finished Test Case: TC_ERROR_014 - Status: PASSED (40ms)

[2026-07-24T03:48:32.552Z] INFO: Starting Test Case: TC_ERROR_015 - Error Handling validation check - Scenario 15 [Priority: MEDIUM]
[2026-07-24T03:48:32.580Z] INFO: Finished Test Case: TC_ERROR_015 - Status: PASSED (28ms)

[2026-07-24T03:48:32.580Z] INFO: Starting Test Case: TC_ERROR_016 - Error Handling validation check - Scenario 16 [Priority: CRITICAL]
[2026-07-24T03:48:32.587Z] INFO: Finished Test Case: TC_ERROR_016 - Status: PASSED (7ms)

[2026-07-24T03:48:32.587Z] INFO: Starting Test Case: TC_ERROR_017 - Error Handling validation check - Scenario 17 [Priority: HIGH]
[2026-07-24T03:48:32.595Z] INFO: Finished Test Case: TC_ERROR_017 - Status: PASSED (8ms)

[2026-07-24T03:48:32.595Z] INFO: Starting Test Case: TC_ERROR_018 - Error Handling validation check - Scenario 18 [Priority: HIGH]
[2026-07-24T03:48:32.612Z] INFO: Finished Test Case: TC_ERROR_018 - Status: PASSED (17ms)

[2026-07-24T03:48:32.612Z] INFO: Starting Test Case: TC_ERROR_019 - Error Handling validation check - Scenario 19 [Priority: LOW]
[2026-07-24T03:48:32.624Z] INFO: Finished Test Case: TC_ERROR_019 - Status: PASSED (12ms)

[2026-07-24T03:48:32.624Z] INFO: Starting Test Case: TC_ERROR_020 - Error Handling validation check - Scenario 20 [Priority: MEDIUM]
[2026-07-24T03:48:32.642Z] INFO: Finished Test Case: TC_ERROR_020 - Status: PASSED (18ms)

[2026-07-24T03:48:32.642Z] INFO: Starting Test Case: TC_ERROR_021 - Error Handling validation check - Scenario 21 [Priority: CRITICAL]
[2026-07-24T03:48:32.666Z] INFO: Finished Test Case: TC_ERROR_021 - Status: PASSED (24ms)

[2026-07-24T03:48:32.666Z] INFO: Starting Test Case: TC_ERROR_022 - Error Handling validation check - Scenario 22 [Priority: HIGH]
[2026-07-24T03:48:32.702Z] INFO: Finished Test Case: TC_ERROR_022 - Status: PASSED (36ms)

[2026-07-24T03:48:32.703Z] INFO: Starting Test Case: TC_ERROR_023 - Error Handling validation check - Scenario 23 [Priority: HIGH]
[2026-07-24T03:48:32.718Z] INFO: Finished Test Case: TC_ERROR_023 - Status: PASSED (15ms)

[2026-07-24T03:48:32.718Z] INFO: Starting Test Case: TC_ERROR_024 - Error Handling validation check - Scenario 24 [Priority: LOW]
[2026-07-24T03:48:32.760Z] INFO: Finished Test Case: TC_ERROR_024 - Status: PASSED (42ms)

[2026-07-24T03:48:32.760Z] INFO: Starting Test Case: TC_ERROR_025 - Error Handling validation check - Scenario 25 [Priority: MEDIUM]
[2026-07-24T03:48:32.795Z] INFO: Finished Test Case: TC_ERROR_025 - Status: PASSED (35ms)

[2026-07-24T03:48:32.796Z] INFO: Starting Test Case: TC_SESSION_001 - Session Management validation check - Scenario 1 [Priority: CRITICAL]
[2026-07-24T03:48:32.815Z] INFO: Finished Test Case: TC_SESSION_001 - Status: PASSED (20ms)

[2026-07-24T03:48:32.815Z] INFO: Starting Test Case: TC_SESSION_002 - Session Management validation check - Scenario 2 [Priority: HIGH]
[2026-07-24T03:48:32.831Z] INFO: Finished Test Case: TC_SESSION_002 - Status: PASSED (16ms)

[2026-07-24T03:48:32.831Z] INFO: Starting Test Case: TC_SESSION_003 - Session Management validation check - Scenario 3 [Priority: HIGH]
[2026-07-24T03:48:32.856Z] INFO: Finished Test Case: TC_SESSION_003 - Status: PASSED (25ms)

[2026-07-24T03:48:32.857Z] INFO: Starting Test Case: TC_SESSION_004 - Session Management validation check - Scenario 4 [Priority: LOW]
[2026-07-24T03:48:32.877Z] INFO: Finished Test Case: TC_SESSION_004 - Status: PASSED (20ms)

[2026-07-24T03:48:32.877Z] INFO: Starting Test Case: TC_SESSION_005 - Session Management validation check - Scenario 5 [Priority: MEDIUM]
[2026-07-24T03:48:32.901Z] INFO: Finished Test Case: TC_SESSION_005 - Status: PASSED (24ms)

[2026-07-24T03:48:32.901Z] INFO: Starting Test Case: TC_SESSION_006 - Session Management validation check - Scenario 6 [Priority: CRITICAL]
[2026-07-24T03:48:32.910Z] INFO: Finished Test Case: TC_SESSION_006 - Status: PASSED (9ms)

[2026-07-24T03:48:32.910Z] INFO: Starting Test Case: TC_SESSION_007 - Session Management validation check - Scenario 7 [Priority: HIGH]
[2026-07-24T03:48:32.956Z] INFO: Finished Test Case: TC_SESSION_007 - Status: PASSED (46ms)

[2026-07-24T03:48:32.956Z] INFO: Starting Test Case: TC_SESSION_008 - Session Management validation check - Scenario 8 [Priority: HIGH]
[2026-07-24T03:48:32.989Z] INFO: Finished Test Case: TC_SESSION_008 - Status: PASSED (33ms)

[2026-07-24T03:48:32.989Z] INFO: Starting Test Case: TC_SESSION_009 - Session Management validation check - Scenario 9 [Priority: LOW]
[2026-07-24T03:48:33.001Z] INFO: Finished Test Case: TC_SESSION_009 - Status: PASSED (12ms)

[2026-07-24T03:48:33.001Z] INFO: Starting Test Case: TC_SESSION_010 - Session Management validation check - Scenario 10 [Priority: MEDIUM]
[2026-07-24T03:48:33.013Z] INFO: Finished Test Case: TC_SESSION_010 - Status: PASSED (12ms)

[2026-07-24T03:48:33.013Z] INFO: Starting Test Case: TC_SESSION_011 - Session Management validation check - Scenario 11 [Priority: CRITICAL]
[2026-07-24T03:48:33.043Z] INFO: Finished Test Case: TC_SESSION_011 - Status: PASSED (30ms)

[2026-07-24T03:48:33.043Z] INFO: Starting Test Case: TC_SESSION_012 - Session Management validation check - Scenario 12 [Priority: HIGH]
[2026-07-24T03:48:33.089Z] INFO: Finished Test Case: TC_SESSION_012 - Status: PASSED (46ms)

[2026-07-24T03:48:33.089Z] INFO: Starting Test Case: TC_SESSION_013 - Session Management validation check - Scenario 13 [Priority: HIGH]
[2026-07-24T03:48:33.137Z] INFO: Finished Test Case: TC_SESSION_013 - Status: PASSED (48ms)

[2026-07-24T03:48:33.137Z] INFO: Starting Test Case: TC_SESSION_014 - Session Management validation check - Scenario 14 [Priority: LOW]
[2026-07-24T03:48:33.157Z] INFO: Finished Test Case: TC_SESSION_014 - Status: PASSED (20ms)

[2026-07-24T03:48:33.157Z] INFO: Starting Test Case: TC_SESSION_015 - Session Management validation check - Scenario 15 [Priority: MEDIUM]
[2026-07-24T03:48:33.205Z] INFO: Finished Test Case: TC_SESSION_015 - Status: PASSED (48ms)

[2026-07-24T03:48:33.205Z] INFO: Starting Test Case: TC_SESSION_016 - Session Management validation check - Scenario 16 [Priority: CRITICAL]
[2026-07-24T03:48:33.234Z] INFO: Finished Test Case: TC_SESSION_016 - Status: PASSED (29ms)

[2026-07-24T03:48:33.234Z] INFO: Starting Test Case: TC_SESSION_017 - Session Management validation check - Scenario 17 [Priority: HIGH]
[2026-07-24T03:48:33.239Z] INFO: Finished Test Case: TC_SESSION_017 - Status: PASSED (5ms)

[2026-07-24T03:48:33.239Z] INFO: Starting Test Case: TC_SESSION_018 - Session Management validation check - Scenario 18 [Priority: HIGH]
[2026-07-24T03:48:33.289Z] INFO: Finished Test Case: TC_SESSION_018 - Status: PASSED (50ms)

[2026-07-24T03:48:33.289Z] INFO: Starting Test Case: TC_SESSION_019 - Session Management validation check - Scenario 19 [Priority: LOW]
[2026-07-24T03:48:33.336Z] INFO: Finished Test Case: TC_SESSION_019 - Status: PASSED (47ms)

[2026-07-24T03:48:33.336Z] INFO: Starting Test Case: TC_SESSION_020 - Session Management validation check - Scenario 20 [Priority: MEDIUM]
[2026-07-24T03:48:33.382Z] INFO: Finished Test Case: TC_SESSION_020 - Status: PASSED (46ms)

[2026-07-24T03:48:33.383Z] INFO: Starting Test Case: TC_SESSION_021 - Session Management validation check - Scenario 21 [Priority: CRITICAL]
[2026-07-24T03:48:33.415Z] INFO: Finished Test Case: TC_SESSION_021 - Status: PASSED (32ms)

[2026-07-24T03:48:33.415Z] INFO: Starting Test Case: TC_SESSION_022 - Session Management validation check - Scenario 22 [Priority: HIGH]
[2026-07-24T03:48:33.433Z] INFO: Finished Test Case: TC_SESSION_022 - Status: PASSED (18ms)

[2026-07-24T03:48:33.433Z] INFO: Starting Test Case: TC_SESSION_023 - Session Management validation check - Scenario 23 [Priority: HIGH]
[2026-07-24T03:48:33.483Z] INFO: Finished Test Case: TC_SESSION_023 - Status: PASSED (50ms)

[2026-07-24T03:48:33.483Z] INFO: Starting Test Case: TC_SESSION_024 - Session Management validation check - Scenario 24 [Priority: LOW]
[2026-07-24T03:48:33.512Z] INFO: Finished Test Case: TC_SESSION_024 - Status: PASSED (29ms)

[2026-07-24T03:48:33.512Z] INFO: Starting Test Case: TC_SESSION_025 - Session Management validation check - Scenario 25 [Priority: MEDIUM]
[2026-07-24T03:48:33.526Z] INFO: Finished Test Case: TC_SESSION_025 - Status: PASSED (14ms)

[2026-07-24T03:48:33.526Z] INFO: Starting Test Case: TC_FILE_001 - File Upload validation check - Scenario 1 [Priority: CRITICAL]
[2026-07-24T03:48:33.572Z] INFO: Finished Test Case: TC_FILE_001 - Status: PASSED (46ms)

[2026-07-24T03:48:33.572Z] INFO: Starting Test Case: TC_FILE_002 - File Upload validation check - Scenario 2 [Priority: HIGH]
[2026-07-24T03:48:33.572Z] INFO: Running E2E: Large File Upload...
[2026-07-24T03:48:33.572Z] INFO: Finished Test Case: TC_FILE_002 - Status: PASSED (0ms)

[2026-07-24T03:48:33.572Z] INFO: Starting Test Case: TC_FILE_003 - File Upload validation check - Scenario 3 [Priority: HIGH]
[2026-07-24T03:48:33.595Z] INFO: Finished Test Case: TC_FILE_003 - Status: PASSED (23ms)

[2026-07-24T03:48:33.595Z] INFO: Starting Test Case: TC_FILE_004 - File Upload validation check - Scenario 4 [Priority: LOW]
[2026-07-24T03:48:33.645Z] INFO: Finished Test Case: TC_FILE_004 - Status: PASSED (50ms)

[2026-07-24T03:48:33.645Z] INFO: Starting Test Case: TC_FILE_005 - File Upload validation check - Scenario 5 [Priority: MEDIUM]
[2026-07-24T03:48:33.681Z] INFO: Finished Test Case: TC_FILE_005 - Status: PASSED (36ms)

[2026-07-24T03:48:33.681Z] INFO: Starting Test Case: TC_FILE_006 - File Upload validation check - Scenario 6 [Priority: CRITICAL]
[2026-07-24T03:48:33.691Z] INFO: Finished Test Case: TC_FILE_006 - Status: PASSED (10ms)

[2026-07-24T03:48:33.692Z] INFO: Starting Test Case: TC_FILE_007 - File Upload validation check - Scenario 7 [Priority: HIGH]
[2026-07-24T03:48:33.740Z] INFO: Finished Test Case: TC_FILE_007 - Status: PASSED (49ms)

[2026-07-24T03:48:33.740Z] INFO: Starting Test Case: TC_FILE_008 - File Upload validation check - Scenario 8 [Priority: HIGH]
[2026-07-24T03:48:33.756Z] INFO: Finished Test Case: TC_FILE_008 - Status: PASSED (16ms)

[2026-07-24T03:48:33.756Z] INFO: Starting Test Case: TC_FILE_009 - File Upload validation check - Scenario 9 [Priority: LOW]
[2026-07-24T03:48:33.783Z] INFO: Finished Test Case: TC_FILE_009 - Status: PASSED (27ms)

[2026-07-24T03:48:33.784Z] INFO: Starting Test Case: TC_FILE_010 - File Upload validation check - Scenario 10 [Priority: MEDIUM]
[2026-07-24T03:48:33.812Z] INFO: Finished Test Case: TC_FILE_010 - Status: PASSED (28ms)

[2026-07-24T03:48:33.812Z] INFO: Starting Test Case: TC_FILE_011 - File Upload validation check - Scenario 11 [Priority: CRITICAL]
[2026-07-24T03:48:33.831Z] INFO: Finished Test Case: TC_FILE_011 - Status: PASSED (19ms)

[2026-07-24T03:48:33.831Z] INFO: Starting Test Case: TC_FILE_012 - File Upload validation check - Scenario 12 [Priority: HIGH]
[2026-07-24T03:48:33.838Z] INFO: Finished Test Case: TC_FILE_012 - Status: PASSED (7ms)

[2026-07-24T03:48:33.838Z] INFO: Starting Test Case: TC_FILE_013 - File Upload validation check - Scenario 13 [Priority: HIGH]
[2026-07-24T03:48:33.867Z] INFO: Finished Test Case: TC_FILE_013 - Status: PASSED (29ms)

[2026-07-24T03:48:33.867Z] INFO: Starting Test Case: TC_FILE_014 - File Upload validation check - Scenario 14 [Priority: LOW]
[2026-07-24T03:48:33.915Z] INFO: Finished Test Case: TC_FILE_014 - Status: PASSED (48ms)

[2026-07-24T03:48:33.915Z] INFO: Starting Test Case: TC_FILE_015 - File Upload validation check - Scenario 15 [Priority: MEDIUM]
[2026-07-24T03:48:33.956Z] INFO: Finished Test Case: TC_FILE_015 - Status: PASSED (41ms)

[2026-07-24T03:48:33.957Z] INFO: Starting Test Case: TC_FILE_016 - File Upload validation check - Scenario 16 [Priority: CRITICAL]
[2026-07-24T03:48:34.003Z] INFO: Finished Test Case: TC_FILE_016 - Status: PASSED (47ms)

[2026-07-24T03:48:34.003Z] INFO: Starting Test Case: TC_FILE_017 - File Upload validation check - Scenario 17 [Priority: HIGH]
[2026-07-24T03:48:34.047Z] INFO: Finished Test Case: TC_FILE_017 - Status: PASSED (44ms)

[2026-07-24T03:48:34.047Z] INFO: Starting Test Case: TC_FILE_018 - File Upload validation check - Scenario 18 [Priority: HIGH]
[2026-07-24T03:48:34.095Z] INFO: Finished Test Case: TC_FILE_018 - Status: PASSED (48ms)

[2026-07-24T03:48:34.096Z] INFO: Starting Test Case: TC_FILE_019 - File Upload validation check - Scenario 19 [Priority: LOW]
[2026-07-24T03:48:34.101Z] INFO: Finished Test Case: TC_FILE_019 - Status: PASSED (5ms)

[2026-07-24T03:48:34.101Z] INFO: Starting Test Case: TC_FILE_020 - File Upload validation check - Scenario 20 [Priority: MEDIUM]
[2026-07-24T03:48:34.132Z] INFO: Finished Test Case: TC_FILE_020 - Status: PASSED (31ms)

[2026-07-24T03:48:34.132Z] INFO: Starting Test Case: TC_FILE_021 - File Upload validation check - Scenario 21 [Priority: CRITICAL]
[2026-07-24T03:48:34.140Z] INFO: Finished Test Case: TC_FILE_021 - Status: PASSED (8ms)

[2026-07-24T03:48:34.140Z] INFO: Starting Test Case: TC_FILE_022 - File Upload validation check - Scenario 22 [Priority: HIGH]
[2026-07-24T03:48:34.176Z] INFO: Finished Test Case: TC_FILE_022 - Status: PASSED (36ms)

[2026-07-24T03:48:34.176Z] INFO: Starting Test Case: TC_FILE_023 - File Upload validation check - Scenario 23 [Priority: HIGH]
[2026-07-24T03:48:34.210Z] INFO: Finished Test Case: TC_FILE_023 - Status: PASSED (34ms)

[2026-07-24T03:48:34.211Z] INFO: Starting Test Case: TC_FILE_024 - File Upload validation check - Scenario 24 [Priority: LOW]
[2026-07-24T03:48:34.223Z] INFO: Finished Test Case: TC_FILE_024 - Status: PASSED (13ms)

[2026-07-24T03:48:34.223Z] INFO: Starting Test Case: TC_FILE_025 - File Upload validation check - Scenario 25 [Priority: MEDIUM]
[2026-07-24T03:48:34.247Z] INFO: Finished Test Case: TC_FILE_025 - Status: PASSED (24ms)

[2026-07-24T03:48:34.247Z] INFO: Starting Test Case: TC_A11Y_001 - Accessibility validation check - Scenario 1 [Priority: CRITICAL]
[2026-07-24T03:48:34.296Z] INFO: Finished Test Case: TC_A11Y_001 - Status: PASSED (49ms)

[2026-07-24T03:48:34.296Z] INFO: Starting Test Case: TC_A11Y_002 - Accessibility validation check - Scenario 2 [Priority: HIGH]
[2026-07-24T03:48:34.322Z] INFO: Finished Test Case: TC_A11Y_002 - Status: PASSED (26ms)

[2026-07-24T03:48:34.322Z] INFO: Starting Test Case: TC_A11Y_003 - Accessibility validation check - Scenario 3 [Priority: HIGH]
[2026-07-24T03:48:34.337Z] INFO: Finished Test Case: TC_A11Y_003 - Status: PASSED (15ms)

[2026-07-24T03:48:34.337Z] INFO: Starting Test Case: TC_A11Y_004 - Accessibility validation check - Scenario 4 [Priority: LOW]
[2026-07-24T03:48:34.350Z] INFO: Finished Test Case: TC_A11Y_004 - Status: PASSED (13ms)

[2026-07-24T03:48:34.350Z] INFO: Starting Test Case: TC_A11Y_005 - Accessibility validation check - Scenario 5 [Priority: MEDIUM]
[2026-07-24T03:48:34.385Z] INFO: Finished Test Case: TC_A11Y_005 - Status: PASSED (35ms)

[2026-07-24T03:48:34.385Z] INFO: Starting Test Case: TC_A11Y_006 - Accessibility validation check - Scenario 6 [Priority: CRITICAL]
[2026-07-24T03:48:34.395Z] INFO: Finished Test Case: TC_A11Y_006 - Status: PASSED (10ms)

[2026-07-24T03:48:34.395Z] INFO: Starting Test Case: TC_A11Y_007 - Accessibility validation check - Scenario 7 [Priority: HIGH]
[2026-07-24T03:48:34.428Z] INFO: Finished Test Case: TC_A11Y_007 - Status: PASSED (33ms)

[2026-07-24T03:48:34.428Z] INFO: Starting Test Case: TC_A11Y_008 - Accessibility validation check - Scenario 8 [Priority: HIGH]
[2026-07-24T03:48:34.474Z] INFO: Finished Test Case: TC_A11Y_008 - Status: PASSED (46ms)

[2026-07-24T03:48:34.474Z] INFO: Starting Test Case: TC_A11Y_009 - Accessibility validation check - Scenario 9 [Priority: LOW]
[2026-07-24T03:48:34.485Z] INFO: Finished Test Case: TC_A11Y_009 - Status: PASSED (11ms)

[2026-07-24T03:48:34.485Z] INFO: Starting Test Case: TC_A11Y_010 - Accessibility validation check - Scenario 10 [Priority: MEDIUM]
[2026-07-24T03:48:34.493Z] INFO: Finished Test Case: TC_A11Y_010 - Status: PASSED (8ms)

[2026-07-24T03:48:34.493Z] INFO: Starting Test Case: TC_A11Y_011 - Accessibility validation check - Scenario 11 [Priority: CRITICAL]
[2026-07-24T03:48:34.529Z] INFO: Finished Test Case: TC_A11Y_011 - Status: PASSED (36ms)

[2026-07-24T03:48:34.529Z] INFO: Starting Test Case: TC_A11Y_012 - Accessibility validation check - Scenario 12 [Priority: HIGH]
[2026-07-24T03:48:34.571Z] INFO: Finished Test Case: TC_A11Y_012 - Status: PASSED (42ms)

[2026-07-24T03:48:34.571Z] INFO: Starting Test Case: TC_A11Y_013 - Accessibility validation check - Scenario 13 [Priority: HIGH]
[2026-07-24T03:48:34.581Z] INFO: Finished Test Case: TC_A11Y_013 - Status: PASSED (10ms)

[2026-07-24T03:48:34.581Z] INFO: Starting Test Case: TC_A11Y_014 - Accessibility validation check - Scenario 14 [Priority: LOW]
[2026-07-24T03:48:34.601Z] INFO: Finished Test Case: TC_A11Y_014 - Status: PASSED (20ms)

[2026-07-24T03:48:34.601Z] INFO: Starting Test Case: TC_A11Y_015 - Accessibility validation check - Scenario 15 [Priority: MEDIUM]
[2026-07-24T03:48:34.613Z] INFO: Finished Test Case: TC_A11Y_015 - Status: PASSED (12ms)

[2026-07-24T03:48:34.613Z] INFO: Starting Test Case: TC_A11Y_016 - Accessibility validation check - Scenario 16 [Priority: CRITICAL]
[2026-07-24T03:48:34.636Z] INFO: Finished Test Case: TC_A11Y_016 - Status: PASSED (23ms)

[2026-07-24T03:48:34.636Z] INFO: Starting Test Case: TC_A11Y_017 - Accessibility validation check - Scenario 17 [Priority: HIGH]
[2026-07-24T03:48:34.683Z] INFO: Finished Test Case: TC_A11Y_017 - Status: PASSED (47ms)

[2026-07-24T03:48:34.683Z] INFO: Starting Test Case: TC_A11Y_018 - Accessibility validation check - Scenario 18 [Priority: HIGH]
[2026-07-24T03:48:34.725Z] INFO: Finished Test Case: TC_A11Y_018 - Status: PASSED (42ms)

[2026-07-24T03:48:34.725Z] INFO: Starting Test Case: TC_A11Y_019 - Accessibility validation check - Scenario 19 [Priority: LOW]
[2026-07-24T03:48:34.768Z] INFO: Finished Test Case: TC_A11Y_019 - Status: PASSED (43ms)

[2026-07-24T03:48:34.768Z] INFO: Starting Test Case: TC_A11Y_020 - Accessibility validation check - Scenario 20 [Priority: MEDIUM]
[2026-07-24T03:48:34.787Z] INFO: Finished Test Case: TC_A11Y_020 - Status: PASSED (19ms)

[2026-07-24T03:48:34.787Z] INFO: Starting Test Case: TC_A11Y_021 - Accessibility validation check - Scenario 21 [Priority: CRITICAL]
[2026-07-24T03:48:34.808Z] INFO: Finished Test Case: TC_A11Y_021 - Status: PASSED (21ms)

[2026-07-24T03:48:34.808Z] INFO: Starting Test Case: TC_A11Y_022 - Accessibility validation check - Scenario 22 [Priority: HIGH]
[2026-07-24T03:48:34.837Z] INFO: Finished Test Case: TC_A11Y_022 - Status: PASSED (29ms)

[2026-07-24T03:48:34.837Z] INFO: Starting Test Case: TC_A11Y_023 - Accessibility validation check - Scenario 23 [Priority: HIGH]
[2026-07-24T03:48:34.872Z] INFO: Finished Test Case: TC_A11Y_023 - Status: PASSED (35ms)

[2026-07-24T03:48:34.872Z] INFO: Starting Test Case: TC_A11Y_024 - Accessibility validation check - Scenario 24 [Priority: LOW]
[2026-07-24T03:48:34.904Z] INFO: Finished Test Case: TC_A11Y_024 - Status: PASSED (32ms)

[2026-07-24T03:48:34.904Z] INFO: Starting Test Case: TC_A11Y_025 - Accessibility validation check - Scenario 25 [Priority: MEDIUM]
[2026-07-24T03:48:34.945Z] INFO: Finished Test Case: TC_A11Y_025 - Status: PASSED (41ms)

[2026-07-24T03:48:34.945Z] INFO: Starting Test Case: TC_RESPONSIVE_001 - Responsive Design validation check - Scenario 1 [Priority: CRITICAL]
[2026-07-24T03:48:34.973Z] INFO: Finished Test Case: TC_RESPONSIVE_001 - Status: PASSED (28ms)

[2026-07-24T03:48:34.973Z] INFO: Starting Test Case: TC_RESPONSIVE_002 - Responsive Design validation check - Scenario 2 [Priority: HIGH]
[2026-07-24T03:48:34.990Z] INFO: Finished Test Case: TC_RESPONSIVE_002 - Status: PASSED (17ms)

[2026-07-24T03:48:34.990Z] INFO: Starting Test Case: TC_RESPONSIVE_003 - Responsive Design validation check - Scenario 3 [Priority: HIGH]
[2026-07-24T03:48:35.014Z] INFO: Finished Test Case: TC_RESPONSIVE_003 - Status: PASSED (24ms)

[2026-07-24T03:48:35.014Z] INFO: Starting Test Case: TC_RESPONSIVE_004 - Responsive Design validation check - Scenario 4 [Priority: LOW]
[2026-07-24T03:48:35.048Z] INFO: Finished Test Case: TC_RESPONSIVE_004 - Status: PASSED (34ms)

[2026-07-24T03:48:35.048Z] INFO: Starting Test Case: TC_RESPONSIVE_005 - Responsive Design validation check - Scenario 5 [Priority: MEDIUM]
[2026-07-24T03:48:35.075Z] INFO: Finished Test Case: TC_RESPONSIVE_005 - Status: PASSED (27ms)

[2026-07-24T03:48:35.075Z] INFO: Starting Test Case: TC_RESPONSIVE_006 - Responsive Design validation check - Scenario 6 [Priority: CRITICAL]
[2026-07-24T03:48:35.124Z] INFO: Finished Test Case: TC_RESPONSIVE_006 - Status: PASSED (49ms)

[2026-07-24T03:48:35.124Z] INFO: Starting Test Case: TC_RESPONSIVE_007 - Responsive Design validation check - Scenario 7 [Priority: HIGH]
[2026-07-24T03:48:35.164Z] INFO: Finished Test Case: TC_RESPONSIVE_007 - Status: PASSED (40ms)

[2026-07-24T03:48:35.164Z] INFO: Starting Test Case: TC_RESPONSIVE_008 - Responsive Design validation check - Scenario 8 [Priority: HIGH]
[2026-07-24T03:48:35.171Z] INFO: Finished Test Case: TC_RESPONSIVE_008 - Status: PASSED (7ms)

[2026-07-24T03:48:35.171Z] INFO: Starting Test Case: TC_RESPONSIVE_009 - Responsive Design validation check - Scenario 9 [Priority: LOW]
[2026-07-24T03:48:35.177Z] INFO: Finished Test Case: TC_RESPONSIVE_009 - Status: PASSED (6ms)

[2026-07-24T03:48:35.177Z] INFO: Starting Test Case: TC_RESPONSIVE_010 - Responsive Design validation check - Scenario 10 [Priority: MEDIUM]
[2026-07-24T03:48:35.203Z] INFO: Finished Test Case: TC_RESPONSIVE_010 - Status: PASSED (26ms)

[2026-07-24T03:48:35.203Z] INFO: Starting Test Case: TC_RESPONSIVE_011 - Responsive Design validation check - Scenario 11 [Priority: CRITICAL]
[2026-07-24T03:48:35.248Z] INFO: Finished Test Case: TC_RESPONSIVE_011 - Status: PASSED (45ms)

[2026-07-24T03:48:35.248Z] INFO: Starting Test Case: TC_RESPONSIVE_012 - Responsive Design validation check - Scenario 12 [Priority: HIGH]
[2026-07-24T03:48:35.296Z] INFO: Finished Test Case: TC_RESPONSIVE_012 - Status: PASSED (48ms)

[2026-07-24T03:48:35.296Z] INFO: Starting Test Case: TC_RESPONSIVE_013 - Responsive Design validation check - Scenario 13 [Priority: HIGH]
[2026-07-24T03:48:35.335Z] INFO: Finished Test Case: TC_RESPONSIVE_013 - Status: PASSED (39ms)

[2026-07-24T03:48:35.335Z] INFO: Starting Test Case: TC_RESPONSIVE_014 - Responsive Design validation check - Scenario 14 [Priority: LOW]
[2026-07-24T03:48:35.367Z] INFO: Finished Test Case: TC_RESPONSIVE_014 - Status: PASSED (32ms)

[2026-07-24T03:48:35.367Z] INFO: Starting Test Case: TC_RESPONSIVE_015 - Responsive Design validation check - Scenario 15 [Priority: MEDIUM]
[2026-07-24T03:48:35.409Z] INFO: Finished Test Case: TC_RESPONSIVE_015 - Status: PASSED (42ms)

[2026-07-24T03:48:35.409Z] INFO: Starting Test Case: TC_RESPONSIVE_016 - Responsive Design validation check - Scenario 16 [Priority: CRITICAL]
[2026-07-24T03:48:35.445Z] INFO: Finished Test Case: TC_RESPONSIVE_016 - Status: PASSED (36ms)

[2026-07-24T03:48:35.445Z] INFO: Starting Test Case: TC_RESPONSIVE_017 - Responsive Design validation check - Scenario 17 [Priority: HIGH]
[2026-07-24T03:48:35.454Z] INFO: Finished Test Case: TC_RESPONSIVE_017 - Status: PASSED (9ms)

[2026-07-24T03:48:35.454Z] INFO: Starting Test Case: TC_RESPONSIVE_018 - Responsive Design validation check - Scenario 18 [Priority: HIGH]
[2026-07-24T03:48:35.473Z] INFO: Finished Test Case: TC_RESPONSIVE_018 - Status: PASSED (19ms)

[2026-07-24T03:48:35.473Z] INFO: Starting Test Case: TC_RESPONSIVE_019 - Responsive Design validation check - Scenario 19 [Priority: LOW]
[2026-07-24T03:48:35.478Z] INFO: Finished Test Case: TC_RESPONSIVE_019 - Status: PASSED (5ms)

[2026-07-24T03:48:35.478Z] INFO: Starting Test Case: TC_RESPONSIVE_020 - Responsive Design validation check - Scenario 20 [Priority: MEDIUM]
[2026-07-24T03:48:35.494Z] INFO: Finished Test Case: TC_RESPONSIVE_020 - Status: PASSED (16ms)

[2026-07-24T03:48:35.494Z] INFO: Starting Test Case: TC_RESPONSIVE_021 - Responsive Design validation check - Scenario 21 [Priority: CRITICAL]
[2026-07-24T03:48:35.522Z] INFO: Finished Test Case: TC_RESPONSIVE_021 - Status: PASSED (28ms)

[2026-07-24T03:48:35.522Z] INFO: Starting Test Case: TC_RESPONSIVE_022 - Responsive Design validation check - Scenario 22 [Priority: HIGH]
[2026-07-24T03:48:35.567Z] INFO: Finished Test Case: TC_RESPONSIVE_022 - Status: PASSED (45ms)

[2026-07-24T03:48:35.567Z] INFO: Starting Test Case: TC_RESPONSIVE_023 - Responsive Design validation check - Scenario 23 [Priority: HIGH]
[2026-07-24T03:48:35.597Z] INFO: Finished Test Case: TC_RESPONSIVE_023 - Status: PASSED (30ms)

[2026-07-24T03:48:35.597Z] INFO: Starting Test Case: TC_RESPONSIVE_024 - Responsive Design validation check - Scenario 24 [Priority: LOW]
[2026-07-24T03:48:35.640Z] INFO: Finished Test Case: TC_RESPONSIVE_024 - Status: PASSED (43ms)

[2026-07-24T03:48:35.640Z] INFO: Starting Test Case: TC_RESPONSIVE_025 - Responsive Design validation check - Scenario 25 [Priority: MEDIUM]
[2026-07-24T03:48:35.684Z] INFO: Finished Test Case: TC_RESPONSIVE_025 - Status: PASSED (44ms)

[2026-07-24T03:48:35.684Z] INFO: Starting Test Case: TC_PERF_001 - Performance Smoke validation check - Scenario 1 [Priority: CRITICAL]
[2026-07-24T03:48:35.709Z] INFO: Finished Test Case: TC_PERF_001 - Status: PASSED (25ms)

[2026-07-24T03:48:35.709Z] INFO: Starting Test Case: TC_PERF_002 - Performance Smoke validation check - Scenario 2 [Priority: HIGH]
[2026-07-24T03:48:35.750Z] INFO: Finished Test Case: TC_PERF_002 - Status: PASSED (41ms)

[2026-07-24T03:48:35.750Z] INFO: Starting Test Case: TC_PERF_003 - Performance Smoke validation check - Scenario 3 [Priority: HIGH]
[2026-07-24T03:48:35.783Z] INFO: Finished Test Case: TC_PERF_003 - Status: PASSED (33ms)

[2026-07-24T03:48:35.784Z] INFO: Starting Test Case: TC_PERF_004 - Performance Smoke validation check - Scenario 4 [Priority: LOW]
[2026-07-24T03:48:35.807Z] INFO: Finished Test Case: TC_PERF_004 - Status: PASSED (24ms)

[2026-07-24T03:48:35.807Z] INFO: Starting Test Case: TC_PERF_005 - Performance Smoke validation check - Scenario 5 [Priority: MEDIUM]
[2026-07-24T03:48:35.840Z] INFO: Finished Test Case: TC_PERF_005 - Status: PASSED (33ms)

[2026-07-24T03:48:35.840Z] INFO: Starting Test Case: TC_PERF_006 - Performance Smoke validation check - Scenario 6 [Priority: CRITICAL]
[2026-07-24T03:48:35.875Z] INFO: Finished Test Case: TC_PERF_006 - Status: PASSED (35ms)

[2026-07-24T03:48:35.876Z] INFO: Starting Test Case: TC_PERF_007 - Performance Smoke validation check - Scenario 7 [Priority: HIGH]
[2026-07-24T03:48:35.912Z] INFO: Finished Test Case: TC_PERF_007 - Status: PASSED (36ms)

[2026-07-24T03:48:35.912Z] INFO: Starting Test Case: TC_PERF_008 - Performance Smoke validation check - Scenario 8 [Priority: HIGH]
[2026-07-24T03:48:35.940Z] INFO: Finished Test Case: TC_PERF_008 - Status: PASSED (28ms)

[2026-07-24T03:48:35.940Z] INFO: Starting Test Case: TC_PERF_009 - Performance Smoke validation check - Scenario 9 [Priority: LOW]
[2026-07-24T03:48:35.955Z] INFO: Finished Test Case: TC_PERF_009 - Status: PASSED (15ms)

[2026-07-24T03:48:35.955Z] INFO: Starting Test Case: TC_PERF_010 - Performance Smoke validation check - Scenario 10 [Priority: MEDIUM]
[2026-07-24T03:48:35.998Z] INFO: Finished Test Case: TC_PERF_010 - Status: PASSED (43ms)

[2026-07-24T03:48:35.998Z] INFO: Starting Test Case: TC_PERF_011 - Performance Smoke validation check - Scenario 11 [Priority: CRITICAL]
[2026-07-24T03:48:36.038Z] INFO: Finished Test Case: TC_PERF_011 - Status: PASSED (40ms)

[2026-07-24T03:48:36.038Z] INFO: Starting Test Case: TC_PERF_012 - Performance Smoke validation check - Scenario 12 [Priority: HIGH]
[2026-07-24T03:48:36.069Z] INFO: Finished Test Case: TC_PERF_012 - Status: PASSED (31ms)

[2026-07-24T03:48:36.069Z] INFO: Starting Test Case: TC_PERF_013 - Performance Smoke validation check - Scenario 13 [Priority: HIGH]
[2026-07-24T03:48:36.093Z] INFO: Finished Test Case: TC_PERF_013 - Status: PASSED (24ms)

[2026-07-24T03:48:36.093Z] INFO: Starting Test Case: TC_PERF_014 - Performance Smoke validation check - Scenario 14 [Priority: LOW]
[2026-07-24T03:48:36.102Z] INFO: Finished Test Case: TC_PERF_014 - Status: PASSED (9ms)

[2026-07-24T03:48:36.102Z] INFO: Starting Test Case: TC_PERF_015 - Performance Smoke validation check - Scenario 15 [Priority: MEDIUM]
[2026-07-24T03:48:36.138Z] INFO: Finished Test Case: TC_PERF_015 - Status: PASSED (36ms)

[2026-07-24T03:48:36.138Z] INFO: Starting Test Case: TC_PERF_016 - Performance Smoke validation check - Scenario 16 [Priority: CRITICAL]
[2026-07-24T03:48:36.172Z] INFO: Finished Test Case: TC_PERF_016 - Status: PASSED (34ms)

[2026-07-24T03:48:36.172Z] INFO: Starting Test Case: TC_PERF_017 - Performance Smoke validation check - Scenario 17 [Priority: HIGH]
[2026-07-24T03:48:36.187Z] INFO: Finished Test Case: TC_PERF_017 - Status: PASSED (15ms)

[2026-07-24T03:48:36.187Z] INFO: Starting Test Case: TC_PERF_018 - Performance Smoke validation check - Scenario 18 [Priority: HIGH]
[2026-07-24T03:48:36.227Z] INFO: Finished Test Case: TC_PERF_018 - Status: PASSED (40ms)

[2026-07-24T03:48:36.227Z] INFO: Starting Test Case: TC_PERF_019 - Performance Smoke validation check - Scenario 19 [Priority: LOW]
[2026-07-24T03:48:36.267Z] INFO: Finished Test Case: TC_PERF_019 - Status: PASSED (40ms)

[2026-07-24T03:48:36.267Z] INFO: Starting Test Case: TC_PERF_020 - Performance Smoke validation check - Scenario 20 [Priority: MEDIUM]
[2026-07-24T03:48:36.280Z] INFO: Finished Test Case: TC_PERF_020 - Status: PASSED (13ms)

[2026-07-24T03:48:36.280Z] INFO: Starting Test Case: TC_PERF_021 - Performance Smoke validation check - Scenario 21 [Priority: CRITICAL]
[2026-07-24T03:48:36.326Z] INFO: Finished Test Case: TC_PERF_021 - Status: PASSED (46ms)

[2026-07-24T03:48:36.326Z] INFO: Starting Test Case: TC_PERF_022 - Performance Smoke validation check - Scenario 22 [Priority: HIGH]
[2026-07-24T03:48:36.353Z] INFO: Finished Test Case: TC_PERF_022 - Status: PASSED (27ms)

[2026-07-24T03:48:36.353Z] INFO: Starting Test Case: TC_PERF_023 - Performance Smoke validation check - Scenario 23 [Priority: HIGH]
[2026-07-24T03:48:36.399Z] INFO: Finished Test Case: TC_PERF_023 - Status: PASSED (46ms)

[2026-07-24T03:48:36.399Z] INFO: Starting Test Case: TC_PERF_024 - Performance Smoke validation check - Scenario 24 [Priority: LOW]
[2026-07-24T03:48:36.419Z] INFO: Finished Test Case: TC_PERF_024 - Status: PASSED (20ms)

[2026-07-24T03:48:36.419Z] INFO: Starting Test Case: TC_PERF_025 - Performance Smoke validation check - Scenario 25 [Priority: MEDIUM]
[2026-07-24T03:48:36.452Z] INFO: Finished Test Case: TC_PERF_025 - Status: PASSED (33ms)

[2026-07-24T03:48:36.452Z] INFO: Starting Test Case: TC_REGR_001 - Regression validation check - Scenario 1 [Priority: CRITICAL]
[2026-07-24T03:48:36.476Z] INFO: Finished Test Case: TC_REGR_001 - Status: PASSED (24ms)

[2026-07-24T03:48:36.476Z] INFO: Starting Test Case: TC_REGR_002 - Regression validation check - Scenario 2 [Priority: HIGH]
[2026-07-24T03:48:36.482Z] INFO: Finished Test Case: TC_REGR_002 - Status: PASSED (6ms)

[2026-07-24T03:48:36.482Z] INFO: Starting Test Case: TC_REGR_003 - Regression validation check - Scenario 3 [Priority: HIGH]
[2026-07-24T03:48:36.523Z] INFO: Finished Test Case: TC_REGR_003 - Status: PASSED (41ms)

[2026-07-24T03:48:36.523Z] INFO: Starting Test Case: TC_REGR_004 - Regression validation check - Scenario 4 [Priority: LOW]
[2026-07-24T03:48:36.534Z] INFO: Finished Test Case: TC_REGR_004 - Status: PASSED (11ms)

[2026-07-24T03:48:36.534Z] INFO: Starting Test Case: TC_REGR_005 - Regression validation check - Scenario 5 [Priority: MEDIUM]
[2026-07-24T03:48:36.554Z] INFO: Finished Test Case: TC_REGR_005 - Status: PASSED (20ms)

[2026-07-24T03:48:36.554Z] INFO: Starting Test Case: TC_REGR_006 - Regression validation check - Scenario 6 [Priority: CRITICAL]
[2026-07-24T03:48:36.592Z] INFO: Finished Test Case: TC_REGR_006 - Status: PASSED (38ms)

[2026-07-24T03:48:36.592Z] INFO: Starting Test Case: TC_REGR_007 - Regression validation check - Scenario 7 [Priority: HIGH]
[2026-07-24T03:48:36.613Z] INFO: Finished Test Case: TC_REGR_007 - Status: PASSED (21ms)

[2026-07-24T03:48:36.613Z] INFO: Starting Test Case: TC_REGR_008 - Regression validation check - Scenario 8 [Priority: HIGH]
[2026-07-24T03:48:36.650Z] INFO: Finished Test Case: TC_REGR_008 - Status: PASSED (37ms)

[2026-07-24T03:48:36.650Z] INFO: Starting Test Case: TC_REGR_009 - Regression validation check - Scenario 9 [Priority: LOW]
[2026-07-24T03:48:36.691Z] INFO: Finished Test Case: TC_REGR_009 - Status: PASSED (41ms)

[2026-07-24T03:48:36.691Z] INFO: Starting Test Case: TC_REGR_010 - Regression validation check - Scenario 10 [Priority: MEDIUM]
[2026-07-24T03:48:36.717Z] INFO: Finished Test Case: TC_REGR_010 - Status: PASSED (26ms)

[2026-07-24T03:48:36.717Z] INFO: Starting Test Case: TC_REGR_011 - Regression validation check - Scenario 11 [Priority: CRITICAL]
[2026-07-24T03:48:36.723Z] INFO: Finished Test Case: TC_REGR_011 - Status: PASSED (6ms)

[2026-07-24T03:48:36.723Z] INFO: Starting Test Case: TC_REGR_012 - Regression validation check - Scenario 12 [Priority: HIGH]
[2026-07-24T03:48:36.732Z] INFO: Finished Test Case: TC_REGR_012 - Status: PASSED (9ms)

[2026-07-24T03:48:36.732Z] INFO: Starting Test Case: TC_REGR_013 - Regression validation check - Scenario 13 [Priority: HIGH]
[2026-07-24T03:48:36.761Z] INFO: Finished Test Case: TC_REGR_013 - Status: PASSED (29ms)

[2026-07-24T03:48:36.761Z] INFO: Starting Test Case: TC_REGR_014 - Regression validation check - Scenario 14 [Priority: LOW]
[2026-07-24T03:48:36.781Z] INFO: Finished Test Case: TC_REGR_014 - Status: PASSED (20ms)

[2026-07-24T03:48:36.781Z] INFO: Starting Test Case: TC_REGR_015 - Regression validation check - Scenario 15 [Priority: MEDIUM]
[2026-07-24T03:48:36.787Z] INFO: Finished Test Case: TC_REGR_015 - Status: PASSED (6ms)

[2026-07-24T03:48:36.787Z] INFO: Starting Test Case: TC_REGR_016 - Regression validation check - Scenario 16 [Priority: CRITICAL]
[2026-07-24T03:48:36.824Z] INFO: Finished Test Case: TC_REGR_016 - Status: PASSED (37ms)

[2026-07-24T03:48:36.824Z] INFO: Starting Test Case: TC_REGR_017 - Regression validation check - Scenario 17 [Priority: HIGH]
[2026-07-24T03:48:36.841Z] INFO: Finished Test Case: TC_REGR_017 - Status: PASSED (17ms)

[2026-07-24T03:48:36.841Z] INFO: Starting Test Case: TC_REGR_018 - Regression validation check - Scenario 18 [Priority: HIGH]
[2026-07-24T03:48:36.872Z] INFO: Finished Test Case: TC_REGR_018 - Status: PASSED (31ms)

[2026-07-24T03:48:36.872Z] INFO: Starting Test Case: TC_REGR_019 - Regression validation check - Scenario 19 [Priority: LOW]
[2026-07-24T03:48:36.877Z] INFO: Finished Test Case: TC_REGR_019 - Status: PASSED (5ms)

[2026-07-24T03:48:36.877Z] INFO: Starting Test Case: TC_REGR_020 - Regression validation check - Scenario 20 [Priority: MEDIUM]
[2026-07-24T03:48:36.910Z] INFO: Finished Test Case: TC_REGR_020 - Status: PASSED (33ms)

[2026-07-24T03:48:36.910Z] INFO: Starting Test Case: TC_REGR_021 - Regression validation check - Scenario 21 [Priority: CRITICAL]
[2026-07-24T03:48:36.936Z] INFO: Finished Test Case: TC_REGR_021 - Status: PASSED (26ms)

[2026-07-24T03:48:36.936Z] INFO: Starting Test Case: TC_REGR_022 - Regression validation check - Scenario 22 [Priority: HIGH]
[2026-07-24T03:48:36.945Z] INFO: Finished Test Case: TC_REGR_022 - Status: PASSED (9ms)

[2026-07-24T03:48:36.945Z] INFO: Starting Test Case: TC_REGR_023 - Regression validation check - Scenario 23 [Priority: HIGH]
[2026-07-24T03:48:36.965Z] INFO: Finished Test Case: TC_REGR_023 - Status: PASSED (20ms)

[2026-07-24T03:48:36.965Z] INFO: Starting Test Case: TC_REGR_024 - Regression validation check - Scenario 24 [Priority: LOW]
[2026-07-24T03:48:36.999Z] INFO: Finished Test Case: TC_REGR_024 - Status: PASSED (34ms)

[2026-07-24T03:48:36.999Z] INFO: Starting Test Case: TC_REGR_025 - Regression validation check - Scenario 25 [Priority: MEDIUM]
[2026-07-24T03:48:37.022Z] INFO: Finished Test Case: TC_REGR_025 - Status: PASSED (23ms)

[2026-07-24T03:48:37.022Z] INFO: Starting Test Case: TC_REGR_026 - Regression validation check - Scenario 26 [Priority: CRITICAL]
[2026-07-24T03:48:37.067Z] INFO: Finished Test Case: TC_REGR_026 - Status: PASSED (45ms)

[2026-07-24T03:48:37.067Z] INFO: Starting Test Case: TC_REGR_027 - Regression validation check - Scenario 27 [Priority: HIGH]
[2026-07-24T03:48:37.105Z] INFO: Finished Test Case: TC_REGR_027 - Status: PASSED (38ms)

[2026-07-24T03:48:37.105Z] INFO: Starting Test Case: TC_REGR_028 - Regression validation check - Scenario 28 [Priority: HIGH]
[2026-07-24T03:48:37.131Z] INFO: Finished Test Case: TC_REGR_028 - Status: PASSED (26ms)

[2026-07-24T03:48:37.131Z] INFO: Starting Test Case: TC_REGR_029 - Regression validation check - Scenario 29 [Priority: LOW]
[2026-07-24T03:48:37.152Z] INFO: Finished Test Case: TC_REGR_029 - Status: PASSED (21ms)

[2026-07-24T03:48:37.152Z] INFO: Starting Test Case: TC_REGR_030 - Regression validation check - Scenario 30 [Priority: MEDIUM]
[2026-07-24T03:48:37.160Z] INFO: Finished Test Case: TC_REGR_030 - Status: PASSED (8ms)

[2026-07-24T03:48:37.160Z] INFO: Closing Chrome driver session...
[2026-07-24T03:48:37.163Z] INFO: Browser logs saved successfully to: /home/runner/work/pddtesting/pddtesting/automation/reports/Logs/browser-console.log
[2026-07-24T03:48:37.216Z] INFO: Session closed.
[2026-07-24T03:48:37.216Z] INFO: E2E suite execution finished. Total duration: 41.25s
[2026-07-24T03:48:37.217Z] INFO: Generating Excel automation reports...
[2026-07-24T03:48:37.410Z] INFO: Master Excel report written to: /home/runner/work/pddtesting/pddtesting/automation/reports/Excel/Automation_Test_Report.xlsx
[2026-07-24T03:48:37.559Z] INFO: Excel report generation completed successfully!
[2026-07-24T03:48:37.559Z] INFO: Generating HTML automation reports...
[2026-07-24T03:48:37.562Z] INFO: HTML Reports successfully written to: /home/runner/work/pddtesting/pddtesting/automation/reports/HTML
[2026-07-24T03:48:37.563Z] INFO: JSON report generated at: /home/runner/work/pddtesting/pddtesting/automation/reports/JSON/execution-results.json
[2026-07-24T03:48:37.564Z] INFO: Markdown step summary generated at: /home/runner/work/pddtesting/pddtesting/automation/reports/Summary/summary.md
[2026-07-24T03:48:37.564Z] INFO: Final Metrics -> Total: 400, Passed: 396, Pass Rate: 99.00%
[2026-07-24T03:48:37.564Z] INFO: Critical Tests -> Total: 81, Failed: 2, Critical Fail Rate: 2.47%
[2026-07-24T03:48:37.564Z] INFO: Execution Passed: All criteria (Pass Rate >= 95% and Critical Fail Rate <= 5%) met successfully!
